Md, Hhd, Hhd, Md, Md^Xm, Md, Md, Md, Md, Md^Xm, Md, Md, Md, Md, Md, Md, Md^Xm, Md, Md, Md, Md^Xm, Md, Md, Md^Xm, Md, Md, Hhd, Md, Md^Xm, Md, Md, Md, Md, Md, Md, Md, Md, Md, Hhd, Hhd, Hhd, Hhd, Hd, Dd, Dd, Dd^Ftd, Dd, Dd, Dd, Dd, Hd, Dd
Hhd, Md, Md, Md, Md, Md^Xm, Md^Xm, Md, Md, Md, Md, Md^Xm, Md^Xm, Md, Hhd, Md, Md, Md^Xm, Md^Xm, Md, Md, Md^Xm, Md^Xm, Md, Hhd, Hhd, Md^Xm, Md^Xm, Md, Md, Md, Md^Xm, Md^Xm, Md, Md, Md, Md, Md, Md^Xo, Md^Xm, Md, Hhd, Hd, Dd, Dd, Dd^Ftd, Hd, Dd, Ce, Dd, Dd^Edp, Dd^Ftd
Md, Hhd, Md, Md^Xm, Md^Xm, Md, Md, Md, Hhd, Hhd, Md^Xm, Md, Md, Md^Xm, Md, Hhd, Hhd, Md, Md, Md, Hhd, Md, Md, Md, Hhd, Md, Md, Md, Md, Md, Md^Xm, Md, Md, Md^Xm, Md^Xo, Md, Md^Xo, Md^Xo, Hhd, Md, Hd, Hd, Dd^Ftd, Dd, Dd^Vdt, Dd^Vdt, Dd^Esd, Ce, 1 Ke, Ce, Dd, Dd^Dc
Hhd, Md, Md, Md, Md, Md^Xm, Md, Hhd, Md^Xm, Md, Md, Md^Xm, Md^Xm, Md, Md, Md^Xm, Md^Xm, Hhd, Hhd, Hhd, Md^Xm, Hhd, Hhd, Hhd, Md, Md^Xm, Md^Xm, Md, Md, Md, Hhd, Md^Xm, Md^Xm, Md^Xo, Hhd, Md^Xo, Hd, Hhd, Dd^Esd, Hhd, Dd, Dd, Dd, Dd, Dd, Dd^Ecf, Dd, Ce, Ce, Ce, Dd, Dd
Hhd, Hhd, Hhd, Hhd, Md^Xm, Md, Hhd, Md, Md, Md^Xm, Md^Xm, Md, Md, Md, Md^Xm, Md, Md, Md^Xm, Md, Md, Md, Md^Xm, Md^Xm, Hhd, Hhd, Md, Md, Md^Xm, Md, Hhd, Md^Xm, Hhd^Xo, Hd, Hhd, Hd, Hd, Dd^Ftd, Dd^Edp, Hd, Dd^Do, Dd, Dd, Hd, Dd, Dd, Dd^Dc, Dd^Ftd, Dd^Esd, Dd^Ftd, Dd, Dd^Vdt, Dd
Hhd, Hhd, Md, Md, Md, Md^Xm, Md^Xm, Hhd, Hhd, Md, Md, Md, Md^Xm, Md^Xm, Md, Hhd, Hhd, Md, Hhd, Hhd, Md^Xm, Md, Md, Md, Md, Md^Xm, Md, Md, Md^Xm, Md^Xm, Md^Xo, Md^Xo, Hd, Hd, Dd, Dd^Esd, Dd^Edp, Dd^Ftd, Dd, Dd, Dd, Dd, Dd^Edp, Dd, Dd, Dd^Vdt, Dd, Hd, Dd^Ftd, Dd^Ecf, Dd^Ftd, Dd
Md, Md^Xm, Md, Md, Md, Md, Md, Md, Md^Xm, Hhd, Md, Md^Xm, Md, Md, Md^Xm, Hhd, Md, Md^Xm, Md^Xm, Md, Md, Md^Xm, Md^Xm, Hhd, Hhd, Md, Hhd^Xo, Md^Xo, Md^Xo, Md^Xo, Hd, Hd, Dd, Dd^Ftd, Dd, Dd, Dd^Edp, Dd, Dd, Dd, Dd^Esd, Dd, Hd, Dd, Dd, Dd^Ecf, Hd, Dd, Dd, Dd^Edpp, Dd, Dd
Md, Md, Md, Md^Xm, Md^Xm, Hhd, Hhd, Md, Md, Md^Xm, Md^Xm, Md, Md, Md, Md, Md^Xm, Md^Xm, Md, Md, Md^Xm, Md, Md, Md, Md, Md^Xo, Hhd^Xo, Hd, Hd, Hhd, Hhd, Dd, Dd, Dd^Ftd, Dd, Dd, Dd^Esd, Dd, Dd^Esd, Dd, Dd, Hd, Dd, Dd, Dd, Dd, Dd^Esd, Dd^Ftd, Dd, Dd^Esd, Dd, Dd, Dd^Dc
Md, Md^Xm, Md^Xm, Md, Md, Md^Xm, Md, Hhd, Md, Md, Md, Md, Hhd, Md, Md, Md, Md, Md, Hhd, Md, Md, Hhd, Md^Xo, Md^Xo, Hhd, Hd, Hd, Hd, Dd, Dd, Dd^Ftd, Dd^Do, Dd, Dd^Ftd, Dd, Dd, Dd, Dd, Dd, Dd^Edpp, Dd^Edpp, Dd, Dd, Dd, Dd, Hd, Dd, Hd, Dd^Ftd, Dd, Dd^Ftd, Dd^Ftd
Md, Md, Md, Md^Xm, Md, Md, Md, Md^Xm, Md^Xm, Md, Md, Hhd, Md, Md^Xm, Md^Xm, Hhd, Hhd, Hhd, Md^Xo, Md^Xo, Md^Xo, Md^Xm, Md^Xo, Hd, Hhd, Hhd, Dd^Esd, Dd, Dd^Edpp, Dd, Dd, Hd, Dd, Hd, Dd^Edp, Dd^Esd, Dd, Dd, Hd, Hd, Dd, Dd, Hd, Dd^Ftd, Hd, Dd^Esd, Dd, Dd, Dd, Dd^Ftd, Dd, Dd
Md, Md^Xm, Md, Md, Md, Md^Xm, Md^Xm, Md, Md, Md^Xm, Md^Xo, Md^Xo, Md^Xo, Md, Md, Md^Xm, Md^Xo, Hhd^Xo, Hhd, Hhd, Hhd, Md^Xo, Hd, Hd, Dd, Dd^Edp, Dd, Dd, Dd^Dc, Dd, Dd^Edp, Dd, Dd, Dd, Dd, Dd, Dd^Ftd, Dd, Dd^Do, Dd, Dd, Dd, Dd^Edpp, Dd, Hd, Dd^Edp, Dd^Edp, Dd, Dd^Ftd, Dd, Dd^Edpp, Dd^Ftd
Hhd, Md, Md, Md^Xm, Md^Xm, Md, Md, Md^Xm, Md^Xo, Md^Xo, Hhd, Hhd, Md^Xo, Md, Md, Md^Xo, Hhd, Hhd, Md, Md, Hhd, Hd, Hhd, Hhd, Dd^Ftd, Hd, Dd^Do, Dd, Hd, Dd, Dd, Dd, Dd, Dd^Ftd, Dd^Edpp, Dd, Dd^Edp, Dd^Do, Dd, Dd^Edp, Dd^Edpp, Dd, Dd, Dd, Dd, Dd, Dd, Dd^Do, Dd, Dd^Edp, Dd, Dd^Do
Hhd, Md, Md, Md, Md^Xo, Md^Xm, Md^Xo, Md^Xo, Hhd, Hd, Hd, Hhd, Md^Xo, Md, Md^Xo, Md^Xo, Md, Md, Hhd, Hhd, Hd, Hd, Dd, Dd, Dd, Dd^Edpp, Dd, Dd^Esd, Dd^Esd, Dd^Esd, Hd, Dd^Edp, Dd, Hd, Dd^Do, Dd, Dd^Ftd, Dd, Dd^Edp, Dd^Ftd, Dd, Dd^Ftd, Dd, Dd, Dd, Dd, Dd, Dd, Dd, Dd^Dc, Dd, Dd^Ftd
Hhd, Hhd, Md^Xo, Md^Xo, Hhd, Md^Xo, Hd, Hhd, Hd, Hd, Hd, Hhd, Hhd, Md^Xo, Md, Hhd, Hhd, Hhd, Hd, Hd, Dd, Dd, Dd^Ftd, Hd, Dd, Dd, Dd, Dd^Dc, Dd^Edp, Dd^Ftd, Dd, Dd, Dd, Dd^Ftd, Dd^Edp, Dd, Dd, Dd, Dd^Ftd, Dd, Dd, Dd, Dd, Dd, Dd^Do, Dd, Dd^Esd, Dd, Dd, Dd, Dd^Dc, Dd
Md, Md^Xo, Hd, Hhd, Hd, Hd, Dd, Dd, Hd, Hhd, Dd, Hd, Hd, Hd, Hd, Hhd, Hd, Hd, Dd, Dd, Dd, Dd^Ftd, Dd, Dd, Dd, Hd, Dd, Dd^Ftd, Dd, Dd, Dd^Ftd, Dd, Dd, Dd^Edp, Dd, Dd, Dd^Ftd, Dd, Dd^Ftd, Dd^Edpp, Dd, Dd, Dd^Ftd, Dd^Ftd, Dd, Dd^Ftd, Dd^Dc, Dd^Edp, Dd^Edp, Dd, Dd, Dd
Hhd, Hd, Dd, Dd^Edp, Hd, Dd^Ftd, Dd, Hd, Dd^Edp, Dd, Dd, Dd, Dd^Edp, Hhd, Hhd, Hd, Dd, Dd^Ftd, Dd^Edpp, Dd, Dd, Dd, Dd^Dc, Dd^Ftd, Dd, Dd, Dd, Dd, Dd, Dd, Dd, Dd, Dd, Dd, Dd^Ftd, Dd^Edp, Dd, Dd, Dd, Dd, Dd, Dd, Dd, Dd, Hd, Dd^Ftd, Dd, Dd, Dd, Dd, Dd, Dd
Dd^Edpp, Dd, Dd, Dd, Dd^Ftd, Dd, Dd, Dd, Dd^Dc, Dd^Edpp, Dd^Ftd, Dd^Esd, Dd, Dd, Hd, Dd, Dd, Dd, Dd, Dd^Ftd, Dd^Ftd, Dd^Edpp, Dd, Dd, Hd, Dd^Dc, Dd, Dd, Dd, Dd^Dc, Dd^Ftd, Dd, Dd, Dd^Ftd, Hd, Dd, Dd^Ftd, Dd, Dd, Dd^Edp, Dd^Ftd, Dd, Dd, Dd, Dd^Dc, Dd, Dd, Dd^Ftd, Dd, Hd, Dd, Dd
Dd, Dd, Hd, Dd, Dd, Dd^Edp, Dd, Dd^Ftd, Dd, Dd, Dd^Edpp, Hd, Dd, Dd, Dd^Ftd, Dd^Edpp, Dd, Hd, Dd, Dd, Dd^Dc, Dd^Ftd, Dd^Edpp, Dd^Ftd, Dd^Edpp, Dd^Do, Hd, Dd, Dd, Dd, Hd, Hd, Dd^Edp, Dd, Dd, Dd^Do, Dd, Dd, Dd^Ftd, Dd, Dd^Edp, Dd^Ftd, Dd^Ftd, Dd, Dd, Dd, Dd, Dd, Dd, Dd, Hd, Dd
Dd, Dd, Dd^Edp, Dd^Esd, Dd^Ftd, Dd, Dd, Dd, Dd, Dd, Dd^Ftd, Dd^Ftd, Dd, Dd^Edpp, Dd, Hd, Dd, Dd^Ftd, Hd, Dd, Hd, Dd, Dd, Dd, Dd^Edpp, Dd, Dd^Ftd, Dd^Edpp, Dd^Dc, Dd, Dd, Dd, Dd, Dd, Dd, Dd, Hd, Dd^Edpp, Dd^Edpp, Dd, Dd^Ftd, Dd, Dd, Dd, Dd, Dd, Dd, Dd, Dd, Dd, Dd, Dd^Edpp
Dd, Dd^Ftd, Dd, Dd^Edp, Hd, Hd, Dd, Dd, Dd^Ftd, Hd, Dd^Esd, Dd^Edp, Dd, Dd^Ftd, Dd, Dd^Edp, Hd, Dd, Dd, Dd, Dd, Dd^Ftd, Dd, Dd, Dd, Dd, Dd^Esd, Dd, Dd, Dd^Edpp, Dd^Edpp, Dd, Dd, Dd^Do, Dd^Edp, Dd, Dd, Dd, Dd, Dd, Hd, Dd^Edp, Dd^Edpp, Dd, Dd, Dd^Dc, Dd^Edp, Dd^Edp, Dd^Ftd, Dd, Dd, Dd
Dd, Dd^Edp, Dd^Edpp, Dd, Dd^Ftd, Dd^Edpp, Dd^Edp, Dd^Edp, Dd^Ftd, Dd, Dd, Dd^Ftd, Dd^Ftd, Dd, Dd, Dd^Do, Dd, Dd^Esd, Dd^Ftd, Dd, Dd^Do, Dd, Dd^Ftd, Dd, Dd, Dd, Dd, Hd, Dd, Dd, Dd, Dd, Dd, Hd, Dd, Dd^Ftd, Dd, Dd, Dd, Hd, Dd^Edpp, Dd^Edpp, Hd, Hd, Dd, Dd, Hd, Hd, Dd^Ftd, Dd^Ftd, Dd, Dd^Edpp
Dd, Dd^Edpp, Dd, Dd, Dd, Dd, Dd, Hd, Dd, Dd, Hd, Dd, Dd, Hd, Dd, Dd^Edp, Hd, Dd, Dd, Dd, Dd, Dd, Dd, Dd, Dd^Do, Dd, Dd, Dd, Hd, Dd, Dd, Dd, Dd, Dd^Ftd, Dd, Dd^Edp, Dd^Ftd, Dd^Edp, Dd, Dd, Dd^Ftd, Dd, Dd, Dd, Dd, Dd^Do, Dd, Dd^Do, Dd, Dd, Dd, Dd
Hd, Dd, Dd, Dd^Do, Dd^Dc, Dd, Dd, Dd, Dd^Ftd, Dd^Do, Hd, Dd^Esd, Dd, Dd, Dd, Dd, Dd, Dd^Ftd, Hd, Dd, Dd^Ftd, Dd^Ftd, Dd, Dd^Ftd, Dd, Dd, Dd, Dd, Dd^Dc, Dd, Dd, Hd, Dd, Dd^Ftd, Dd^Dc, Dd^Ftd, Dd, Dd, Dd, Dd, Hd, Dd, Dd^Esd, Dd, Hd, Dd^Edpp, Dd, Dd^Edpp, Dd, Dd, Dd^Ftd, Dd
Dd^Ftd, Dd, Dd, Dd, Dd, Dd^Esd, Dd, Dd, Dd, Dd, Dd^Ftd, Dd, Dd^Do, Hd, Dd, Dd, Dd, Dd, Dd^Ftd, Dd, Dd^Do, Hd, Dd^Dc, Hd, Hd, Dd^Edp, Dd, Dd, Dd, Dd, Dd, Dd, Dd^Ftd, Dd, Dd, Dd, Dd, Dd, Hd, Dd^Ftd, Dd^Ftd, Dd, Dd, Dd, Dd^Ftd, Dd^Ftd, Hd, Hd, Dd, Dd, Dd, Dd
Hd, Dd, Hd, Dd^Ftd, Dd^Edp, Dd^Edp, Dd, Dd^Edpp, Dd, Dd^Ftd, Dd^Ftd, Hd, Dd, Dd^Dc, Dd^Ftd, Dd^Edp, Hd, Dd^Edp, Dd^Ftd, Dd, Dd, Dd, Dd, Dd, Dd, Dd, Dd, Dd, Dd^Ftd, Hd, Mdd, Dd^Esd, Dd, Dd, Dd^Ftd, Dd, Dd, Hd, Dd^Edp, Dd^Esd, Dd, Dd, Dd^Ftd, Dd, Dd, Dd^Ftd, Dd, Dd^Edp, Hd, Dd^Edp, Dd^Esd, Dd
Dd, Dd^Ftd, Hd, Dd, Dd, Dd^Esd, Dd^Ftd, Dd, Dd, Dd, Dd, Dd^Ftd, Dd, Dd, Dd, Dd, Dd^Dc, Dd^Edp, Dd, Dd, Dd^Ftd, Dd^Ftd, Dd^Ftd, Dd, Dd^Do, Dd, Dd, Dd^Edp, Dd^Edp, Mdd, Mdd, Mdd, Dd^Edp, Dd^Edp, Dd, Dd, Dd, Dd, Dd, Dd, Dd, Dd, Dd^Ftd, Dd, Dd^Ftd, Dd, Dd^Edp, Dd^Edp, Dd^Edpp, Dd, Dd, Hd
Dd, Dd^Esd, Dd, Dd, Dd, Dd, Dd, Dd^Edp, Dd, Dd^Esd, Dd, Dd, Dd, Hd, Dd, Dd, Hd, Dd^Edp, Dd^Esd, Dd^Ftd, Dd, Dd^Ftd, Dd, Dd, Dd, Dd, Dd, Dd^Edpp, Hd, Dd^Vdr, Hd, Dd, Dd, Dd, Dd^Esd, Dd, Dd^Edp, Dd^Ftd, Dd^Ftd, Dd^Edpp, Dd, Dd, Dd, Dd^Ftd, Dd, Dd^Do, Dd, Dd, Dd, Dd, Dd^Edpp, Dd
Dd^Ftd, Dd, Dd^Do, Dd^Dc, Dd, Dd, Dd, Dd, Dd, Dd, Dd, Dd, Dd, Dd^Esd, Hd, Dd, Dd^Ftd, Dd, Dd^Ftd, Dd, Dd, Dd, Dd, Dd, Dd^Edp, Dd, Cdr, Cdr, Hd, Hd, Cdr, Cdr, Cdr, Dd, Dd, Dd, Dd, Dd, Dd, Dd, Dd^Ftd, Dd, Dd, Dd^Edp, Dd, Dd, Dd, Dd^Ftd, Dd, Dd, Dd^Dc, Dd
Dd^Ftd, Dd^Edp, Dd^Edp, Hd, Dd, Dd^Ftd, Dd, Dd, Dd, Dd, Dd^Edp, Hd, Hd, Dd, Dd^Esd, Dd, Dd, Dd^Do, Dd, Dd, Dd^Edpp, Dd^Edpp, Dd^Ftd, Hd, Dd^Edp, Dd^Edpp, Dd^Dr, Cdr, Dd^Ftd, Dd^Dr, Dd^Vdr, Hd, Dd, Dd, Dd, Dd^Edp, Dd, Dd^Edp, Dd, Hd, Hd, Dd, Dd, Dd^Edp, Dd, Dd^Ftd, Dd, Dd, Dd, Dd, Dd^Dc, Dd^Dc
Dd, Dd, Dd^Edp, Dd, Dd, Dd, Hd, Dd, Dd^Ftd, Dd, Dd^Edp, Dd, Dd^Dc, Hd, Dd, Dd, Dd, Dd^Edp, Dd, Dd, Cdr, Hd, Mdd, Mdd^Xm, Mdd, Hd, Rd, Rd, Dd^Ftd, Dd^Dc, Rd, Dd^Dr, Mdd^Xm, Mdd^Xm, Mdd^Xm, Dd^Ftd, Dd, Dd, Dd, Dd, Dd, Dd^Ftd, Hd, Dd, Dd^Ftd, Dd^Edp, Dd, Dd^Ftd, Dd, Dd^Do, Dd, Dd
Dd^Ftd, Dd, Dd, Dd, Dd, Dd^Ftd, Dd, Dd, Dd, Dd, Dd, Dd^Edp, Dd, Dd^Edpp, Dd, Dd, Dd, Dd^Edp, Dd^Edp, Cdr, Dd^Vdr, Hd, Cdr, Mdd, Dd^Dc, Rd, Gs^Ftd, Cdr, Cdr, Gs, Cdr, Rd, Hd, Mdd, Mdd, Mdd, Cdr, Dd, Dd^Edpp, Dd^Ftd, Dd^Edp, Dd, Dd, Dd, Dd^Esd, Dd^Ftd, Dd^Esd, Dd, Dd, Dd, Dd, Dd
Dd, Dd^Ftd, Dd^Ftd, Dd^Esd, Dd, Dd^Edp, Dd, Dd, Dd, Dd, Dd, Dd, Hd, Dd, Dd^Edpp, Dd^Edp, Dd^Ftd, Dd^Edp, Mdd^Xm, Dd^Dr, Hd, Dd^Dr, Hd, Dd^Vdr, Rd, Gs^Ftd, Cdr, Wwf, Wwf, Wwf, Kdr, Cdr, Rd, Mdd, Dd^Dr, Dd^Vdr, Rd, Cdr, Mdd, Mdd^Xm, Mdd, Dd^Esd, Dd, Hd, Dd, Dd, Hd, Dd^Ftd, Dd^Esd, Dd^Ftd, Dd^Edp, Dd
Dd, Dd, Dd, Dd, Dd, Dd^Esd, Dd, Dd, Dd, Dd, Dd, Dd, Dd, Hd, Dd^Edpp, Dd, Dd, Mdd, Mdd, Mdd, Mdd, Mdd^Xm, Mdd, Rd, Gs^Ftd, Gs^Ftd, Wwf, Wwf, Wwt, Wwf, Wwf, Cdr, Dd^Vdr, Rd, Rd, Rd, Dd^Vdr, Cdr, Rd, Mdd, Cdr, Dd, Hd, Dd^Ftd, Dd, Dd, Dd, Dd, Hd, Dd, Dd^Edpp, Dd
Dd, Dd, Dd, Dd, Dd, Dd, Dd, Dd, Dd, Dd, Dd^Edp, Dd, Dd, Dd^Edp, Dd^Edp, Dd^Edp, Dd, Dd, Hd, Dd^Ftd, Dd^Ftd, Mdd, Hd, Dd^Edp, Gs^Ftd, Wwf, Wwf, Wwt, Wwt, Wwt, Wwf, Cdr, Gs, Hd, Mdd^Xm, Dd^Dr, Dd^Vdr, Dd^Dr, Rd, Cdr, Cdr, Dd, Dd^Edp, Dd, Dd, Dd^Edp, Dd, Dd, Dd^Do, Dd, Dd^Do, Hd
Dd, Dd, Dd, Dd, Dd^Ftd, Hd, Dd, Dd, Hd, Dd, Dd^Edpp, Dd, Dd, Dd, Dd, Dd, Dd, Dd, Dd^Edp, Dd^Ftd, Cdr, Hd, Hd, Rd, Cdr, Hd, Gs^Ftd, Wwf, Wwf, Wwf, Wwf, Wwf, Gs, Mdd, Mdd, Mdd, Dd^Dr, Dd^Edpp, Rd, Dd^Ftd, Hd, Dd^Ftd, Dd, Dd^Do, Dd, Dd, Dd, Dd, Dd, Dd, Dd, Dd^Ftd
Dd, Dd, Dd, Dd^Edp, Dd^Esd, Dd, Hd, Dd^Ftd, Dd, Dd^Ftd, Hd, Dd, Dd, Dd^Edp, Dd, Hd, Hd, Dd, Dd, Cdr, Kdr, Dd^Edp, Dd^Vdr, Rd, Cdr, Kdr, Cdr, Wwf, Gs, Wwf, Gs^Ftd, Gs^Ftd, Dd^Do, Rd, Rd, Hd, Rd, Rd, Dd^Edp, Dd^Ftd, Cdr, Dd^Ftd, Dd^Ftd, Dd^Ftd, Dd^Esd, Dd, Dd, Dd^Ftd, Dd^Ftd, Dd, Dd, Dd^Ftd
Dd, Dd, Dd^Esd, Dd, Dd^Dc, Dd^Esd, Dd, Dd, Dd, Dd^Edp, Dd^Ftd, Dd, Dd, Dd^Ftd, Hd, Dd^Ftd, Dd^Edp, Dd^Edp, Rd, Dd^Ftd, Rd, Dd^Ftd, Dd^Dr, Hd, Rd, Cdr, Hd, Gs, Cdr, Gs^Ftd, Gs^Ftd, Cdr, Dd^Vdr, Hd, Rd, Rd, Dd^Vdr, Dd^Dr, Dd^Vdr, Dd^Dr, Cdr, Hd, Dd, Dd, Dd, Dd, Dd, Dd, Dd, Dd, Dd, Dd
Dd, Dd, Dd^Esd, Dd, Dd^Dc, Dd^Ftd, Dd, Dd, Hd, Dd^Edp, Dd, Dd^Ftd, Dd, Dd^Dc, Dd^Esd, Dd, Rd, Dd, Dd^Edpp, Rd, Hd, Cdr, Dd^Vdr, Dd^Vdr, Rd, Hd, Dd^Vdr, Dd^Dr, Gs^Ftd, Gs^Ftd, Cdr, Gs^Ftd, Dd^Dr, Dd^Vdr, Dd^Do, Dd^Dr, Dd^Vdr, Dd^Dr, Dd^Dr, Dd^Vdr, Cdr, Dd, Dd, Dd^Edp, Dd^Ftd, Dd, Dd^Ftd, Dd^Esd, Dd^Ftd, Dd^Edpp, Dd, Dd
Dd^Dc, Dd, Dd^Esd, Dd^Ftd, Dd^Edpp, Dd, Dd^Ftd, Dd^Edp, Dd^Ftd, Dd, Dd, Dd, Dd^Edp, Dd^Ftd, Dd^Edpp, Rd, Rd, Dd, Hd, Mdd, Mdd, Mdd^Xm, Mdd, Dd^Dr, Dd^Ftd, Rd, Rd, Rd, Rd, Hd, Rd, Dd^Vdr, Rd, Rd, Mdd, Mdd^Xm, Mdd, Hd, Mdd^Xm, Cdr, Dd^Ftd, Dd, Dd, Dd, Dd, Dd^Edp, Dd^Edpp, Dd^Ftd, Dd, Dd^Edpp, Hd, Hd
Dd^Do, Dd, Dd^Esd, Dd^Ftd, Hd, Dd^Edp, Dd^Ftd, Dd, Dd, Hd, Dd, Hd, Dd^Do, Dd, Dd^Edpp, Dd, Dd, Dd^Dc, Mdd, Mdd, Dd^Do, Mdd, Cdr, Dd^Ftd, Mdd, Mdd^Xm, Mdd^Xm, Hd, Dd^Dr, Rd, Dd^Vdr, Rd, Rd, Cdr, Cdr, Mdd, Mdd, Mdd, Mdd, Mdd, Dd, Dd, Dd, Dd^Edpp, Dd, Dd, Dd^Do, Dd, Dd^Ftd, Dd^Ftd, Dd, Dd^Ftd
Dd, Dd, Dd, Dd, Dd, Dd^Ftd, Dd, Dd, Dd, Dd, Hd, Dd, Dd^Edp, Dd^Ftd, Rd, Dd, Dd^Ftd, Dd^Ftd, Mdd, Mdd, Dd, Dd^Ftd, Dd, Cdr, Mdd, Mdd^Xm, Mdd, Mdd, Dd^Edp, Hd, Dd^Do, Dd^Dr, Cdr, Dd^Ftd, Cdr, Mdd, Mdd, Mdd, Dd, Dd^Dc, Dd, Hd, Dd, Dd, Dd, Dd, Dd^Edpp, Dd, Dd^Edp, Dd, Dd, Dd
Dd, Dd, Hd, Dd^Edp, Dd^Ftd, Dd, Dd, Dd, Dd, Dd^Ftd, Rd, Hd, Dd, Rd, Dd^Esd, Dd, Dd, Dd^Esd, Dd^Ftd, Dd, Dd, Dd, Dd, Dd, Dd^Edpp, Mdd, Dd^Edpp, Dd^Esd, Cdr, Kdr, Cdr, Dd^Ftd, Dd, Dd, Dd, Dd^Esd, Dd, Dd, Dd^Edpp, Dd, Dd, Hd, Dd^Do, Dd, Dd^Ftd, Dd, Dd, Dd^Edp, Dd^Edp, Dd, Dd^Ftd, Dd
Hd, Dd, Dd, Dd, Dd, Dd, Dd, Dd, Rd, Rd, Dd, Dd^Dc, Hd, Dd, Hd, Dd, Dd, Dd^Esd, Dd^Esd, Dd, Hd, Dd^Edp, Dd, Dd^Esd, Dd, Dd, Dd, Dd, Hd, Cdr, Hd, Dd^Ftd, Hd, Dd, Dd, Dd^Ftd, Dd, Dd, Dd, Dd, Hd, Dd, Hd, Dd, Dd^Do, Dd, Dd, Dd, Dd, Dd, Dd, Dd
Dd, Dd, Dd, Dd, Dd, Dd, Dd, Dd, Dd^Ftd, Dd, Dd, Dd^Esd, Dd^Esd, Dd^Edp, Dd, Dd, Dd^Ftd, Dd, Dd, Hd, Dd^Esd, Dd^Ftd, Dd, Dd^Ftd, Dd, Dd, Dd, Dd, Dd, Dd^Edp, Dd^Esd, Dd, Dd^Edp, Dd^Ftd, Dd^Edp, Dd, Dd^Edpp, Hd, Dd^Do, Dd, Dd^Dc, Dd, Dd^Ftd, Dd, Dd, Dd^Edpp, Dd^Dc, Dd, Dd, Dd, Dd, Dd^Edpp
Dd, Dd, Dd, Hd, Dd, Dd, Rd, Dd, Dd^Edpp, Dd, Dd^Edp, Dd, Dd, Hd, Dd^Ftd, Hd, Dd^Edp, Dd, Dd^Do, Dd, Dd^Ftd, Dd, Dd^Edpp, Dd, Dd^Edp, Dd, Dd^Do, Dd, Hd, Dd, Dd, Dd, Hd, Hd, Dd, Dd^Ftd, Dd, Dd, Dd, Dd^Edp, Dd, Hd, Dd, Hd, Dd^Ftd, Dd^Edp, Dd, Dd^Edp, Dd^Edp, Dd, Dd, Dd^Esd
Dd^Do, Dd, Dd, Dd, Rd, Rd, Dd, Dd^Edp, Dd, Dd^Ftd, Dd, Hd, Dd^Edp, Dd^Dc, Dd^Dc, Dd, Dd^Edp, Dd, Dd, Dd^Ftd, Dd, Dd, Dd, Hd, Dd, Dd, Hd, Dd^Edpp, Dd, Dd, Dd^Edp, Dd, Dd^Ftd, Dd^Edp, Dd, Hd, Dd, Dd^Ftd, Dd^Edp, Hd, Dd, Dd, Hd, Dd, Dd^Edp, Dd^Ftd, Dd, Dd, Dd^Esd, Dd, Dd, Dd
Dd, Dd, Dd, Dd, Rd, Dd, Dd, Dd, Dd, Dd, Dd, Dd, Dd^Edp, Dd^Ftd, Dd^Dc, Dd^Esd, Dd^Do, Dd, Dd, Dd, Dd^Edpp, Dd, Dd, Dd, Dd^Esd, Dd^Edpp, Dd^Ftd, Dd, Dd^Edpp, Dd^Ftd, Dd^Ftd, Dd^Ftd, Dd^Dc, Dd, Dd, Dd, Hd, Dd^Edp, Dd^Ftd, Dd^Ftd, Dd^Edpp, Dd, Dd, Dd, Dd, Dd, Dd^Ftd, Dd, Dd^Esd, Hd, Dd, Dd
Dd, Dd, Dd^Edp, Dd, Dd, Dd, Dd, Dd, Dd, Hd, Dd, Dd, Dd, Hd, Dd^Edp, Dd, Dd, Dd, Dd, Dd^Dc, Dd, Dd^Ftd, Dd^Ftd, Dd, Dd, Dd, Dd, Dd, Dd^Esd, Dd, Dd^Esd, Dd^Edp, Dd, Dd^Esd, Dd^Esd, Dd, Dd, Dd, Dd^Edpp, Dd, Dd, Dd^Edp, Dd, Dd, Dd, Dd^Edp, Dd, Dd, Dd, Dd^Ftd, Dd, Dd
Dd^Ftd, Hd, Rd, Hd, Dd, Dd^Ftd, Dd, Dd, Dd, Dd^Ftd, Dd^Ftd, Dd, Dd^Edp, Dd, Dd^Edpp, Dd, Dd, Dd^Ftd, Dd, Dd, Dd, Dd, Dd^Ftd, Dd, Dd, Dd, Dd, Dd^Do, Dd, Dd, Dd^Edpp, Dd, Dd, Dd^Esd, Dd, Dd, Dd, Dd, Dd, Dd, Dd, Dd, Dd, Dd, Dd^Dc, Dd, Dd^Ftd, Dd^Ftd, Dd, Dd, Dd^Dc, Dd
Dd, Rd, Dd^Ftd, Dd, Dd, Dd, Dd, Dd, Hd, Dd^Edp, Dd, Dd, Dd, Dd^Edpp, Dd, Dd^Dc, Dd^Edpp, Dd, Dd^Ftd, Dd^Edpp, Dd^Ftd, Dd^Esd, Dd^Edp, Dd, Dd^Edp, Dd^Ftd, Dd, Dd^Ftd, Dd, Dd^Edp, Dd, Dd, Dd^Edpp, Dd^Edp, Dd, Dd^Edp, Dd, Dd, Dd^Ftd, Dd, Dd, Dd^Edp, Dd^Edp, Dd, Dd, Dd^Ftd, Dd^Ftd, Dd, Dd, Dd, Dd, Dd
Dd, Dd^Ftd, Dd^Ftd, Dd, Dd, Dd, Dd^Ftd, Dd^Ftd, Dd^Edpp, Dd, Dd^Ftd, Dd^Ftd, Dd, Hd, Dd^Ftd, Dd^Ftd, Dd, Dd, Dd^Edpp, Dd, Dd^Do, Dd^Ftd, Dd, Dd, Dd, Dd, Dd^Ftd, Dd^Ftd, Dd, Dd, Dd^Edp, Dd^Edp, Dd, Dd, Dd, Dd^Edp, Dd, Dd^Edp, Dd, Dd, Dd, Dd, Dd, Dd, Dd, Dd, Dd^Ftd, Dd, Dd, Dd, Dd, Dd
Hd, Hd, Dd, Dd^Edpp, Dd^Dc, Dd, Dd, Dd^Ftd, Dd^Edpp, Dd, Dd, Dd, Dd^Ftd, Dd, Hd, Dd, Dd, Dd^Esd, Dd, Dd, Dd, Dd, Dd^Ftd, Dd, Dd, Hd, Dd, Dd^Do, Dd, Dd, Dd, Dd, Dd^Ftd, Dd^Ftd, Dd^Ftd, Hd, Dd^Edp, Dd, Dd, Dd, Dd, Dd^Ftd, Dd, Dd, Dd^Edpp, Dd, Dd, Dd^Esd, Dd, Dd, Dd^Ftd, Dd
