_off^_usr, _off^_usr, _off^_usr, _off^_usr, _off^_usr, _off^_usr, _off^_usr, _off^_usr, _off^_usr, _off^_usr, _off^_usr, _off^_usr, _off^_usr, _off^_usr, _off^_usr, _off^_usr, _off^_usr, _off^_usr, _off^_usr, _off^_usr, _off^_usr, _off^_usr, _off^_usr, _off^_usr, _off^_usr, _off^_usr, _off^_usr, _off^_usr, _off^_usr, _off^_usr, _off^_usr, _off^_usr, _off^_usr
_off^_usr, _off^_usr, _off^_usr, _off^_usr, _off^_usr, _off^_usr, _off^_usr, _off^_usr, _off^_usr, _off^_usr, _off^_usr, _off^_usr, _off^_usr, _off^_usr, _off^_usr, _off^_usr, Xoa, _off^_usr, _off^_usr, _off^_usr, _off^_usr, _off^_usr, _off^_usr, _off^_usr, _off^_usr, _off^_usr, Ias, _off^_usr, _off^_usr, _off^_usr, Ias, _off^_usr, _off^_usr
_off^_usr, _off^_usr, _off^_usr, _off^_usr, _off^_usr, _off^_usr, _off^_usr, _off^_usr, _off^_usr, _off^_usr, _off^_usr, _off^_usr, _off^_usr, _off^_usr, Xoa, Xoa, Irs, Xoa, Xoa, _off^_usr, _off^_usr, _off^_usr, _off^_usr, _off^_usr, _off^_usr, Ias, 2 Ch, Ias, _off^_usr, Ias, 1 Ch, Ias, _off^_usr
_off^_usr, _off^_usr, _off^_usr, _off^_usr, _off^_usr, _off^_usr, _off^_usr, _off^_usr, _off^_usr, _off^_usr, _off^_usr, _off^_usr, Xoa, Xoa, Irs, Irs, Irs, Irs, Irs, Xoa, Xoa, _off^_usr, _off^_usr, _off^_usr, _off^_usr, Ias, Ias, Ias, _off^_usr, Ias, Ias, Ias, _off^_usr
_off^_usr, _off^_usr, _off^_usr, _off^_usr, _off^_usr, _off^_usr, _off^_usr, _off^_usr, _off^_usr, _off^_usr, Xoa, Xoa, Irs, Irs, Irs, Irs, Irs, Irs, Irs, Irs, Irs, Xoa, Xoa, _off^_usr, _off^_usr, _off^_usr, _off^_usr, _off^_usr, _off^_usr, _off^_usr, _off^_usr, _off^_usr, _off^_usr
_off^_usr, _off^_usr, _off^_usr, _off^_usr, _off^_usr, _off^_usr, _off^_usr, _off^_usr, Xoa, Xoa, Irs, Irs, Irs, Irs, Irs, Irs, Irs, Irs, Irs, Irs, Irs, Irs, Irs, Xoa, Xoa, _off^_usr, _off^_usr, _off^_usr, _off^_usr, _off^_usr, _off^_usr, _off^_usr, _off^_usr
_off^_usr, _off^_usr, _off^_usr, _off^_usr, _off^_usr, _off^_usr, Xoa, Xoa, Irs, Irs, Irs, Irs, Irs, Irs, Irs, Irs, Irs, Irs, Irs, Irs, Irs, Irs, Irs, Irs, Irs, Xoa, Xoa, _off^_usr, _off^_usr, _off^_usr, _off^_usr, _off^_usr, _off^_usr
_off^_usr, _off^_usr, _off^_usr, _off^_usr, Xoa, Xoa, Irs, Irs, Irs, Irs, Irs, Irs, Irs, Irs, Irs, Irs, Irs, Irs, Irs, Irs, Irs, Irs, Irs, Irs, Irs, Irs, Irs, Xoa, Xoa, _off^_usr, _off^_usr, _off^_usr, _off^_usr
_off^_usr, _off^_usr, Xoa, Xoa, Irs, Irs, Irs, Irs, Irs, Irs, Irs, Irs, Irs, Irs, Irs, Irs, Cf, Irs, Irs, Irs, Irs, Irs, Irs, Irs, Irs, Irs, Irs, Irs, Irs, Xoa, Xoa, _off^_usr, _off^_usr
_off^_usr, Xoa, Irs, Irs, Irs, Irs, Irs, Irs, Irs, Irs, Irs, Irs, Irs, Irs, Cf, Cf, Ur, Cf, Cf, Irs, Irs, Irs, Irs, Irs, Irs, Irs, Irs, Irs, Irs, Irs, Irs, Xoa, _off^_usr
_off^_usr, Xoa, Irs, Irs, Irs, Irs, Irs, Irs, Irs, Irs, Irs, Irs, Cf, Cf, Ur, Ur, Ur, Ur, Ur, Cf, Cf, Irs, Irs, Irs, Irs, Irs, Irs, Irs, Irs, Irs, Irs, Xoa, _off^_usr
_off^_usr, Xoa, Irs, Irs, Irs, Irs, Irs, Irs, Irs, Irs, Cf, Cf, Ur, Ur, Ur, Ur, Rb, Ur, Ur, Ur, Ur, Cf, Cf, Irs, Irs, Irs, Irs, Irs, Irs, Irs, Irs, Xoa, _off^_usr
_off^_usr, Xoa, Irs, Irs, Irs, Irs, Irs, Irs, Cf, Cf, Ur, Ur, Ur, Ur, Ias, Rb, Ias, Rb, Ias, Ur, Ur, Ur, Ur, Cf, Cf, Irs, Irs, Irs, Irs, Irs, Irs, Xoa, _off^_usr
_off^_usr, Xoa, Irs, Irs, Irs, Irs, Irs, Irs, Cf, Ur, Ur, Ur, Ias, Ias, Ias, Ias, Rb, Ias, Ias, Ias, Ias, Ur, Ur, Ur, Cf, Irs, Irs, Irs, Irs, Irs, Irs, Xoa, _off^_usr
_off^_usr, Xoa, Irs, Irs, Irs, Irs, Irs, Irs, Cf, Ur, Ur, Ias, Rb, Rb, Ias, Rb, Ias, Rb, Ias, Rb, Ias, Ias, Ur, Ur, Cf, Irs, Irs, Irs, Irs, Irs, Irs, Xoa, _off^_usr
_off^_usr, Xoa, Irs, Irs, Irs, Irs, Irs, Irs, Cf, Ur, Ur, Ias, Rb, Ias, Rb, Ias, Rb, Ias, Rb, Rb, Rb, Ias, Ur, Ur, Cf, Irs, Irs, Irs, Irs, Irs, Irs, Xoa, _off^_usr
_off^_usr, Xoa, Irs, Irs, Irs, Irs, Irs, Irs, Cf, Ur, Ur, Ias, Ias, Ias, Ias, Rb, Ias, Ias, Ias, Ias, Ias, Ias, Ur, Ur, Cf, Irs, Irs, Irs, Irs, Irs, Irs, Xoa, _off^_usr
_off^_usr, Xoa, Irs, Irs, Irs, Irs, Irs, Irs, Cf, Ur, Ur, Ias, Rb, Ias, Rb, Ias, Rb, Rb, Rb, Ias, Rb, Ias, Ur, Ur, Cf, Irs, Irs, Irs, Irs, Irs, Irs, Xoa, _off^_usr
_off^_usr, Xoa, Irs, Irs, Irs, Irs, Irs, Irs, Cf, Ur, Ur, Ias, Ias, Rb, Ias, Ias, Ias, Ias, Ias, Ias, Rb, Ias, Ur, Ur, Cf, Irs, Irs, Irs, Irs, Irs, Irs, Xoa, _off^_usr
_off^_usr, Xoa, Irs, Irs, Irs, Irs, Irs, Irs, Cf, Ur, Ur, Ias, Ias, Rb, Ias, Rb, Rb, Rb, Ias, Rb, Ias, Ias, Ur, Ur, Cf, Irs, Irs, Irs, Irs, Irs, Irs, Xoa, _off^_usr
_off^_usr, Xoa, Irs, Irs, Irs, Irs, Irs, Irs, Cf, Ur, Ur, Ur, Ur, Ias, Ias, Ias, Ias, Ias, Ias, Ias, Ur, Ur, Ur, Ur, Cf, Irs, Irs, Irs, Irs, Irs, Irs, Xoa, _off^_usr
_off^_usr, Xoa, Irs, Irs, Irs, Irs, Irs, Irs, Irs, Cf, Cf, Ur, Ur, Ur, Ur, Rb, Rb, Rb, Ur, Ur, Ur, Ur, Cf, Cf, Irs, Irs, Irs, Irs, Irs, Irs, Irs, Xoa, _off^_usr
_off^_usr, Xoa, Irs, Irs, Irs, Irs, Irs, Irs, Irs, Irs, Irs, Cf, Cf, Ur, Ur, Ur, Ur, Ur, Ur, Ur, Cf, Cf, Irs, Irs, Irs, Irs, Irs, Irs, Irs, Irs, Irs, Xoa, _off^_usr
_off^_usr, Xoa, Irs, Irs, Irs, Irs, Irs, Irs, Irs, Irs, Irs, Irs, Irs, Cf, Cf, Ur, Ur, Ur, Cf, Cf, Irs, Irs, Irs, Irs, Irs, Irs, Irs, Irs, Irs, Irs, Irs, Xoa, _off^_usr
_off^_usr, Xoa, Xoa, Irs, Irs, Irs, Irs, Irs, Irs, Irs, Irs, Irs, Irs, Irs, Irs, Cf, Cf, Cf, Irs, Irs, Irs, Irs, Irs, Irs, Irs, Irs, Irs, Irs, Irs, Irs, Xoa, Xoa, _off^_usr
_off^_usr, _off^_usr, _off^_usr, Xoa, Xoa, Irs, Irs, Irs, Irs, Irs, Irs, Irs, Irs, Irs, Irs, Irs, Irs, Irs, Irs, Irs, Irs, Irs, Irs, Irs, Irs, Irs, Irs, Irs, Xoa, Xoa, _off^_usr, _off^_usr, _off^_usr
_off^_usr, _off^_usr, _off^_usr, _off^_usr, _off^_usr, Xoa, Xoa, Irs, Irs, Irs, Irs, Irs, Irs, Irs, Irs, Irs, Irs, Irs, Irs, Irs, Irs, Irs, Irs, Irs, Irs, Irs, Xoa, Xoa, _off^_usr, _off^_usr, _off^_usr, _off^_usr, _off^_usr
_off^_usr, _off^_usr, _off^_usr, _off^_usr, _off^_usr, _off^_usr, _off^_usr, Xoa, Xoa, Irs, Irs, Irs, Irs, Irs, Irs, Irs, Irs, Irs, Irs, Irs, Irs, Irs, Irs, Irs, Xoa, Xoa, _off^_usr, _off^_usr, _off^_usr, _off^_usr, _off^_usr, _off^_usr, _off^_usr
_off^_usr, _off^_usr, _off^_usr, _off^_usr, _off^_usr, _off^_usr, _off^_usr, _off^_usr, _off^_usr, Xoa, Xoa, Irs, Irs, Irs, Irs, Irs, Irs, Irs, Irs, Irs, Irs, Irs, Xoa, Xoa, _off^_usr, _off^_usr, _off^_usr, _off^_usr, _off^_usr, _off^_usr, _off^_usr, _off^_usr, _off^_usr
_off^_usr, _off^_usr, _off^_usr, _off^_usr, _off^_usr, _off^_usr, _off^_usr, _off^_usr, _off^_usr, _off^_usr, _off^_usr, Xoa, Xoa, Irs, Irs, Irs, Irs, Irs, Irs, Irs, Xoa, Xoa, _off^_usr, _off^_usr, _off^_usr, _off^_usr, _off^_usr, _off^_usr, _off^_usr, _off^_usr, _off^_usr, _off^_usr, _off^_usr
_off^_usr, _off^_usr, _off^_usr, _off^_usr, _off^_usr, _off^_usr, _off^_usr, _off^_usr, _off^_usr, _off^_usr, _off^_usr, _off^_usr, _off^_usr, Xoa, Xoa, Irs, Irs, Irs, Xoa, Xoa, _off^_usr, _off^_usr, _off^_usr, _off^_usr, _off^_usr, _off^_usr, _off^_usr, _off^_usr, _off^_usr, _off^_usr, _off^_usr, _off^_usr, _off^_usr
_off^_usr, _off^_usr, _off^_usr, _off^_usr, _off^_usr, _off^_usr, _off^_usr, _off^_usr, _off^_usr, _off^_usr, _off^_usr, _off^_usr, _off^_usr, _off^_usr, _off^_usr, Xoa, Xoa, Xoa, _off^_usr, _off^_usr, _off^_usr, _off^_usr, _off^_usr, _off^_usr, _off^_usr, _off^_usr, _off^_usr, _off^_usr, _off^_usr, _off^_usr, _off^_usr, _off^_usr, _off^_usr
_off^_usr, _off^_usr, _off^_usr, _off^_usr, _off^_usr, _off^_usr, _off^_usr, _off^_usr, _off^_usr, _off^_usr, _off^_usr, _off^_usr, _off^_usr, _off^_usr, _off^_usr, _off^_usr, _off^_usr, _off^_usr, _off^_usr, _off^_usr, _off^_usr, _off^_usr, _off^_usr, _off^_usr, _off^_usr, _off^_usr, _off^_usr, _off^_usr, _off^_usr, _off^_usr, _off^_usr, _off^_usr, _off^_usr
