_off^_usr, _off^_usr, _off^_usr, _off^_usr, _off^_usr, _off^_usr, _off^_usr, _off^_usr, _off^_usr, _off^_usr, _off^_usr, _off^_usr, _off^_usr, _off^_usr, _off^_usr, _off^_usr, _off^_usr, _off^_usr, _off^_usr, _off^_usr, _off^_usr, _off^_usr, _off^_usr, _off^_usr, _off^_usr, _off^_usr, _off^_usr, _off^_usr, _off^_usr, _off^_usr, _off^_usr, _off^_usr, _off^_usr
_off^_usr, _off^_usr, _off^_usr, _off^_usr, _off^_usr, _off^_usr, _off^_usr, _off^_usr, _off^_usr, _off^_usr, _off^_usr, _off^_usr, _off^_usr, _off^_usr, _off^_usr, _off^_usr, Xoa, _off^_usr, _off^_usr, _off^_usr, _off^_usr, _off^_usr, _off^_usr, _off^_usr, _off^_usr, _off^_usr, Ias, _off^_usr, _off^_usr, _off^_usr, Ias, _off^_usr, _off^_usr
_off^_usr, _off^_usr, _off^_usr, _off^_usr, _off^_usr, _off^_usr, _off^_usr, _off^_usr, _off^_usr, _off^_usr, _off^_usr, _off^_usr, _off^_usr, _off^_usr, Xoa, Xoa, Qxu, Xoa, Xoa, _off^_usr, _off^_usr, _off^_usr, _off^_usr, _off^_usr, _off^_usr, Ias, 2 Ch, Ias, _off^_usr, Ias, 1 Ch, Ias, _off^_usr
_off^_usr, _off^_usr, _off^_usr, _off^_usr, _off^_usr, _off^_usr, _off^_usr, _off^_usr, _off^_usr, _off^_usr, _off^_usr, _off^_usr, Xoa, Xoa, Qxu, Qxu, Qxu, Qxu, Qxu, Xoa, Xoa, _off^_usr, _off^_usr, _off^_usr, _off^_usr, Ias, Ias, Ias, _off^_usr, Ias, Ias, Ias, _off^_usr
_off^_usr, _off^_usr, _off^_usr, _off^_usr, _off^_usr, _off^_usr, _off^_usr, _off^_usr, _off^_usr, _off^_usr, Xoa, Xoa, Qxu, Qxu, Qxu, Qxu, Qxu, Qxu, Qxu, Qxu, Qxu, Xoa, Xoa, _off^_usr, _off^_usr, _off^_usr, _off^_usr, _off^_usr, _off^_usr, _off^_usr, _off^_usr, _off^_usr, _off^_usr
_off^_usr, _off^_usr, _off^_usr, _off^_usr, _off^_usr, _off^_usr, _off^_usr, _off^_usr, Xoa, Xoa, Qxu, Qxu, Qxu, Qxu, Qxu, Qxu, Qxu, Qxu, Qxu, Qxu, Qxu, Qxu, Qxu, Xoa, Xoa, _off^_usr, _off^_usr, _off^_usr, _off^_usr, _off^_usr, _off^_usr, _off^_usr, _off^_usr
_off^_usr, _off^_usr, _off^_usr, _off^_usr, _off^_usr, _off^_usr, Xoa, Xoa, Qxu, Qxu, Qxu, Qxu, Qxu, Qxu, Qxu, Qxu, Xu, Qxu, Qxu, Qxu, Qxu, Qxu, Qxu, Qxu, Qxu, Xoa, Xoa, _off^_usr, _off^_usr, _off^_usr, _off^_usr, _off^_usr, _off^_usr
_off^_usr, _off^_usr, _off^_usr, _off^_usr, Xoa, Xoa, Qxu, Qxu, Qxu, Qxu, Qxu, Qxu, Qxu, Qxu, Xu, Xu, Uu, Xu, Xu, Qxu, Qxu, Qxu, Qxu, Qxu, Qxu, Qxu, Qxu, Xoa, Xoa, _off^_usr, _off^_usr, _off^_usr, _off^_usr
_off^_usr, _off^_usr, Xoa, Xoa, Qxu, Qxu, Qxu, Qxu, Qxu, Qxu, Qxu, Qxu, Xu, Xu, Ur, Ias, Ur, Ur, Ur, Xu, Xu, Qxu, Qxu, Qxu, Qxu, Qxu, Qxu, Qxu, Qxu, Xoa, Xoa, _off^_usr, _off^_usr
_off^_usr, Xoa, Qxu, Qxu, Qxu, Qxu, Qxu, Qxu, Qxu, Qxu, Xu, Xu, Ias, Uu, Ias, Uu, Ias, Uu, Ias, Ur, Rb, Xu, Xu, Qxu, Qxu, Qxu, Qxu, Qxu, Qxu, Qxu, Qxu, Xoa, _off^_usr
_off^_usr, Xoa, Qxu, Qxu, Qxu, Qxu, Qxu, Qxu, Xu, Xu, Ias, Ur, Ur, Uu, Ur, Uu, Ur, Ur, Ur, Ur, Uu, Ias, Uu, Xu, Xu, Qxu, Qxu, Qxu, Qxu, Qxu, Qxu, Xoa, _off^_usr
_off^_usr, Xoa, Qxu, Qxu, Qxu, Qxu, Xu, Xu, Uu, Uu, Uu, Ias, Uu, Uu, Ur, Ur, Rb, Ur, Uu, Uu, Ur, Ias, Uu, Uu, Rb, Xu, Xu, Qxu, Qxu, Qxu, Qxu, Xoa, _off^_usr
_off^_usr, Xoa, Qxu, Qxu, Qxu, Qxu, Xu, Ias, Uu, Uu, Ur, Uu, Uu, Rb, Ias, Rb, Ur, Rb, Ias, Ias, Uu, Uu, Ias, Ur, Ur, Ur, Xu, Qxu, Qxu, Qxu, Qxu, Xoa, _off^_usr
_off^_usr, Xoa, Qxu, Qxu, Qxu, Qxu, Xu, Ur, Uu, Ias, Ias, Rb, Ur, Uu, Ias, Uu, Uu, Ias, Uu, Uu, Ias, Uu, Uu, Uu, Ias, Uu, Xu, Qxu, Qxu, Qxu, Qxu, Xoa, _off^_usr
_off^_usr, Xoa, Qxu, Qxu, Qxu, Qxu, Xu, Uu, Uu, Ias, Ur, Uu, Rb, Uu, Uu, Ias, Uu, Uu, Rb, Ias, Uu, Ias, Ias, Uu, Rb, Uu, Xu, Qxu, Qxu, Qxu, Qxu, Xoa, _off^_usr
_off^_usr, Xoa, Qxu, Qxu, Qxu, Qxu, Xu, Uu, Ur, Uu, Uu, Uu, Uu, Ias, Uu, Ur, Rb, Ias, Ias, Uu, Rb, Uu, Ias, Rb, Ur, Ias, Xu, Qxu, Qxu, Qxu, Qxu, Xoa, _off^_usr
_off^_usr, Xoa, Qxu, Qxu, Qxu, Qxu, Xu, Ias, Ur, Ur, Rb, Uu, Ur, Ur, Ias, Rb, Rb, Rb, Ur, Uu, Ur, Uu, Uu, Ur, Uu, Ur, Xu, Qxu, Qxu, Qxu, Qxu, Xoa, _off^_usr
_off^_usr, Xoa, Qxu, Qxu, Qxu, Qxu, Xu, Uu, Ias, Ias, Rb, Uu, Ias, Rb, Uu, Rb, Rb, Rb, Ur, Ias, Ur, Ias, Ur, Ias, Ur, Uu, Xu, Qxu, Qxu, Qxu, Qxu, Xoa, _off^_usr
_off^_usr, Xoa, Qxu, Qxu, Qxu, Qxu, Xu, Ur, Uu, Uu, Ias, Uu, Uu, Uu, Ias, Uu, Ias, Ur, Ur, Ias, Ur, Uu, Uu, Ur, Uu, Ias, Xu, Qxu, Qxu, Qxu, Qxu, Xoa, _off^_usr
_off^_usr, Xoa, Qxu, Qxu, Qxu, Qxu, Xu, Uu, Uu, Uu, Ur, Ur, Ur, Uu, Ias, Ur, Ur, Ur, Uu, Uu, Rb, Uu, Ur, Ias, Ias, Uu, Xu, Qxu, Qxu, Qxu, Qxu, Xoa, _off^_usr
_off^_usr, Xoa, Qxu, Qxu, Qxu, Qxu, Xu, Ur, Uu, Ur, Rb, Uu, Uu, Rb, Ias, Ur, Ur, Ias, Uu, Ias, Ias, Uu, Ur, Ur, Ur, Rb, Xu, Qxu, Qxu, Qxu, Qxu, Xoa, _off^_usr
_off^_usr, Xoa, Qxu, Qxu, Qxu, Qxu, Xu, Ur, Rb, Ur, Ias, Ias, Uu, Ur, Uu, Ias, Uu, Rb, Ias, Ias, Uu, Uu, Uu, Uu, Ur, Rb, Xu, Qxu, Qxu, Qxu, Qxu, Xoa, _off^_usr
_off^_usr, Xoa, Qxu, Qxu, Qxu, Qxu, Qxu, Xu, Xu, Ur, Ur, Ur, Ur, Ur, Ur, Ias, Uu, Ias, Ur, Ias, Ias, Uu, Ur, Ur, Xu, Xu, Qxu, Qxu, Qxu, Qxu, Qxu, Xoa, _off^_usr
_off^_usr, Xoa, Qxu, Qxu, Qxu, Qxu, Qxu, Qxu, Qxu, Xu, Xu, Ur, Ias, Ur, Uu, Ias, Ur, Uu, Ur, Ias, Ias, Uu, Xu, Xu, Qxu, Qxu, Qxu, Qxu, Qxu, Qxu, Qxu, Xoa, _off^_usr
_off^_usr, Xoa, Xoa, Qxu, Qxu, Qxu, Qxu, Qxu, Qxu, Qxu, Qxu, Xu, Xu, Uu, Urb, Urb, Ur, Urb, Urb, Ur, Xu, Xu, Qxu, Qxu, Qxu, Qxu, Qxu, Qxu, Qxu, Qxu, Xoa, Xoa, _off^_usr
_off^_usr, _off^_usr, _off^_usr, Xoa, Xoa, Qxu, Qxu, Qxu, Qxu, Qxu, Qxu, Qxu, Qxu, Xu, Urb, Uu, Uu, Uu, Urb, Xu, Qxu, Qxu, Qxu, Qxu, Qxu, Qxu, Qxu, Qxu, Xoa, Xoa, _off^_usr, _off^_usr, _off^_usr
_off^_usr, _off^_usr, _off^_usr, _off^_usr, _off^_usr, Xoa, Xoa, Qxu, Qxu, Qxu, Qxu, Qxu, Qxu, Qxu, Qxu, Urb, Ur, Urb, Qxu, Qxu, Qxu, Qxu, Qxu, Qxu, Qxu, Qxu, Xoa, Xoa, _off^_usr, _off^_usr, _off^_usr, _off^_usr, _off^_usr
_off^_usr, _off^_usr, _off^_usr, _off^_usr, _off^_usr, _off^_usr, _off^_usr, Xoa, Xoa, Qxu, Qxu, Qxu, Qxu, Qxu, Qxu, Urb, Ur, Urb, Qxu, Qxu, Qxu, Qxu, Qxu, Qxu, Xoa, Xoa, _off^_usr, _off^_usr, _off^_usr, _off^_usr, _off^_usr, _off^_usr, _off^_usr
_off^_usr, _off^_usr, _off^_usr, _off^_usr, _off^_usr, _off^_usr, _off^_usr, _off^_usr, _off^_usr, Xoa, Xoa, Qxu, Qxu, Qxu, Qxu, Urb, Ur, Urb, Qxu, Qxu, Qxu, Qxu, Xoa, Xoa, _off^_usr, _off^_usr, _off^_usr, _off^_usr, _off^_usr, _off^_usr, _off^_usr, _off^_usr, _off^_usr
_off^_usr, _off^_usr, _off^_usr, _off^_usr, _off^_usr, _off^_usr, _off^_usr, _off^_usr, _off^_usr, _off^_usr, _off^_usr, Xoa, Xoa, Qxu, Qxu, Urb, Ur, Urb, Qxu, Qxu, Xoa, Xoa, _off^_usr, _off^_usr, _off^_usr, _off^_usr, _off^_usr, _off^_usr, _off^_usr, _off^_usr, _off^_usr, _off^_usr, _off^_usr
_off^_usr, _off^_usr, _off^_usr, _off^_usr, _off^_usr, _off^_usr, _off^_usr, _off^_usr, _off^_usr, _off^_usr, _off^_usr, _off^_usr, _off^_usr, Xoa, Xoa, Urb, Ur, Urb, Xoa, Xoa, _off^_usr, _off^_usr, _off^_usr, _off^_usr, _off^_usr, _off^_usr, _off^_usr, _off^_usr, _off^_usr, _off^_usr, _off^_usr, _off^_usr, _off^_usr
_off^_usr, _off^_usr, _off^_usr, _off^_usr, _off^_usr, _off^_usr, _off^_usr, _off^_usr, _off^_usr, _off^_usr, _off^_usr, _off^_usr, _off^_usr, _off^_usr, _off^_usr, Xoa, Xoa, Xoa, _off^_usr, _off^_usr, _off^_usr, _off^_usr, _off^_usr, _off^_usr, _off^_usr, _off^_usr, _off^_usr, _off^_usr, _off^_usr, _off^_usr, _off^_usr, _off^_usr, _off^_usr
_off^_usr, _off^_usr, _off^_usr, _off^_usr, _off^_usr, _off^_usr, _off^_usr, _off^_usr, _off^_usr, _off^_usr, _off^_usr, _off^_usr, _off^_usr, _off^_usr, _off^_usr, _off^_usr, _off^_usr, _off^_usr, _off^_usr, _off^_usr, _off^_usr, _off^_usr, _off^_usr, _off^_usr, _off^_usr, _off^_usr, _off^_usr, _off^_usr, _off^_usr, _off^_usr, _off^_usr, _off^_usr, _off^_usr
