_off^_usr, _off^_usr, _off^_usr, _off^_usr, _off^_usr, _off^_usr, _off^_usr, _off^_usr, _off^_usr, _off^_usr, _off^_usr, _off^_usr, _off^_usr, _off^_usr, _off^_usr, _off^_usr, _off^_usr, _off^_usr, _off^_usr, _off^_usr, _off^_usr, _off^_usr, _off^_usr, _off^_usr, _off^_usr, _off^_usr, _off^_usr
_off^_usr, _off^_usr, _off^_usr, _off^_usr, _off^_usr, _off^_usr, _off^_usr, _off^_usr, _off^_usr, _off^_usr, _off^_usr, _off^_usr, Xoa, Xoa, Xoa, _off^_usr, _off^_usr, _off^_usr, _off^_usr, _off^_usr, _off^_usr, _off^_usr, _off^_usr, _off^_usr, _off^_usr, _off^_usr, _off^_usr
_off^_usr, _off^_usr, _off^_usr, _off^_usr, _off^_usr, _off^_usr, _off^_usr, _off^_usr, _off^_usr, _off^_usr, Xoa, Xoa, Uue, Urb, Rb, Xoa, Xoa, _off^_usr, _off^_usr, _off^_usr, _off^_usr, _off^_usr, _off^_usr, _off^_usr, _off^_usr, _off^_usr, _off^_usr
_off^_usr, _off^_usr, _off^_usr, _off^_usr, _off^_usr, _off^_usr, _off^_usr, _off^_usr, Xoa, Xoa, Rb, Uu, Uue, Urb, Uue, Ur, Uu, Xoa, Xoa, _off^_usr, _off^_usr, _off^_usr, _off^_usr, _off^_usr, _off^_usr, _off^_usr, _off^_usr
_off^_usr, _off^_usr, _off^_usr, _off^_usr, _off^_usr, _off^_usr, Xoa, Xoa, Uue, Uh, Uu, Uue, Ur, Urb, Ur, Uh, Rb, Uue, Ur, Xoa, Xoa, _off^_usr, _off^_usr, _off^_usr, _off^_usr, _off^_usr, _off^_usr
_off^_usr, _off^_usr, _off^_usr, _off^_usr, Xoa, Xoa, Uue, Ur, Uu, Rb, Uh, Xu, Rb, Urb, Uu, Xu, Ias, Rb, Ias, Uu, Uh, Xoa, Xoa, _off^_usr, _off^_usr, _off^_usr, _off^_usr
_off^_usr, _off^_usr, Xoa, Xoa, Ur, Ias, Rb, Uu, Uu, Uue, Uue, Rb, Uue, Urb, Uh, Uh, Uu, Uue, Rb, Rb, Uh, Uue, Rb, Xoa, Xoa, _off^_usr, _off^_usr
_off^_usr, Xoa, Urb, Uu, Uu, Uh, Xu, Uu, Uh, Uu, Uue, Uh, Ias, Urb, Uh, Uu, Uue, Uu, Rb, Ias, Xu, Rb, Uu, Uh, Urb, Xoa, _off^_usr
_off^_usr, Xoa, Uh, Urb, Urb, Uh, Uu, Uh, Ur, Uu, Xu, Uue, Uh, Urb, Rb, Uue, Xu, Uue, Uu, Ur, Uu, Ur, Urb, Urb, Uu, Xoa, _off^_usr
_off^_usr, Xoa, Uh, Uue, Uu, Urb, Urb, Uh, Rb, Ur, Uu, Rb, Uue, Urb, Uh, Uue, Ur, Uh, Ur, Ur, Urb, Urb, Uue, Ur, Ur, Xoa, _off^_usr
_off^_usr, Xoa, Ur, Uue, Xu, Uue, Uh, Urb, Urb, Rb, Uu, Uh, Uu, Urb, Ur, Uu, Uu, Uu, Urb, Urb, Ur, Uh, Xu, Uue, Rb, Xoa, _off^_usr
_off^_usr, Xoa, Uh, Uh, Rb, Uu, Ur, Uh, Uh, Urb, Urb, Uue, Ias, Urb, Uh, Uue, Urb, Urb, Uu, Uu, Ur, Uu, Uue, Uh, Uu, Xoa, _off^_usr
_off^_usr, Xoa, Uu, Uu, Uue, Uue, Uue, Uh, Uh, Uu, Ur, Urb, Urb, Urb, Urb, Urb, Uh, Uue, Uue, Uh, Uh, Ias, Ias, Ias, Uue, Xoa, _off^_usr
_off^_usr, Xoa, Uh, Rb, Uh, Uh, Uue, Xu, Uh, Uue, Uu, Rb, Urb, Xu, Urb, Ur, Uh, Uue, Ias, Xu, Uu, Rb, Uh, Uue, Uue, Xoa, _off^_usr
_off^_usr, Xoa, Uue, Ur, Uh, Uh, Uu, Ur, Uue, Uu, Urb, Urb, Uu, Urb, Ur, Urb, Urb, Ias, Uue, Rb, Uue, Uh, Uu, Uh, Uu, Xoa, _off^_usr
_off^_usr, Xoa, Uu, Uu, Xu, Uh, Uh, Rb, Urb, Urb, Uh, Ias, Uu, Urb, Rb, Uh, Rb, Urb, Urb, Uue, Ias, Uu, Xu, Ias, Uue, Xoa, _off^_usr
_off^_usr, Xoa, Uh, Uu, Ur, Uue, Urb, Urb, Ur, Uu, Rb, Rb, Uh, Urb, Uh, Uh, Uh, Rb, Ur, Urb, Urb, Uue, Uh, Ias, Ias, Xoa, _off^_usr
_off^_usr, Xoa, Uue, Uu, Urb, Urb, Uu, Uue, Ias, Uu, Xu, Uu, Uh, Urb, Uh, Ur, Xu, Uu, Ias, Uh, Uh, Urb, Urb, Rb, Uu, Xoa, _off^_usr
_off^_usr, Xoa, Urb, Urb, Ur, Uue, Xu, Uu, Rb, Rb, Rb, Uu, Ias, Urb, Uue, Rb, Uu, Uue, Uu, Ur, Xu, Uh, Uh, Urb, Urb, Xoa, _off^_usr
_off^_usr, Xoa, Xoa, Rb, Uu, Rb, Uh, Uh, Uh, Rb, Ur, Ur, Ur, Urb, Ur, Uh, Uh, Uh, Uh, Ur, Uue, Uue, Uu, Uue, Xoa, Xoa, _off^_usr
_off^_usr, _off^_usr, _off^_usr, Xoa, Xoa, Ur, Uu, Uue, Uu, Uu, Rb, Uue, Uh, Urb, Uu, Uu, Uh, Uue, Rb, Rb, Rb, Uu, Xoa, Xoa, _off^_usr, _off^_usr, _off^_usr
_off^_usr, _off^_usr, _off^_usr, _off^_usr, _off^_usr, Xoa, Xoa, Ur, Uu, Ur, Ur, Xu, Uh, Urb, Uue, Xu, Ur, Uue, Rb, Uu, Xoa, Xoa, _off^_usr, _off^_usr, _off^_usr, _off^_usr, _off^_usr
_off^_usr, _off^_usr, _off^_usr, _off^_usr, _off^_usr, _off^_usr, _off^_usr, Xoa, Xoa, Uh, Uu, Uh, Uh, Urb, Uu, Uue, Uh, Rb, Xoa, Xoa, _off^_usr, _off^_usr, _off^_usr, _off^_usr, _off^_usr, _off^_usr, _off^_usr
_off^_usr, _off^_usr, _off^_usr, _off^_usr, _off^_usr, _off^_usr, _off^_usr, _off^_usr, _off^_usr, Xoa, Xoa, Ias, Uue, Urb, Uh, Uh, Xoa, Xoa, _off^_usr, _off^_usr, _off^_usr, _off^_usr, _off^_usr, _off^_usr, _off^_usr, _off^_usr, _off^_usr
_off^_usr, _off^_usr, _off^_usr, _off^_usr, _off^_usr, _off^_usr, _off^_usr, _off^_usr, _off^_usr, _off^_usr, _off^_usr, Xoa, Uu, Urb, Uu, Xoa, _off^_usr, _off^_usr, _off^_usr, _off^_usr, _off^_usr, _off^_usr, _off^_usr, _off^_usr, _off^_usr, _off^_usr, _off^_usr
_off^_usr, _off^_usr, _off^_usr, _off^_usr, _off^_usr, _off^_usr, _off^_usr, _off^_usr, _off^_usr, _off^_usr, _off^_usr, Xos, Uu, Urb, Uu, Xos, _off^_usr, _off^_usr, _off^_usr, _off^_usr, _off^_usr, _off^_usr, _off^_usr, _off^_usr, _off^_usr, _off^_usr, _off^_usr
_off^_usr, _off^_usr, _off^_usr, _off^_usr, _off^_usr, _off^_usr, _off^_usr, _off^_usr, _off^_usr, _off^_usr, _off^_usr, Xos, Uu, Urb, Uu, Xos, _off^_usr, _off^_usr, _off^_usr, _off^_usr, _off^_usr, _off^_usr, _off^_usr, _off^_usr, _off^_usr, _off^_usr, _off^_usr
