border_size=1
usage=map

Qxu, Qxu, Xu, Xu, Xu, Xu, Xu, Xu, Xu, Xu, Xu, Xu, Xu, Xu, Xu, Xu, Xu, Xu, Xu, Xu, Xu, Xu, Uu, Uu, Xu, Xu, Xu, Xu, Xu, Xu, Xu, Xu, Xu, Xu, Xu, Xu, Xu, Uu, Uu, Xu, Xu, Xu, Xu, Xu, Xu, Xu, Xu, Xu, Xu, Ur, Ur, Uh
Qxu, Qxu, Qxu, Xu, Xu, Xu, Xu, Xu, Xu, Xu, Xu, Xu, Xu, Xu, Xu, Xu, Xu, Xu, Xu, Xu, Xu, Xu, Rb, Uu, Uu^Ufi, Xu, Xu, Xu, Xu, Xu, Xu, Xu, Xu, Xu, Xu, Xu, Uh, Uu, Uu^Uf, Xu, Xu, Xu, Xu, Xu, Xu, Xu, Xu, Xu, Uh, Uu, Uu^Uf, Uh
Qxu, Qxu, Qxu, Qxu, Qxu, Qxu, Qxu, Xu, Xu, Xu, Xu, Xu, Qxu, Xu, Qxu, Xu, Qxu, Xu, Xu, Xu, Xu, Xu, Xu, Rb, Uh, Xu, Xu, Xu, Xu, Xu, Xu, Xu, Xu, Xu, Urb, Urb, Uh, Uu^Uf, Xu, Xu, Xu, Xu, Xu, Xu, Xu, Xu, Xu, Uh, Uu, Uu^Uf, Xu, Xu
Xu, Qxu, Qxu, Qxu, Qxu, Qxu, Qxu, Qxu, Qxu, Qxu, Qxu, Qxu, Qxu, Qxu, Qxu, Qxu, Qxu, Qxu, Qxu, Xu, Qxu, Xu, Xu, Uu^Uf, Uh, Rb, Rb, Xu, Xu, Xu, Xu, Xu, Xu, Xu, Uu^Uf, Uu, Xu, Xu, Xu, Xu, Xu, Xu, Uu, Xu, Rb, Xu, Ur, Ur, Uu, Xu, Xu, Xu
Xu, Xu, Qxu, Qxu, Qxu, Qxu, Qxu, Qxu, Qxu, Qxu, Xu, Qxu, Qxu, Qxu, Qxu, Qxu, Uu^Uf, Qxu, Qxu, Qxu, Qxu, Qxu, Qxu, Xu, Xu, Uh, Uu, Xu, Cud^Sr, Xu, Xu, Cud^Sr, Xu, Ur, Uu^Ufi, Uu, Xu, Xu, Xu, Xu, Uu^Uf, Uu^Uf, Co, Rb, Uu, Uu^Ufi, Uu^Ufi, Uu, Xu, Xu, Xu, Xu
Xu, Xu, Xu, Qxu, Qxu, Qxu, Uu, Uh, Uh, Xu, Cud^Sr, Xu, Xu, Xu, Xu, Ur, Uu^Uf, Uu, Qxu, Qxu, Qxu, Qxu, Qxu, Xu, Uu^Vu, Uu, Sm, Xu, Xu, Xu, Xu, Xu, Uh, Ur, Uu, Xu, Xu, Xu, Xu, Xu, Uu^Uf, Co, 2 Ko, Co, Uh, Uu^Vu, Rb, Xu, Xu, Xu, Xu, Xu
Xu, Xu, Xu, Qxu, Qxu, Uu, Cay^Ii, Uh, Rb, Xu, Xu, Xu, Xu, Xu, Ur, Uu^Vu, Uu, Xu, Xu, Qxu, Qxu, Qxu, Qxu, Rb, Rb, Sm, Sm, Uu, Uu, Uu^Vu, Xu, Xu, Sm, Uh, Xu, Xu, Xu, Xu, Uu, Uu, Uu, Co, Co, Co, Uh, Rb, Xu, Xu, Xu, Xu, Xu, Xu
Xu, Xu, Qxu, Qxu, Xu, Ur, Ur, Uu, Rb, Uh, Uh, Uu, Uu, Uu, Uu, Ur, Uu^Ufi, Uu, Uu, Qxu, Qxu, Qxu, Uh, Uu, Cay, Cay, Cay, Uu, Sm, Uh, Uu, Sm, Sm, Uh, Xu, Xu, Xu, Rb, Rb, Uh, Uh, Uu, Uu, Uh, Uh, Uh, Xu, Xu, Xu, Xu, Xu, Xu
Xu, Xu, Qxu, Qxu, Xu, Xu, Uh, Uu^Uf, Uu^Uf, Ur^Ii, Cay, Cay, Cay, Uu^Uf, Uu, Uu^Ufi, Uh, Uh, Qxu, Urb, Urb, Qxu, Uu^Ufi, Uu, Cay, 4 Kay, Cay, Sm, Sm, Sm, Uu, Uu^Uf, Uh, Uu, Uu, Xu, Xu, Uu, Rb^Ii, Uu^Ii, Uu^Ufi, Uu^Uf, Uu, Uh, Xu, Xu, Xu, Xu, Xu, Xu, Xu, Xu
Xu, Xu, Qxu, Qxu, Xu, Xu, Xu, Uh, Ur, Uu^Ii, Cay, 3 Kay, Cay, Uh, Uh, Rb, Uu, Qxu, Urb, Urb, Urb, Qxu, Uu, Uu^Uf, Sm, Cay, Uh, Uu^Uf, Sm, Uu, Sm, Sm, Uu^Vu, Uu, Uu^Uf, Xu, Uu, Uh, Uh, Uu^Ii, Rb^Ii, Uu^Vu, Uu, Xu, Xu, Xu, Xu, Xu, Xu, Xu, Xu, Xu
Xu, Xu, Qxu, Qxu, Qxu, Xu, Xu, Xu, Rb, Uu, Uu, Cay, Uu, Uh, Uu, Rb, Uu, Urb, Urb, Uu^Xo, Urb, Qxu, Qxu, Uu, Sm, Sm, Uu^Vu, Uu^Ufi, Sm, Sm, Sm, Ur, Ur, Uu^Uf, Uu, Ur, Ur, Uh, Xu, Rb, Uh, Uu, Xu, Xu, Xu, Xu, Xu, Xu, Xu, Xu, Xu, Xu
Xu, Xu, Xu, Qxu, Qxu, Qxu, Qxu, Qxu, Qxu, Uu, Ur, Uu^Uf, Ur, Uu^Vu, Uh, Uh, Qxu, Urb, Qxu, Urb, Urb, Urb, Qxu, Uu, Uu^Ufi, Uu^Uf, Rb, Sm, Sm, Uu, Sm, Sm, Sm, Uu, Uh, Uu, Xu, Xu, Xu, Xu, Uh, Uu^Uf, Urb, Xu, Uu^Ufi, Xu, Xu, Xu, Xu, Xu, Xu, Xu
Xu, Xu, Xu, Xu, Qxu, Qxu, Qxu, Qxu, Qxu, Qxu, Xu, Ur, Uu^Ufi, Uu^Ufi, Uh, Xu, Xu, Qxu, Qxu, Qxu, Qxu, Qxu, Qxu, Qxu, Qxu, Qxu, Qxu, Rb, Sm, Uu, Uh, Sm, Xu, Uh, Uu^Uf, Ur, Xu, Xu, Xu, Xu, Xu, Uu^Uf, Uu, Urb, Uu^Vu, Uu^Uf, Uh, Xu, Xu, Xu, Xu, Xu
Xu, Xu, Xu, Xu, Xu, Qxu, Xu, Qxu, Qxu, Qxu, Xu, Xu, Xu, Uh, Xu, Xu, Qxu, Qxu, Qxu, Qxu, Qxu, Qxu, Uu^Uf, Qxu, Uu, Qxu, Uu, Uu, Sm, Sm, Uh, Xu, Xu, Uh, Uu, Uu, Ur, Xu, Xu, Xu, Rb, Uu^Ii, Uh, Uh, Uu, Uu, Uh, Xu, Xu, Xu, Xu, Xu
Xu, Xu, Xu, Xu, Xu, Xu, Cud^Sr, Xu, Qxu, Qxu, Qxu, Xu, Xu, Xu, Xu, Xu, Qxu, Qxu, Qxu, Qxu, Qxu, Uu^Vu, Uh, Uu, Sm, Sm, Uu^Ufi, Sm, Sm, Sm, Uu, Uu^Vu, Xu, Xu, Uu, Uu^Uf, Uh, Xu, Xu, Uh, Rb, Uu, Co, Co, Co, Uh, Uu^Ufi, Urb, Xu, Xu, Xu, Xu
Xu, Xu, Xu, Xu, Xu, Xu, Xu, Xu, Xu, Qxu, Qxu, Qxu, Qxu, Qxu, Qxu, Qxu, Qxu, Qxu, Qxu, Qxu, Qxu, Uh, Qxu, Uu^Ufi, Sm, Sm, Cay, Cay, Cay, Uu, Xu, Uu^Uf, Xu, Xu, Xu, Uu^Uf, Ur, Uh, Urb, Uh, Uu^Vu, Uh, Co, 6 Ko, Co, Uu, Uu^Ufi, Uu^Uf, Ur, Xu, Xu, Xu
Xu, Xu, Xu, Xu, Xu, Xu, Xu, Xu, Xu, Qxu, Qxu, Qxu, Qxu, Qxu, Qxu, Qxu, Qxu, Qxu, Qxu, Qxu, Qxu, Qxu, Qxu, Qxu, Uu, Uu, Cay, 5 Kay, Cay, Uu^Uf, Xu, Xu, Qxu, Xu, Qxu, Qxu, Uu, Uu^Uf, Uu, Urb^Ii, Uu^Ii, Uu^Uf, Uu^Uf, Co, Uu, Uh, Uh, Ur, Uu, Uu, Xu, Xu
Xu, Xu, Xu, Xu, Xu, Xu, Xu, Xu, Qxu, Qxu, Qxu, Qxu, Uh, Uu^Ufi, Uu, Qxu, Uu, Uu^Ufi, Uu, Qxu, Qxu, Qxu, Qxu, Uh, Sm, Sm, Sm, Cay, Uh, Uh, Qxu, Qxu, Qxu, Qxu, Qxu, Qxu, Urb, Uu, Uh, Uh^Ii, Uu^Uf, Uu^Uf, Uh, Uu, Urb, Urb, Xu, Xu, Uu, Ur, Urb, Xu
Xu, Xu, Xu, Xu, Xu, Xu, Xu, Qxu, Qxu, Qxu, Qxu, Uu, Ur, Ur, Uu, Ur, Ur, Uu, Ur, Uu, Qxu, Qxu, Ur, Ur, Uu^Vu, Sm, Uu, Uu, Sm, Rb, Rb, Qxu, Xu, Qxu, Xu, Uu, Uu, Urb, Xu, Uh, Xu, Xu, Xu, Xu, Uu, Uu, Xu, Xu, Xu, Ur, Uu, Uu
Qxu, Xu, Xu, Xu, Xu, Xu, Qxu, Qxu, Qxu, Qxu, Qxu, Uu, Uu, Uh, Xu, Uu, Xu, Uu, Ur, Uh, Qxu^Bh/, Qxu^Bh/, Qxu, Uu, Uu, Sm, Uh, Sm, Sm, Uu^Vu, Uu^Ufi, Xu, Cud^Sr, Xu, Xu, Uu^Uf, Uh, Xu, Xu, Xu, Xu, Xu, Xu, Xu, Uu^Uf, Uu, Uh, Xu, Xu, Xu, Xu, Uu
Qxu, Qxu, Xu, Xu, Cud^Sr, Xu, Xu, Qxu, Xu, Qxu, Uu, Ur, Uh, Uu^Uf, Xu, Xu, Cud^Sr, Xu, Uu, Uu, Uu^Uf, Qxu, Qxu, Qxu, Qxu, Uh, Xu, Sm, Xu, Uu^Uf, Xu, Xu, Xu, Xu, Xu, Uh, Uh, Ur, Xu, Xu, Uu, Uu, Ur, Uu^Ufi, Uu^Ufi, Urb, Uu^Vu, Uh, Xu, Xu, Xu, Xu
Qxu, Qxu, Qxu, Xu, Xu, Xu, Xu, Xu, Cud^Sr, Xu, Ur, Uu, Uh, Xu, Cud^Sr, Xu, Xu, Xu, Uu, Ur, Uu^Ufi, Qxu, Qxu, Qxu, Xu, Xu, Cud^Sr, Xu, Xu, Xu, Xu, Xu, Xu, Xu, Xu, Xu, Uu, Ur, Uu^Uf, Xu, Uu^Ii, Uu^Vu, Uh, Ur, Uu, Uu, Ur, Ur, Xu, Xu, Xu, Xu
Qxu, Qxu, Qxu, Xu, Xu, Xu, Xu, Xu, Xu, Xu, Ur^Ii, Uu^Uf, Xu, Xu, Xu, Xu, Cud^Sr, Xu, Xu, Ur, Uh, Qxu, Qxu, Qxu, Qxu, Xu, Xu, Xu, Xu, Xu, Xu, Xu, Cud^Sr, Xu, Uu^Uf, Urb, Uu, Uu^Uf, Uu, Ur^Ii, Ur, Uh, Urb, Urb, Uu, Uu^Ufi, Uu^Uf, Xu, Xu, Cud^Sr, Xu, Xu
Qxu, Qxu, Qxu, Qxu, Qxu, Qxu, Qxu, Xu, Qxu, Qxu, Cay^Ii, Uu, Xu, Cud^Sr, Xu, Xu, Xu, Xu, Xu, Uh, Ur, Uu, Qxu, Qxu, Qxu, Qxu, Xu, Cud^Sr, Xu, Qxu, Qxu, Xu, Xu, Xu, Uu, Urb, Xu, Xu, Uh, Uh, Xu, Xu, Xu, Xu, Xu, Uu^Uf, Xu, Xu, Xu, Xu, Xu, Xu
Xu, Xu, Cud, Qxu, Qxu, Qxu, Qxu, Qxu, Qxu, Qxu, Uh, Ur^Ii, Ur, Xu, Uh, Xu, Uu, Uu, Uu^Uf, Ur, Uh, Uu, Xu, Qxu, Qxu, Qxu, Qxu, Xu, Qxu, Qxu, Uh, Uh, Urb, Uu, Ur, Uu, Uu^Vu, Xu, Xu, Uu^Uf, Xu, Cud^Sr, Xu, Xu, Xu, Xu, Cud^Sr, Xu, Xu, Xu, Xu, Xu
Xu, Cud, Kud, Cud, Qxu, Qxu, Xu, Qxu, Xu, Xu, Xu, Uh, Uu, Uu, Uu, Uh, Uu, Ur, Ur, Uh, Uh, Xu, Xu, Qxu, Qxu, Qxu, Qxu, Qxu, Qxu, Uu^Ufi, Uu, Urb, Uu, Uu, Uh, Ur, Uu, Xu, Xu, Xu, Xu, Xu, Qxu, Qxu, Xu, Xu, Xu, Xu, Xu, Xu, Xu, Xu
Xu, Cud, Cud, Cud, Xu, Xu, Cud^Sr, Xu, Xu, Xu, Cud^Sr, Xu, Ur, Ur, Uu^Uf, Ur, Ur, Uu^Ufi, Uu, Uu, Uu^Ufi, Xu, Xu, Xu, Xu, Qxu, Xu, Qxu, Uu, Uu^Ufi, Uh, Uh, Cay, Uh, Ur, Uu^Uf, Uu, Uu^Ufi, Uu^Ufi, Xu, Xu, Xu, Qxu, Qxu, Qxu, Xu, Xu, Xu, Qxu, Xu, Xu, Xu
Qxu, Xu, Qxu, Qxu, Qxu, Xu, Xu, Xu, Xu, Xu, Xu, Xu, Uu^Ii, Uu^Ii, Uu, Xu, Xu, Xu, Xu, Uh, Uu, Rb, Xu, Xu, Xu, Xu, Cud^Sr, Xu, Uh, Uu, Uh, Cay, 7 Kay, Cay, Ur, Uu, Uh, Uh, Uu, Xu, Xu, Qxu, Qxu, Qxu, Qxu, Qxu, Qxu, Qxu, Qxu, Qxu, Xu, Xu
Qxu, Qxu, Qxu, Qxu, Xu, Xu, Xu, Xu, Uu^Uf, Uu^Uf, Uu, Uu, Uh, Ur, Ur, Xu, Xu, Cud^Sr, Xu, Uh, Uu, Rb, Rb, Xu, Cud^Sr, Xu, Xu, Xu, Uh, Urb, Uu, Cay, Cay, Cay, Uh^Ii, Uu, Rb, Rb, Uu, Uu, Xu, Xu, Xu, Xu, Qxu, Qxu, Qxu, Qxu, Qxu, Qxu, Xu, Xu
Xu, Qxu, Qxu, Qxu, Xu, Xu, Ur, Ur, Cay, Urb, Uu, Uu^Ufi, Uh, Uh, Uu, Uu^Ufi, Uu, Xu, Cud^Sr, Xu, Uu^Uf, Uu, Uh, Xu, Xu, Xu, Xu, Xu, Xu, Urb, Uu, Rb, Rb, Uh^Ii, Uh, Uu, Uu^Uf, Uh, Uh, Xu, Xu, Xu, Xu, Qxu, Qxu, Qxu, Xu, Qxu, Xu, Qxu, Xu, Xu
Xu, Xu, Xu, Xu, Xu, Xu, Uu^Ufi, Cay, 9 Kay, Cay, Uh, Uu, Xu, Xu, Xu, Ur, Ur, Xu, Xu, Xu, Rb, Uu^Uf, Uu, Xu, Xu, Xu, Uh, Xu, Xu, Uu, Uu, Uu^Uf, Rb, Uu, Uu, Uu, Ur, Ur, Uu, Ur, Ur, Qxu, Qxu, Qxu, Qxu, Xu, Xu, Xu, Xu, Xu, Xu, Xu
Xu, Xu, Xu, Xu, Uu, Uu, Uh, Cay, Cay, Cay, Uh, Uu^Vu, Xu, Cud^Sr, Xu, Uu, Uu^Uf, Uu, Uh^Ii, Rb, Uh, Uu, Xu, Xu, Xu, Uh, Uu^Vu, Uh, Uu^Ufi, Uu^Uf, Uu, Xu, Xu, Xu, Uu^Ufi, Uu^Ufi, Xu, Xu, Xu, Uu, Uu^Ufi, Rb, Qxu, Qxu, Xu, Xu, Xu, Xu, Xu, Xu, Xu, Xu
Xu, Xu, Xu, Xu, Ur, Ur, Uh^Ii, Uu^Ii, Uu, Uh, Xu, Xu, Cud^Sr, Xu, Xu, Xu, Qxu, Uu^Uf, Uu^Ii, Uu^Vu, Uh, Uu, Uh, Xu, Rb, Uu, Uu, Ur, Ur, Uh, Xu, Xu, Xu, Uu^Vu, Uh, Uh, Xu, Xu, Uh, Uu, Rb, Rb, Uu^Ufi, Uu^Ufi, Uu^Uf, Xu, Xu, Xu, Xu, Xu, Xu, Xu
Xu, Xu, Cud^Sr, Xu, Uh, Uu^Vu, Uu, Ur, Uu, Xu, Xu, Xu, Xu, Xu, Xu, Qxu, Qxu, Qxu, Uu, Urb, Rb, Uu^Ufi, Uu, Rb, Uh^Ii, Uh^Ii, Uu^Ii, Uh, Uu^Ufi, Uh, Qxu, Xu, Qxu, Qxu, Qxu, Xu, Xu, Xu, Xu, Uh, Uu, Uu, Ce, Uh^Ii, Uh, Uu, Uu^Vu, Xu, Xu, Xu, Xu, Xu
Xu, Xu, Xu, Xu, Xos, Cud^Ii, Xu, Ur, Qxu, Qxu, Qxu, Qxu, Qxu, Xu, Qxu, Qxu, Qxu, Uu, Uu^Ufi, Uh, Uh, Rb, Uu, Uu^Uf, Uu^Uf, Uu^Vu, Ur, Uu^Uf, Xu, Qxu, Qxu, Qxu, Qxu, Qxu, Qxu, Xu, Qxu, Xu, Qxu, Uu^Uf, Uh, Ce, Ce, Ce, Ce, Uu, Uu, Xu, Xu, Xu, Xu, Xu
Xu, Xu, Xos, Xos, Ur, Xos, Xos, Xu, Qxu, Qxu, Qxu, Qxu, Qxu, Xu, Xu, Qxu, Qxu, Uu^Uf, Uu^Ufi, Uh, Cay, Cay, Cay, Uu, Uh, Ur, Uh, Xu, Xu, Xu, Xu, Qxu, Qxu, Qxu, Qxu, Qxu, Qxu, Qxu, Qxu, Uu^Uf, Uu^Uf, Ce, Ce, 1 Ke, Ce, Ce, Uu, Xu, Xu, Xu, Xu, Xu
Xu, Xu, Xos, Uu, Uu^Uf, Uu, Xos, Xu, Xu, Qxu, Qxu, Xu, Xu, Xu, Qxu, Qxu, Qxu, Qxu, Uu, Ur, Cay, 8 Kay, Cay, Rb, Uu^Ii, Uh^Ii, Urb, Uu, Uu, Xu, Xu, Qxu, Qxu, Qxu, Qxu, Qxu, Qxu, Qxu, Qxu, Qxu, Rb, Uh, Uu, Ce, Ce^Ii, Ce, Ur, Xu, Xu, Xu, Xu, Xu
Xu, Xos, Ur, Uu^Ii, Ur, Xos, Xu, Xu, Xu, Qxu, Qxu, Xu, Qxu, Xu, Qxu, Qxu, Uh, Uh, Uu, Uu^Uf, Uh, Cay, Uh, Rb, Uu, Xu, Xu, Urb, Uu^Ufi, Xu, Xu, Qxu, Qxu, Qxu, Qxu, Qxu, Qxu, Qxu, Xu, Xu, Xu, Rb, Xu, Uu^Ufi, Uh^Ii, Uu^Uf, Uu^Uf, Uh, Uh, Xu, Xu, Xu
Xu, Xos, Xos, Ur, Xos, Xos, Xu, Cud^Sr, Xu, Qxu, Qxu, Qxu, Qxu, Qxu, Qxu, Qxu, Uu^Uf, Uu^Vu, Ur, Ur, Uu^Ufi, Uh, Xu, Uu, Xu, Xu, Xu, Uh, Ur, Xu, Xu, Xu, Qxu, Qxu, Xu, Qxu, Qxu, Qxu, Qxu, Xu, Xu, Xu, Xu, Xu, Xu, Xu, Xu, Uh, Ur, Xu, Xu, Xu
Xuc, Xuc, Xuc, Xos, Xu, Xu, Xu, Xu, Xu, Xu, Xu, Qxu, Xu, Qxu, Qxu, Qxu, Xu, Uu^Uf, Xu, Xu, Xu, Xu, Xu, Xu, Xu, Xu, Xu, Uh, Ur, Xu, Xu, Xu, Xu, Qxu, Xu, Xu, Qxu, Qxu, Xu, Xu, Xu, Xu, Xu, Xu, Xu, Xu, Xu, Ur, Uu^Uf, Xu, Xu, Xu
Xuc, Xuc, Xu, Xu, Xu, Xu, Xu, Xu, Xu, Xu, Xu, Xu, Xu, Xu, Xu, Xu, Xu, Xu, Xu, Xu, Xu, Xu, Xu, Xu, Xu, Xu, Xu, Uu, Uu, Uu^Uf, Xu, Xu, Xu, Xu, Xu, Xu, Xu, Qxu, Xu, Xu, Xu, Xu, Xu, Xu, Xu, Xu, Xu, Ur, Uu, Uh, Xu, Xu
Xu, Xu, Xu, Xu, Xu, Xu, Xu, Xu, Xu, Xu, Xu, Xu, Xu, Xu, Xu, Xu, Xu, Xu, Xu, Xu, Xu, Xu, Xu, Xu, Xu, Xu, Xu, Xu, Uu, Uu^Uf, Xu, Xu, Xu, Xu, Xu, Xu, Xu, Xu, Xu, Xu, Xu, Xu, Xu, Xu, Xu, Xu, Xu, Xu, Uu, Uh, Xu, Xu
