Qxu, Qxu, Xu, Xu, Xu, Xu, Xu, Xu, Xu, Xu, Xu, Xu, Xu, Xu, Xu, Xu, Xu, Xu, Xu, Xu, Xu, Xu, Uu, Uu, Xu, Xu, Xu, Xu, Xu, Xu, Xu, Xu, Xu, Xu, Xu, Xu, Xu, Uu, Uu, Xu, Xu, Xu, Xu, Xu, Xu, Xu, Xu, Xu, Xu, Ur, Ur, Uh
Qxu, Qxu, Qxu, Xu, Xu, Xu, Xu, Xu, Xu, Xu, Xu, Xu, Xu, Xu, Xu, Xu, Xu, Xu, Xu, Xu, Xu, Xu, Rb, Uu, Tb^Tfi, Xu, Xu, Xu, Xu, Xu, Xu, Xu, Xu, Xu, Xu, Xu, Uh, Uu, Tb, Xu, Xu, Xu, Xu, Xu, Xu, Xu, Xu, Xu, Uh, Uu, Tb, Uh
Qxu, Qxu, Qxu, Qxu, Qxu, Qxu, Qxu, Xu, Xu, Xu, Xu, Xu, Qxu, Xu, Qxu, Xu, Qxu, Xu, Xu, Xu, Xu, Xu, Xu, Rb, Uh, Xu, Xu, Xu, Xu, Xu, Xu, Xu, Xu, Xu, Urb, Urb, Uh, Tb, Xu, Xu, Xu, Xu, Xu, Xu, Xu, Xu, Xu, Uh, Uu, Tb, Xu, Xu
Xu, Qxu, Qxu, Qxu, Qxu, Qxu, Qxu, Qxu, Qxu, Qxu, Qxu, Qxu, Qxu, Qxu, Qxu, Qxu, Qxu, Qxu, Qxu, Xu, Qxu, Xu, Xu, Tb, Uh, Rb, Rb, Xu, Xu, Xu, Xu, Xu, Xu, Xu, Tb, Uu, Xu, Xu, Xu, Xu, Xu, Xu, Uu, Xu, Rb, Xu, Ur, Ur, Uu, Xu, Xu, Xu
Xu, Xu, Qxu, Qxu, Qxu, Qxu, Qxu, Qxu, Qxu, Qxu, Xu, Qxu, Qxu, Qxu, Qxu, Qxu, Tb, Qxu, Qxu, Qxu, Qxu, Qxu, Qxu, Xu, Xu, Uh, Uu, Xu, Cud^Sr, Xu, Xu, Cud^Sr, Xu, Ur, Tb^Tfi, Uu, Xu, Xu, Xu, Xu, Tb, Tb, Co, Rb, Uu, Tb^Tfi, Tb^Tfi, Uu, Xu, Xu, Xu, Xu
Xu, Xu, Xu, Qxu, Qxu, Qxu, Uu, Uh, Uh, Xu, Cud^Sr, Xu, Xu, Xu, Xu, Ur, Tb, Uu, Qxu, Qxu, Qxu, Qxu, Qxu, Xu, Uu^Vu, Uu, Sm, Xu, Xu, Xu, Xu, Xu, Uh, Ur, Uu, Xu, Xu, Xu, Xu, Xu, Tb, Co, 2 Ko, Co, Uh, Uu^Vu, Rb, Xu, Xu, Xu, Xu, Xu
Xu, Xu, Xu, Qxu, Qxu, Uu, Cay^Ii, Uh, Rb, Xu, Xu, Xu, Xu, Xu, Ur, Uu^Vu, Uu, Xu, Xu, Qxu, Qxu, Qxu, Qxu, Rb, Rb, Sm, Sm, Uu, Uu, Uu^Vu, Xu, Xu, Sm, Uh, Xu, Xu, Xu, Xu, Uu, Uu, Uu, Co, Co, Co, Uh, Rb, Xu, Xu, Xu, Xu, Xu, Xu
Xu, Xu, Qxu, Qxu, Xu, Ur, Ur, Uu, Rb, Uh, Uh, Uu, Uu, Uu, Uu, Ur, Tb^Tfi, Uu, Uu, Qxu, Qxu, Qxu, Uh, Uu, Cay, Cay, Cay, Uu, Sm, Uh, Uu, Sm, Sm, Uh, Xu, Xu, Xu, Rb, Rb, Uh, Uh, Uu, Uu, Uh, Uh, Uh, Xu, Xu, Xu, Xu, Xu, Xu
Xu, Xu, Qxu, Qxu, Xu, Xu, Uh, Tb, Tb, Ur^Ii, Cay, Cay, Cay, Tb, Uu, Tb^Tfi, Uh, Uh, Qxu, Urb, Urb, Qxu, Tb^Tfi, Uu, Cay, 4 Kay, Cay, Sm, Sm, Sm, Uu, Tb, Uh, Uu, Uu, Xu, Xu, Uu, Rb^Ii, Uu^Ii, Tb^Tfi, Tb, Uu, Uh, Xu, Xu, Xu, Xu, Xu, Xu, Xu, Xu
Xu, Xu, Qxu, Qxu, Xu, Xu, Xu, Uh, Ur, Uu^Ii, Cay, 3 Kay, Cay, Uh, Uh, Rb, Uu, Qxu, Urb, Urb, Urb, Qxu, Uu, Tb, Sm, Cay, Uh, Tb, Sm, Uu, Sm, Sm, Uu^Vu, Uu, Tb, Xu, Uu, Uh, Uh, Uu^Ii, Rb^Ii, Uu^Vu, Uu, Xu, Xu, Xu, Xu, Xu, Xu, Xu, Xu, Xu
Xu, Xu, Qxu, Qxu, Qxu, Xu, Xu, Xu, Rb, Uu, Uu, Cay, Uu, Uh, Uu, Rb, Uu, Urb, Urb, Uu^Xo, Urb, Qxu, Qxu, Uu, Sm, Sm, Uu^Vu, Tb^Tfi, Sm, Sm, Sm, Ur, Ur, Tb, Uu, Ur, Ur, Uh, Xu, Rb, Uh, Uu, Xu, Xu, Xu, Xu, Xu, Xu, Xu, Xu, Xu, Xu
Xu, Xu, Xu, Qxu, Qxu, Qxu, Qxu, Qxu, Qxu, Uu, Ur, Tb, Ur, Uu^Vu, Uh, Uh, Qxu, Urb, Qxu, Urb, Urb, Urb, Qxu, Uu, Tb^Tfi, Tb, Rb, Sm, Sm, Uu, Sm, Sm, Sm, Uu, Uh, Uu, Xu, Xu, Xu, Xu, Uh, Tb, Urb, Xu, Tb^Tfi, Xu, Xu, Xu, Xu, Xu, Xu, Xu
Xu, Xu, Xu, Xu, Qxu, Qxu, Qxu, Qxu, Qxu, Qxu, Xu, Ur, Tb^Tfi, Tb^Tfi, Uh, Xu, Xu, Qxu, Qxu, Qxu, Qxu, Qxu, Qxu, Qxu, Qxu, Qxu, Qxu, Rb, Sm, Uu, Uh, Sm, Xu, Uh, Tb, Ur, Xu, Xu, Xu, Xu, Xu, Tb, Uu, Urb, Uu^Vu, Tb, Uh, Xu, Xu, Xu, Xu, Xu
Xu, Xu, Xu, Xu, Xu, Qxu, Xu, Qxu, Qxu, Qxu, Xu, Xu, Xu, Uh, Xu, Xu, Qxu, Qxu, Qxu, Qxu, Qxu, Qxu, Tb, Qxu, Uu, Qxu, Uu, Uu, Sm, Sm, Uh, Xu, Xu, Uh, Uu, Uu, Ur, Xu, Xu, Xu, Rb, Uu^Ii, Uh, Uh, Uu, Uu, Uh, Xu, Xu, Xu, Xu, Xu
Xu, Xu, Xu, Xu, Xu, Xu, Cud^Sr, Xu, Qxu, Qxu, Qxu, Xu, Xu, Xu, Xu, Xu, Qxu, Qxu, Qxu, Qxu, Qxu, Uu^Vu, Uh, Uu, Sm, Sm, Tb^Tfi, Sm, Sm, Sm, Uu, Uu^Vu, Xu, Xu, Uu, Tb, Uh, Xu, Xu, Uh, Rb, Uu, Co, Co, Co, Uh, Tb^Tfi, Urb, Xu, Xu, Xu, Xu
Xu, Xu, Xu, Xu, Xu, Xu, Xu, Xu, Xu, Qxu, Qxu, Qxu, Qxu, Qxu, Qxu, Qxu, Qxu, Qxu, Qxu, Qxu, Qxu, Uh, Qxu, Tb^Tfi, Sm, Sm, Cay, Cay, Cay, Uu, Xu, Tb, Xu, Xu, Xu, Tb, Ur, Uh, Urb, Uh, Uu^Vu, Uh, Co, 6 Ko, Co, Uu, Tb^Tfi, Tb, Ur, Xu, Xu, Xu
Xu, Xu, Xu, Xu, Xu, Xu, Xu, Xu, Xu, Qxu, Qxu, Qxu, Qxu, Qxu, Qxu, Qxu, Qxu, Qxu, Qxu, Qxu, Qxu, Qxu, Qxu, Qxu, Uu, Uu, Cay, 5 Kay, Cay, Tb, Xu, Xu, Qxu, Xu, Qxu, Qxu, Uu, Tb, Uu, Urb^Ii, Uu^Ii, Tb, Tb, Co, Uu, Uh, Uh, Ur, Uu, Uu, Xu, Xu
Xu, Xu, Xu, Xu, Xu, Xu, Xu, Xu, Qxu, Qxu, Qxu, Qxu, Uh, Tb^Tfi, Uu, Qxu, Uu, Tb^Tfi, Uu, Qxu, Qxu, Qxu, Qxu, Uh, Sm, Sm, Sm, Cay, Uh, Uh, Qxu, Qxu, Qxu, Qxu, Qxu, Qxu, Urb, Uu, Uh, Uh^Ii, Tb, Tb, Uh, Uu, Urb, Urb, Xu, Xu, Uu, Ur, Urb, Xu
Xu, Xu, Xu, Xu, Xu, Xu, Xu, Qxu, Qxu, Qxu, Qxu, Uu, Ur, Ur, Uu, Ur, Ur, Uu, Ur, Uu, Qxu, Qxu, Ur, Ur, Uu^Vu, Sm, Uu, Uu, Sm, Rb, Rb, Qxu, Xu, Qxu, Xu, Uu, Uu, Urb, Xu, Uh, Xu, Xu, Xu, Xu, Uu, Uu, Xu, Xu, Xu, Ur, Uu, Uu
Qxu, Xu, Xu, Xu, Xu, Xu, Qxu, Qxu, Qxu, Qxu, Qxu, Uu, Uu, Uh, Xu, Uu, Xu, Uu, Ur, Uh, Qxu^Bh/, Qxu^Bh/, Qxu, Uu, Uu, Sm, Uh, Sm, Sm, Uu^Vu, Tb^Tfi, Xu, Cud^Sr, Xu, Xu, Tb, Uh, Xu, Xu, Xu, Xu, Xu, Xu, Xu, Tb, Uu, Uh, Xu, Xu, Xu, Xu, Uu
Qxu, Qxu, Xu, Xu, Cud^Sr, Xu, Xu, Qxu, Xu, Qxu, Uu, Ur, Uh, Tb, Xu, Xu, Cud^Sr, Xu, Uu, Uu, Tb, Qxu, Qxu, Qxu, Qxu, Uh, Xu, Sm, Xu, Tb, Xu, Xu, Xu, Xu, Xu, Uh, Uh, Ur, Xu, Xu, Uu, Uu, Ur, Tb^Tfi, Tb^Tfi, Urb, Uu^Vu, Uh, Xu, Xu, Xu, Xu
Qxu, Qxu, Qxu, Xu, Xu, Xu, Xu, Xu, Cud^Sr, Xu, Ur, Uu, Uh, Xu, Cud^Sr, Xu, Xu, Xu, Uu, Ur, Tb^Tfi, Qxu, Qxu, Qxu, Xu, Xu, Cud^Sr, Xu, Xu, Xu, Xu, Xu, Xu, Xu, Xu, Xu, Uu, Ur, Tb, Xu, Uu^Ii, Uu^Vu, Uh, Ur, Uu, Uu, Ur, Ur, Xu, Xu, Xu, Xu
Qxu, Qxu, Qxu, Xu, Xu, Xu, Xu, Xu, Xu, Xu, Ur^Ii, Tb, Xu, Xu, Xu, Xu, Cud^Sr, Xu, Xu, Ur, Uh, Qxu, Qxu, Qxu, Qxu, Xu, Xu, Xu, Xu, Xu, Xu, Xu, Cud^Sr, Xu, Tb, Urb, Uu, Tb, Uu, Ur^Ii, Ur, Uh, Urb, Urb, Uu, Tb^Tfi, Tb, Xu, Xu, Cud^Sr, Xu, Xu
Qxu, Qxu, Qxu, Qxu, Qxu, Qxu, Qxu, Xu, Qxu, Qxu, Cay^Ii, Uu, Xu, Cud^Sr, Xu, Xu, Xu, Xu, Xu, Uh, Ur, Uu, Qxu, Qxu, Qxu, Qxu, Xu, Cud^Sr, Xu, Qxu, Qxu, Xu, Xu, Xu, Uu, Urb, Xu, Xu, Uh, Uh, Xu, Xu, Xu, Xu, Xu, Tb, Xu, Xu, Xu, Xu, Xu, Xu
Xu, Xu, Qxu, Qxu, Qxu, Qxu, Qxu, Qxu, Qxu, Qxu, Uh, Ur^Ii, Ur, Xu, Uh, Xu, Uu, Uu, Tb, Ur, Uh, Uu, Xu, Qxu, Qxu, Qxu, Qxu, Xu, Qxu, Qxu, Uh, Uh, Urb, Uu, Ur, Uu, Uu^Vu, Xu, Xu, Tb, Xu, Cud^Sr, Xu, Xu, Xu, Xu, Cud^Sr, Xu, Xu, Xu, Xu, Xu
Xu, Qxu, Ur, Qxu, Qxu, Qxu, Xu, Qxu, Xu, Xu, Xu, Uh, Uu, Uu, Uu, Uh, Uu, Ur, Ur, Uh, Uh, Xu, Xu, Qxu, Qxu, Qxu, Qxu, Qxu, Qxu, Tb^Tfi, Uu, Urb, Uu, Uu, Uh, Ur, Uu, Xu, Xu, Xu, Xu, Xu, Qxu, Qxu, Xu, Xu, Xu, Xu, Xu, Xu, Xu, Xu
Xu, Qxu, Qxu, Qxu, Xu, Xu, Cud^Sr, Xu, Xu, Xu, Cud^Sr, Xu, Ur, Ur, Tb, Ur, Ur, Tb^Tfi, Uu, Uu, Tb^Tfi, Xu, Xu, Xu, Xu, Qxu, Xu, Qxu, Uu, Tb^Tfi, Uh, Uh, Cay, Uh, Ur, Tb, Uu, Tb^Tfi, Tb^Tfi, Xu, Xu, Xu, Qxu, Qxu, Qxu, Xu, Xu, Xu, Qxu, Xu, Xu, Xu
Qxu, Xu, Qxu, Qxu, Qxu, Xu, Xu, Xu, Xu, Xu, Xu, Xu, Uu^Ii, Uu^Ii, Uu, Xu, Xu, Xu, Xu, Uh, Uu, Rb, Xu, Xu, Xu, Xu, Cud^Sr, Xu, Uh, Uu, Uh, Cay, 7 Kay, Cay, Ur, Uu, Uh, Uh, Uu, Xu, Xu, Qxu, Qxu, Qxu, Qxu, Qxu, Qxu, Qxu, Qxu, Qxu, Xu, Xu
Qxu, Qxu, Qxu, Qxu, Xu, Xu, Xu, Xu, Tb, Tb, Uu, Uu, Uh, Ur, Ur, Xu, Xu, Cud^Sr, Xu, Uh, Uu, Rb, Rb, Xu, Cud^Sr, Xu, Xu, Xu, Uh, Urb, Uu, Cay, Cay, Cay, Uh^Ii, Uu, Rb, Rb, Uu, Uu, Xu, Xu, Xu, Xu, Qxu, Qxu, Qxu, Qxu, Qxu, Qxu, Xu, Xu
Xu, Qxu, Qxu, Qxu, Xu, Xu, Ur, Ur, Cay, Urb, Uu, Tb^Tfi, Uh, Uh, Uu, Tb^Tfi, Uu, Xu, Cud^Sr, Xu, Tb, Uu, Uh, Xu, Xu, Xu, Xu, Xu, Tb, Urb, Uu, Rb, Rb, Uh^Ii, Uh, Uu, Tb, Uh, Uh, Xu, Xu, Xu, Xu, Qxu, Qxu, Qxu, Xu, Qxu, Xu, Qxu, Xu, Xu
Xu, Xu, Xu, Xu, Xu, Xu, Tb^Tfi, Cay, 9 Kay, Cay, Uh, Uu, Xu, Xu, Xu, Ur, Ur, Xu, Xu, Xu, Rb, Tb, Uu, Xu, Xu, Xu, Uh, Xu, Ur, Uu, Uu, Tb, Rb, Uu, Uu, Uu, Ur, Ur, Uu, Ur, Ur, Qxu, Qxu, Qxu, Qxu, Xu, Xu, Xu, Xu, Xu, Xu, Xu
Xu, Xu, Xu, Xu, Uu, Uu, Uh, Cay, Cay, Cay, Uh, Uu^Vu, Xu, Cud^Sr, Xu, Uu, Tb, Uu, Uh^Ii, Rb, Uh, Uu, Xu, Xu, Xu, Uh, Uu^Vu, Uh, Tb^Tfi, Tb, Uu, Xu, Xu, Xu, Tb^Tfi, Tb^Tfi, Xu, Xu, Xu, Uu, Tb^Tfi, Rb, Qxu, Qxu, Xu, Xu, Xu, Xu, Xu, Xu, Xu, Xu
Xu, Xu, Xu, Xu, Ur, Ur, Uh^Ii, Uu^Ii, Uu, Uh, Xu, Xu, Cud^Sr, Xu, Xu, Xu, Qxu, Tb, Uu^Ii, Uu^Vu, Uh, Uu, Uh, Xu, Rb, Uu, Uu, Ur, Ur, Uh, Xu, Xu, Xu, Uu^Vu, Uh, Uh, Xu, Xu, Uh, Uu, Rb, Rb, Tb^Tfi, Tb^Tfi, Tb, Xu, Xu, Xu, Xu, Xu, Xu, Xu
Xu, Xu, Cud^Sr, Xu, Uh, Uu^Vu, Uu, Ur, Uu, Xu, Xu, Xu, Xu, Xu, Xu, Qxu, Qxu, Qxu, Uu, Urb, Rb, Tb^Tfi, Uu, Rb, Uh^Ii, Uh^Ii, Uu^Ii, Uh, Tb^Tfi, Uh, Qxu, Xu, Qxu, Qxu, Qxu, Xu, Xu, Xu, Xu, Uh, Uu, Uu, Ce, Uh^Ii, Uh, Uu, Uu^Vu, Xu, Xu, Xu, Xu, Xu
Xu, Xu, Xu, Xu, Xos, Cud^Ii, Xu, Ur, Qxu, Qxu, Qxu, Qxu, Qxu, Xu, Qxu, Qxu, Qxu, Uu, Tb^Tfi, Uh, Uh, Rb, Uu, Tb, Tb, Uu^Vu, Ur, Tb, Xu, Qxu, Qxu, Qxu, Qxu, Qxu, Qxu, Xu, Qxu, Xu, Qxu, Tb, Uh, Ce, Ce, Ce, Ce, Uu, Uu, Xu, Xu, Xu, Xu, Xu
Xu, Xu, Xos, Xos, Ur, Xos, Xos, Xu, Qxu, Qxu, Qxu, Qxu, Qxu, Xu, Xu, Qxu, Qxu, Tb, Tb^Tfi, Uh, Cay, Cay, Cay, Uu, Uh, Ur, Uh, Xu, Xu, Xu, Xu, Qxu, Qxu, Qxu, Qxu, Qxu, Qxu, Qxu, Qxu, Tb, Tb, Ce, Ce, 1 Ke, Ce, Ce, Uu, Xu, Xu, Xu, Xu, Xu
Xu, Xu, Xos, Uu, Tb, Uu, Xos, Xu, Xu, Qxu, Qxu, Xu, Xu, Xu, Qxu, Qxu, Qxu, Qxu, Uu, Ur, Cay, 8 Kay, Cay, Rb, Uu^Ii, Uh^Ii, Urb, Uu, Uu, Xu, Xu, Qxu, Qxu, Qxu, Qxu, Qxu, Qxu, Qxu, Qxu, Qxu, Rb, Uh, Uu, Ce, Ce^Ii, Ce, Ur, Xu, Xu, Xu, Xu, Xu
Xu, Xos, Ur, Uu^Ii, Ur, Xos, Xu, Xu, Xu, Qxu, Qxu, Xu, Qxu, Xu, Qxu, Qxu, Uh, Uh, Uu, Tb, Uh, Cay, Uh, Rb, Uu, Xu, Xu, Urb, Tb^Tfi, Xu, Xu, Qxu, Qxu, Qxu, Qxu, Qxu, Qxu, Qxu, Xu, Xu, Xu, Rb, Xu, Tb^Tfi, Uh^Ii, Tb, Tb, Uh, Uh, Xu, Xu, Xu
Xu, Xos, Xos, Ur, Xos, Xos, Xu, Cud^Sr, Xu, Qxu, Qxu, Qxu, Qxu, Qxu, Qxu, Qxu, Tb, Uu^Vu, Ur, Ur, Tb^Tfi, Uh, Xu, Uu, Xu, Xu, Xu, Uh, Ur, Xu, Xu, Xu, Qxu, Qxu, Xu, Qxu, Qxu, Qxu, Qxu, Xu, Xu, Xu, Xu, Xu, Xu, Xu, Xu, Uh, Ur, Xu, Xu, Xu
Xuc, Xuc, Xuc, Xos, Xu, Xu, Xu, Xu, Xu, Xu, Xu, Qxu, Xu, Qxu, Qxu, Qxu, Xu, Tb, Xu, Xu, Xu, Xu, Xu, Xu, Xu, Xu, Xu, Uh, Ur, Xu, Xu, Xu, Xu, Qxu, Xu, Xu, Qxu, Qxu, Xu, Xu, Xu, Xu, Xu, Xu, Xu, Xu, Xu, Ur, Tb, Xu, Xu, Xu
Xuc, Xuc, Xu, Xu, Xu, Xu, Xu, Xu, Xu, Xu, Xu, Xu, Xu, Xu, Xu, Xu, Xu, Xu, Xu, Xu, Xu, Xu, Xu, Xu, Xu, Xu, Xu, Uu, Uu, Tb, Xu, Xu, Xu, Xu, Xu, Xu, Xu, Qxu, Xu, Xu, Xu, Xu, Xu, Xu, Xu, Xu, Xu, Ur, Uu, Uh, Xu, Xu
Xu, Xu, Xu, Xu, Xu, Xu, Xu, Xu, Xu, Xu, Xu, Xu, Xu, Xu, Xu, Xu, Xu, Xu, Xu, Xu, Xu, Xu, Xu, Xu, Xu, Xu, Xu, Xu, Uu, Uu^Uf, Xu, Xu, Xu, Xu, Xu, Xu, Xu, Xu, Xu, Xu, Xu, Xu, Xu, Xu, Xu, Xu, Xu, Xu, Uu, Uh, Xu, Xu
