border_size=1
usage=map

Dd, Dd, Dd, Dd, Dd^Esd, Dd, Dd, Dd, Dd, Dd, Dd, Dd, Dd, Dd, Dd, Dd^Es, Dd, Dd^Esd, Dd, Dd^Esd, Dd, Dd, Dd, Dd, Dd, Dd, Dd, Dd, Dd, Dd^Es, Dd, Dd, Dd, Dd, Dd, Dd^Es, Dd, Dd, Dd, Dd, Dd, Dd, Dd, Dd^Es, Dd, Dd, Dd, Dd, Dd, Dd, Dd, Dd
Dd, Dd, Dd, Dd, Dd, Dd, Dd, Dd^Es, Cd, Dd^Es, Dd, Dd, Dd, Dd, Dd, Dd, Hd, Hd, Hd, Dd, Dd, Dd, Dd, Dd, Dd, Dd, Dd, Dd, Dd^Es, Dd, Dd, Dd, Dd^Es, Dd, Dd, Dd, Dd, Dd, Dd, Dd, Dd, Dd, Dd, Dd, Dd, Dd, Dd, Dd, Dd^Esd, Dd, Dd, Dd
Dd, Dd, Dd, Dd, Dd^Esd, Dd, Cd, Dd, Cd, Cd, Gd, Dd, Dd, Dd^Es, Dd, Dd, Dd, Dd, Dd, Dd, Dd, Dd^Esd, Dd, Dd, Dd, Dd, Dd, Dd, Dd, Hd, Hd, Hd, Dd, Dd, Dd, Dd, Dd, Dd, Dd, Dd, Dd, Dd, Dd, Dd, Cdr, Dd, Hd, Dd, Dd, Dd, Dd^Es, Dd
Dd, Dd, Dd, Dd, Gd, Gd^Vda, Cd, 6 Kd, Gd^Fts, Cd, Gd, Gd, Cd, Dd, Dd, Dd^Esd, Dd^Esd, Dd, Dd, Dd, Dd, Dd, Dd, Dd^Es, Dd, Dd, Dd, Dd, Dd^Esd, Dd, Dd, Dd^Esd, Dd, Dd, Dd, Dd, Dd, Dd, Dd, Dd, Dd, Dd, Cdr, Hd, Cdr, Hd, Dd^Vdt, Hd, Dd, Dd^Esd, Dd, Dd
Dd^Esd, Dd, Dd, Cd, Gd, Cd, Gd^Vda, Cd, Wwt, Gd^Fts, Wwt, Gd^Fts, Dd, Dd, Dd, Dd^Esd, Hd, Dd, Dd, Dd^Esd, Dd, Dd, Dd, Dd, Dd, Dd, Dd, Dd, Hd, Dd, Hd, Hd, Dd, Dd, Dd, Dd, Dd^Esd, Dd^Es, Dd, Dd, Hd, Dd, Hd, Cdr, 5 Kdr, Hd, Hd, Hd^Ecf, Dd, Dd, Dd, Dd
Dd^Es, Dd, Dd^Esd, Gd^Fts, Wwt, Wwt, Gd^Fts, Gd^Fts, Wwt, Wwt, Wwt, Gd^Vda, Gd, Dd, Dd, Dd, Hd, Dd^Es, Dd, Dd, Dd, Dd^Esd, Dd, Dd, Hd, Hd, Dd, Dd, Dd, Hd, Dd, Dd, Dd, Dd, Hd, Hd, Dd, Dd, Dd^Es, Hd, Hd, Dd^Vdt, Hd, Hd, Cdr, Cdr, Cdr, Hd, Dd, Dd^Esd, Dd^Esd, Dd
Dd, Dd, Dd, Gd^Fts, Gd^Fts, Wwt, Wwt, Wwt, Wwt, Gd^Fts, Gd^Fts, Gd^Fts, Gd, Dd, Dd^Esd, Dd, Hd, Dd, Dd, Dd^Esd, Dd, Dd, Dd, Hd, Hd, Dd, Dd, Dd, Dd^Es, Hd, Dd, Dd, Dd, Dd^Esd, Hd, Hd, Hd, Hd, Hd, Dd, Dd, Hd^Ecf, Dd, Dd^Vdt, Cdr, Hd, Dd, Dd^Esd, Dd, Dd^Es, Dd^Es, Dd
Dd, Dd, Dd, Gd, Gd^Fts, Wwt, Wwt, Gd^Fts, Wwt, Wwt, Gd^Fts, Cd, Dd, Dd, Dd^Esd, Hd, Dd, Dd, Dd, Dd, Dd, Dd, Dd, Dd, Dd, Dd, Dd^Esd, Dd^Esd, Dd, Dd, Dd, Dd, Dd, Dd^Esd, Dd, Dd, Dd, Dd, Dd^Esd, Dd^Es, Dd, Dd, Dd, Hd, Dd, Dd^Esd, Dd^Esd, Dd, Dd, Dd^Esd, Dd^Esd, Dd
Dd^Es, Dd^Es, Dd, Cd, Gd, Gd^Fts, Gd, Gd^Fts, Gd, Gd^Fts, Gd, Gd, Dd, Dd, Dd, Dd, Dd, Dd, Hd, Hd, Dd, Dd, Dd, Dd, Dd, Dd, Dd, Dd^Es, Dd, Dd, Dd, Dd, Dd^Esd, Dd, Dd, Dd, Dd, Dd, Dd, Dd, Dd, Dd, Dd^Esd, Dd, Dd, Dd, Dd, Dd^Es, Dd, Dd, Dd, Dd
Dd, Dd, Dd, Dd, Dd, Gd^Vda, Dd, Cd, Dd, Dd, Dd, Dd^Esd, Dd, Dd, Dd, Dd^Esd, Dd, Dd, Hd, Dd, Hd, Hd, Dd^Esd, Dd, Dd, Dd, Dd^Es, Dd, Dd, Dd, Dd^Es, Dd^Esd, Dd, Dd, Dd, Dd, Dd, Dd, Dd, Dd, Dd, Dd, Dd, Dd, Dd, Dd, Dd, Dd, Dd, Dd, Dd, Dd
Dd, Dd, Dd, Dd, Dd, Dd, Dd, Dd, Dd, Dd, Dd, Dd^Es, Dd, Dd^Es, Dd^Es, Dd, Dd, Dd, Dd, Hd, Dd^Esd, Dd, Dd, Dd^Es, Dd, Dd^Es, Dd, Dd^Es, Dd, Dd^Esd, Hd, Dd, Dd, Dd, Dd, Dd, Dd, Dd, Dd^Es, Dd^Esd, Dd^Esd, Dd, Dd^Esd, Dd, Dd, Dd, Dd, Dd, Dd, Dd^Es, Dd, Dd^Es
Dd, Dd, Dd, Dd, Dd^Es, Dd, Dd^Esd, Dd, Dd, Dd, Dd^Esd, Dd, Hd, Hd, Hd, Dd, Dd, Dd, Dd^Es, Dd, Dd, Dd^Esd, Dd, Dd, Dd, Dd, Dd, Dd^Esd, Dd^Es, Hd, Dd, Hd, Hd, Dd, Dd, Dd, Dd, Dd, Dd, Dd, Dd, Dd, Ss, Dd, Dd, Dd, Gd^Fts, Dd, Gd, Dd, Dd, Dd
Dd, Dd, Dd, Dd, Dd, Dd^Es, Dd, Dd^Esd, Dd, Dd, Dd, Hd, Dd, Dd, Dd, Dd, Dd, Dd, Dd, Dd, Dd, Dd, Dd^Esd, Dd^Esd, Dd, Dd, Dd, Dd, Dd, Hd, Dd, Dd, Dd, Dd, Dd, Dd^Es, Dd, Dd, Dd, Dd^Esd, Gd^Fts, Ss, Ss, Dd, Ss, Ss, Gd^Fts, Ss, Ss, Gd, Ss, Dd
Dd^Es, Dd^Esd, Dd, Dd^Es, Dd, Dd, Dd, Dd, Dd, Dd, Dd, Dd, Dd, Dd, Dd, Dd, Dd, Dd^Es, Dd, Dd, Dd, Dd^Esd, Dd, Dd, Dd, Dd, Dd^Es, Dd, Dd, Dd^Esd, Dd, Dd^Es, Dd, Dd, Dd, Hd, Hd, Dd, Dd, Dd, Ss, Gd^Fts, Ss, Ss, Ss, Gd, Ss, Ss, Rd, Ss, Ss^Vhs, Ss
Dd, Dd, Dd, Dd, Dd, Hhd, Hhd, Dd, Dd, Dd, Hhd, Dd^Esd, Dd^Esd, Dd, Dd, Dd, Hhd, Dd, Hhd, Hhd, Dd, Dd, Dd^Esd, Dd^Es, Dd^Es, Dd, Hhd, Dd, Hhd, Dd, Dd, Dd^Es, Dd, Dd^Es, Dd, Hd, Dd, Dd^Es, Dd, Ss, Ss, Gd, Gd, Gd^Fts, Gd^Fts, Ss^Vhs, Gd^Fts, Gd^Fts, Rd, Ss, Ss, Ss
Dd, Dd, Dd, Dd, Hhd, Hhd, Dd, Dd^Es, Dd, Dd, Hhd, Hhd, Dd, Dd, Hhd, Hhd, Hhd, Hhd, Dd, Dd^Esd, Dd, Dd, Dd, Dd, Hhd, Dd^Esd, Hhd, Hhd, Hhd, Dd, Dd^Es, Dd^Es, Dd, Dd, Dd^Es, Dd, Dd, Dd, Dd, Dd, Ss, Ss^Vhs, Ss, Gd^Fts, Ss, Ss, Rd, Gd^Fts, Ss, Gd^Fts, Gd^Fts, Ss
Dd^Esd, Dd^Esd, Hhd, Hhd, Hhd, Dd, Hhd, Dd, Hhd, Hhd, Hhd, Hhd, Dd, Dd, Hhd, Hhd, Dd, Dd^Esd, Dd, Dd^Esd, Dd, Dd, Hhd, Hhd, Co^Edt, Dd, Hh, Hhd, Hhd, Hhd, Hhd, Dd, Hhd, Dd, Hhd, Dd, Dd, Dd, Gd, Gd^Fts, Gd^Fts, Ss, Gd, Rd, Rd, Chs, Chs, Chs, Rd, Gd^Fts, Ss, Ss
Hhd, Hhd, Mm, Mm, Mm, Hhd, Hhd, Hhd, Hhd, Hhd, Hhd, Dd, Hhd, Dd, Hhd, Hhd, Dd, Dd, Hhd, Hhd, Co^Edt, Dd^Es, Hhd, Hhd, Co^Edt, Hh, Hh, Co^Edt, Co^Edt, Co^Edt, Co^Edt, Co^Edt, Dd, Hhd, Hhd, Hhd, Gd, Gd, Gd^Fts, Gd, Ss, Ss, Ss, Ss, Chs, Chs, 7 Khs, Chs, Chs, Ss, Ss, Ss
Mm, Hhd, Hh, Hh, Mm, Mm, Mm, Mm, Mm, Mm, Hh, Hhd, Hhd, Hhd, Hhd, Hhd, Hh, Hh, Hhd, Co^Edt, Co^Edt, Co^Edt, Re, Co^Edt, Gd, Gd, Hhd, Hhd, Gd^Edt, Hhd, Hhd, Co^Edt, Hh, Co^Edt, Co^Edt, Hhd, Gd, Gd^Fts, Gd, Gd, Hhd, Hh, Hh, Gd^Fts, Ss, Chs, Chs, Chs, Ss, Ss, Hh, Ss
Mm, Mm, Mm, Hh, Mm, Mm, Mm, Mm, Mm, Hh, Hh, Hhd, Hh, Hh, Co^Edt, Hh, Gd, Hhd, Rb^Edt, Co^Edt, Gd, Re, Hhd, Re, Hhd, Gd^Edt, Re, Re, Hhd, Gd, Hhd^Vo, Re, Hh, Hh, Co^Edt, Co^Edt, Hhd, Gd^Fts, Re, Hhd, Mm, Mm, Hhd, Gd^Fts, Gd^Fts, Chs, Ss, Chs, Gd^Fts, Gd^Fts, Hhd, Hh
Mm, Mm, Mm, Mm, Hh, Hh, Hhd, Mm, Mm, Hh, Hh, Hh, Hhd, Co^Edt, Hh, Co^Edt, Gd, Gd^Edt, Gd^Edt, Rb^Edt, Hhd, Gd, Hhd, Hhd^Vo, Gd^Edt, Gd^Edt, Co^Edt, Co^Edt, Co^Edt, Rb^Edt, Rb^Edt, Gd^Edt, Hhd, Hh, Hh, Co^Edt, Hhd, Re, Hh, Hh, Mm, Mm, Hhd, Ss, Hhd, Ss, Gd^Fts, Ss, Ss^Vhs, Hhd, Mm, Mm
Mm, Mm, Hh, Mm, Hh, Re, Re, Hhd, Hh, Hh, Re, Re, Co^Edt, Hhd, Hh^Vo, Gd, Co^Edt, Co^Edt, Co^Edt, Re, Gd, Hhd, Gd, Hhd, Re, Gd, Co^Edt, 4 Ko^Edt, Co^Edt, Hhd, Gd, Rb^Edt, Gd, Hhd, Co^Edt, Hhd, Hh, Re, Hh, Mm, Mm, Mm, Mm, Mm, Hhd, Hhd, Hh, Gd^Fts, Hh, Hhd, Mm, Mm
Hh, Hh, Re, Hhd, Hhd, Re, Hh, Hhd, Re, Hh, Hhd, Re, Co^Edt, Hh, Re, Re, Co^Edt, 3 Ko^Edt, Co^Edt, Gd, Rb^Edt, Hhd, Hhd, Gd, Rb^Edt, Hhd, Hhd, Co^Edt, Hhd, Hhd, Re, Gd^Edt, Re, Re, Co^Edt, Co^Edt, Hhd, Hhd, Hh, Mm, Hhd, Mm, Hh^Vo, Mm, Mm, Mm, Mm, Hh, Hhd, Mm, Mm, Mm
Hhd, Re, Hh, Hh, Mm, Hhd, Hh, Re, Hh, Hhd, Hhd, Co^Edt, Co^Edt, Hh, Re, Hhd, Hhd, Co^Edt, Gd^Edt, Hhd, Hhd^Vo, Rb^Edt, Gd^Edt, Gd^Edt, Gd, Gd, Rb^Edt, Re, Hhd, Re, Gd^Edt, Hh, Hhd, Hh, Co^Edt, Co^Edt, Hhd, Mm, Mm, Hhd, Re, Hh, Mm, Mm, Hh, Mm, Mm, Hhd, Mm, Mm, Mm, Mm
Hhd, Hhd, Mm, Mm, Mm, Hh, Mm, Mm, Mm^Xm, Hh, Hhd, Hhd, Hh, Co^Edt, Hhd, Gd, Gd, Gd, Hh, Gd, Hhd, Rb^Edt, Gd^Edt, Rb^Edt, Hhd, Gd, Gd^Edt, Hhd^Vo, Gd, Gd^Edt, Re, Hh^Vo, Hhd, Co^Edt, Hh, Hhd, Mm, Mm, Mm, Hh, Hhd, Hh, Mm^Xm, Mm, Hhd, Mm, Hh, Hhd, Mm, Mm, Mm, Mm
Hh, Hh, Mm^Xm, Mm, Mm, Mm, Mm^Xm, Mm^Xm, Mm, Mm, Mm^Xm, Hh, Hhd, Hhd, Hh, Co^Edt, Co^Edt, Hh, Hhd, Co^Edt, Co^Edt, Hh, Hh, Re, Hhd, Gd, Co^Edt, Gd, Hh, Re, Co^Edt, Co^Edt, Hhd, Hhd, Hh, Hh, Hhd, Mm, Mm^Xm, Hhd, Hhd, Mm, Mm, Mm, Hhd, Hhd, Mm, Hh, Hhd, Mm, Hh, Hh
Mm, Mm, Mm, Mm^Xm, Mm^Xm, Mm, Mm^Xm, Mm^Xm, Mm^Xm, Mm^Xm, Mm^Xm, Xu, Xu, Hh, Hh, Co^Edt, Co^Edt, Hhd, Hhd, Co^Edt, Co^Edt, Hhd, Co^Edt, Co^Edt, Co^Edt, Hhd, Co^Edt, Co^Edt, Hh, Co^Edt, Co^Edt, Co^Edt, Re, Hh, Re, Hhd, Hhd, Mm, Mm, Mm, Hh, Mm, Hh, Hh, Hh, Mm, Mm, Hhd, Mm, Hhd, Hh, Hh
Mm, Mm, Mm^Xm, Mm^Xm, Mm^Xm, Mm, Mm^Xm, Xu, Xu, Mm^Xm, Xu, Xu, Xu, Uu, Uu, Hhd, Hhd, Hh, Hh, Hh, Hh, Hhd, Hhd, Co^Edt, Hh, Hh, Hhd, Hhd, Mm, Hh, Hhd, Hhd, Hh, Re, Hhd, Hh, Hh, Hhd, Hh, Hhd, Mm, Hh, Mm, Mm, Hh, Mm, Mm, Mm, Mm, Mm, Mm, Mm
Mm, Mm^Xm, Xu, Xu, Xu, Mm^Xm, Xu, Xu, Xu, Xu, Xu, Xu, Uh, Uh, Uu, Uh, Xu, Hh, Mm^Xm, Mm, Mm, Mm, Mm, Hhd, Mm, Hh, Mm^Xm, Mm^Xm, Mm, Mm, Mm, Hhd, Hh, Hh, Mm, Mm, Mm, Mm, Hh, Hhd^Vo, Mm, Mm, Hhd, Mm, Hhd, Hhd, Mm, Mm, Hh^Vo, Mm, Hh, Mm
Mm^Xm, Mm^Xm, Xu, Xu, Xu, Xu, Xu, Xu, Xu, Uu^Uf, Uu^Ufi, Uu, Rb, Rb, Uu^Ufi, Xu, Xu, Xu, Xu, Mm^Xm, Mm, Mm, Mm, Mm, Mm, Mm^Xm, Mm, Mm, Mm^Xm, Mm^Xm, Mm^Xm, Mm, Hhd, Mm, Mm^Xm, Mm, Mm^Xm, Mm, Hh, Mm, Mm, Mm, Hh, Hh, Mm, Hhd, Mm, Mm, Hhd, Hh, Mm, Mm
Xu, Xu, Xu, Xu, Xu, Xu, Xu, Xu, Xu, Uh, Ur, Uu, Uh, Uu, Uu^Uf, Xu, Xu, Xu, Xu, Mm^Xm, Mm^Xm, Mm, Mm^Xm, Mm^Xm, Mm^Xm, Mm, Mm^Xm, Mm^Xm, Xu, Xu, Xu, Hhd, Hhd, Mm^Xm, Xu, Mm^Xm, Xu, Mm^Xm, Hhd, Mm, Hhd, Mm, Mm, Mm, Mm, Hh, Hh, Hh, Mm, Hhd, Hh, Mm
Xu, Xu, Xu, Xu, Uu, Uu^Ufi, Xu, Xu, Uu, Xu, Ur, Uu, Xu, Uh, Xu, Xu, Xu, Xu, Xu, Xu, Xu, Mm^Xm, Xu, Xu, Xu, Mm^Xm, Xu, Xu, Xu, Xu, Uu, Uh, Uu, Xu, Xu, Xu, Xu, Xu, Uh, Hhd, Mm^Xm, Mm, Mm^Xm, Mm, Mm, Mm, Hhd, Mm, Mm, Hhd, Mm^Xm, Mm
Xu, Xu, Xu, Xu, Uh, Uu^Vu, Xu, Xu, Uu, Ur, Uu, Uu^Uf, Xu, Xu, Xu, Xu, Xu, Xu, Xu, Xu, Xu, Xu, Xu, Xu, Xu, Xu, Xu, Xu, Xu, Xu, Rb, Uu, Uh, Uh, Xu^Uov, Xu, Uh, Xu, Uu, Uu, Xu, Mm^Xm, Xu, Mm^Xm, Mm, Mm^Xm, Mm, Hhd^Vo, Mm^Xm, Mm^Xm, Mm, Mm
Xu, Xu, Xu, Uh, Uu^Ufi, Uu, Ur, Uu, Uh, Uu^Uf, Uu^Uf, Xu, Xu, Xu, Xu, Xu, Xu, Xu, Xu, Xu, Xu, Xu, Xu, Xu, Xu, Xu, Xu, Xu, Xu, Uu, Uu^Ufi, Rb, Uu, Xu, Xu, Rb, Uu^Ufi, Uh, Uu, Uh, Xu, Xu, Xu, Mm^Xm, Mm^Xm, Mm, Mm, Mm, Mm, Mm, Mm^Xm, Mm
Xu, Xu, Xu, Uh, Uu, Uu^Ufi, Co, Ur, Co, Uh, Uu, Xu, Uu^Vu, Uu^Ufi, Uu^Ufi, Xu, Xu, Xu, Xu, Xu, Uu, Xu, Xu, Xu, Xu, Xu, Xu, Xu, Uh, Uu, Uu^Vu, Rb, Xu, Xu, Xu, Xu, Uu^Uf, Uu^Vu, Uh, Uu^Ufi, Uu^Uf, Xu, Xu, Xu, Mm^Xm, Mm, Mm^Xm, Mm^Xm, Mm^Xm, Mm, Mm, Mm
Xu, Xu, Xu, Xu, Uh, Uu, Co, Co, Co, Uh, Uu, Ur, 1 Uh, Uh, Xu, Xu, Xu, Xu, Uh, Uh^Vu, Uu^Ufi, Uu, Uu^Uf, Uu^Uf, Xu, Xu, Xu, Xu, Rb, Rb, Uu, Uh, Uu^Ufi, Xu, Xu, Xu, Uu, Uh, Xu, Ur, Ur, Uu, Xu, Xu, Xu, Mm^Xm, Xu, Xu, Xu, Mm^Xm, Mm^Xm, Mm
Xu, Xu, Xu, Xu, Uh, Co, Co, 2 Ko, Co, Co, Rb, Uu, Uu^Ufi, Uu, Xu, Xu, Xu, Xu, Uu, Uu, Rb, Uu, Uh, Ur, Uu, Xu, Uu^Ufi, Xu, Xu, Uh, Rb, Uu^Ufi, Uh, Xu, Xu, Xu, Xu, Uu, Xu, Xu, Uu, Uu, Xu^Uov, Xu^Uov, Xu^Uov, Xu, Xu, Xu, Xu, Xu, Xu, Mm^Xm
Xu, Xu, Xu, Uu, Uu^Uf, Rb, Co, Co, Co, Uu, Xu, Rb, Uu^Uf, Uu, Ur, Xu, Ur, Uu^Uf, Uu, Rb, Xu, Xu, Xu, Uh, Uu, Uu, Uu^Ufi, Xu, Xu, Uu, Rb, Uu, Xu, Xu, Xu, Xu, Xu, Xu, Xu, Uh, Uu^Ufi, Rb, Rb, Xu, Xu, Xu^Uov, Uh, Xu, Xu, Xu, Xu, Xu
Xu, Xu, Uu^Uf, Uu, Uu, Rb, Uu^Uf, Uu^Uf, Uu, Uu, Xu, Xu, Uh, Uh, Uu, Ur, Uh, Uh, Uh, Xu, Xu, Xu, Xu, Uh, Rb, Rb, Rb, Uh, Uu, Uu^Vu, Uh, Rb, Xu, Xu, Xu, Xu, Xu, Xu, Xu, Uu^Uf, Uu^Vu, Uh, Qxu, Xu, Xu, Xu, Ur, Uu^Ii, Xu, Xu, Xu, Xu
Xu, Xu, Uu^Uf, Ur, Uh, Uh, Xu, Xu, Xu, Xu, Xu, Xu, Xu, Uh, Xu, Uu^Uf, Xu, Uu^Uf, Xu, Xu, Xu, Xu, Xu, Xu, Xu, Xu, Xu, Uh, Uu^Uf, Uu, Uu^Uf, Uh, Xu, Xu, Xu, Xu, Xu, Xu, Xu, Xu, Qxu, Uh, Qxu, Qxu, Qxu, Qxu, Qxu, Uu^Uf, Xu, Xu, Xu, Xu
Uu, Uu, Ur, Ur, Xu, Uh, Xu, Xu, Xu, Xu, Xu, Xu, Xu, Xu, Xu, Xu, Xu, Xu, Xu, Xu, Xu, Xu, Xu, Xu, Xu, Xu, Xu, Uu^Uf, Xu, Xu, Xu, Xu, Xu, Xu, Xu, Xu, Xu, Xu, Xu, Xu, Xu, Qxu, Xu, Qxu, Qxu, Qxu, Qxu, Xu, Xu, Xu, Xu, Xu
Uu, Uh, Uh, Xu, Xu, Xu, Xu, Xu, Xu, Xu, Xu, Xu, Xu, Xu, Xu, Xu, Xu, Xu, Xu, Xu, Xu, Xu, Xu, Xu, Xu, Xu, Xu, Xu, Xu, Xu, Xu, Xu, Xu, Xu, Xu, Xu, Xu, Xu, Xu, Xu, Xu, Xu, Xu, Xu, Qxu, Qxu, Qxu, Xu, Xu, Xu, Xu, Xu
