border_size=1
usage=map

Dd, Dd, Dd, Dd, Dd, Dd, Dd, Dd, Dd, Dd, Dd, Rd, Dd, Dd, Dd, Dd, Dd, Dd, Dd, Dd, Dd, Ww, Wo, Wo, Wo, Wo, Wo, Wo, Wo, Wo, Wo, Wo, Wo, Wo, Wo, Wo, Wo, Wo, Wo, Wo, Wo, Wo, Wo, Wo, Wo, Wo, Wo, Wo, Wo, Wo, Wo, Wo, Wo, Wo, Wo, Wo, Wo, Ww, Wo, Wo, Wo, Wo, Wo, Ww, Wo, Wo, Wo, Wo
Dd, Dd, Dd, Dd, Hd, Hd, Dd, Dd, Dd, Dd, Hd, Dd, Rd, Dd, Dd, Dd, Dd, Dd, Rd, Dd, Dd, Ww, Ww, Wo, Wo, Wo, Wo, Wo, Wo, Wo, Wo, Wo, Wo, Wo, Wo, Wo, Wo, Wo, Wo, Wo, Wo, Wo, Wo, Wo, Wo, Wo, Wo, Wo, Wo, Wo, Wo, Wo, Wo, Wo, Wo, Wo, Ww, Ww, Ww, Ww, Ww, Wo, Ww, Ww, Wo, Wo, Wo, Wo
Dd, Rd, Dd^Vdt, Dd, Hd, Hd, Hd, Hd, Dd, Hd, Dd^Vdt, Dd, Dd, Dd, Dd, Dd, Dd, Dd, Dd, Dd, Dd, Dd, Dd, Ww, Ww, Wo, Wo, Wo, Wo, Wo, Wo, Wo, Ww, Wo, Wo, Wo, Wo, Wo, Wo, Wo, Wo, Wo, Wo, Wo, Wo, Wo, Wo, Wo, Wo, Wo, Wo, Wo, Ww, Ww, Ww, Ww, Dd, Dd, Dd, Dd, Dd, Ww, Dd, Ww, Ww, Wo, Wo, Wo
Dd, Dd, Dd, Hd, Hd, Cd, 3 Kd, Cd, Hd, Dd, Hd, Dd, Dd, Dd, Dd, Dd, Dd, Dd, Dd, Dd, Dd, Rd, Dd, Dd, Dd, Ww, Wo, Wo, Wo, Wo, Wo, Ww, Ww, Ww, Ww, Wo, Wo, Wo, Wo, Wo, Wo, Wo, Wo, Wo, Wo, Wo, Wo, Wo, Ww, Wo, Ww, Ww, Dd, Dd, Dd, Dd, Ce, Dd, Dd, Dd^Vdt, Dd, Dd, Dd, Rd, Dd, Ww, Wo, Wo
Dd, Dd, Dd, Hd, Cd, Cd, Cd, Cd, Cd, Cd, Hd, Hd, Dd, Dd, Dd, Dd, Dd, Dd, Dd, Dd, Dd, Dd, Dd, Dd, Dd, Ww, Ww, Wo, Ww, Wo, Wo, Ww, Dd, Rd, Dd, Ww, Ww, Wo, Wo, Wo, Wo, Wo, Ww, Wo, Ww, Ww, Ww, Ww, Dd, Ww, Dd, Dd, Dd^Vdt, Dd, Ce, Ce, Ce, Ce, Dd, Dd, Dd, Dd, Dd, Dd^Vdt, Dd, Ww, Ww, Wo
Dd, Dd, Dd^Vdt, Dd, Dd, Hd, Hd, Hd, Cd, Cd, Dd, Dd, Dd^Vdt, Dd, Dd, Dd, Dd, Dd, Dd, Dd, Dd, Dd, Dd, Dd, Dd, Dd, Dd, Ww, Dd, Ww, Ww, Ww, Dd, Dd, Dd, Dd, Dd, Ww, Ww, Ww, Ww, Ww, Ww, Ww, Ww, Ww, Rd, Dd, Dd, Dd, Dd, Dd, Dd, Dd, Ce, 2 Ke, Ce, Ce, Dd, Dd, Dd^Vdt, Rd, Dd, Dd, Dd, Dd, Ww, Wo
Dd, Dd, Dd, Dd, Dd, Hd, Dd, Dd, Hd, Hd, Dd, Dd, Dd, Dd, Dd, Dd, Dd, Dd, Dd, Dd, Dd, Dd, Dd, Dd, Dd, Dd, Dd, Dd, Dd, Dd, Dd, Dd, Dd, Dd, Dd, Rd, Dd, Ww, Ww, Ww, Ww, Ww, Dd, Dd, Dd, Dd, Dd, Dd, Dd, Dd, Dd, Dd, Dd, Rd, Dd, Ce, Rd, Dd, Dd, Dd, Dd, Dd, Ce, Dd, Dd, Dd, Ww, Wo
Dd, Dd, Dd, Dd, Dd, Dd, Dd, Dd, Dd, Dd, Dd, Rd, Dd, Dd, Rd, Dd, Dd, Dd, Dd, Rd, Dd, Rd, Dd, Dd, Dd, Rd, Dd, Dd, Dd, Dd, Dd, Dd, Dd, Dd, Dd, Dd, Dd, Dd, Dd, Dd, Dd, Dd, Dd, Dd, Dd, Dd, Dd, Dd, Dd, Dd, Dd, Dd, Dd, Dd, Dd, Dd, Dd, Dd, Dd^Vdt, Dd, Dd, Ce, 1 Ke, Ce, Dd, Dd, Dd, Ww
Dd, Dd, Dd, Dd, Rd, Dd, Rd, Dd^Vdt, Dd, Dd, Dd, Dd, Dd, Dd, Dd, Dd, Dd, Dd, Rd, Dd, Dd, Dd, Dd, Dd, Dd, Dd, Dd, Dd, Rd, Dd, Dd, Dd, Dd, Dd, Dd, Dd, Dd, Rd, Dd, Rd, Dd, Dd, Dd, Dd, Rd, Dd, Dd, Dd, Dd, Dd, Dd, Dd, Dd, Dd^Vdt, Dd, Dd, Dd, Dd, Dd, Dd, Rd, Ce, Ce, Ce, Dd, Dd, Dd, Rd
Dd, Dd, Dd, Dd, Dd, Dd, Dd, Dd, Dd, Rd, Dd, Dd, Dd, Dd, Dd, Dd, Rd, Dd, Dd, Dd, Dd, Dd, Dd, Dd, Dd, Dd, Dd, Dd, Rd, Dd, Dd, Rd, Dd, Dd, Dd, Dd, Dd, Dd, Dd, Dd, Dd, Dd, Dd, Dd, Dd, Dd, Dd, Dd, Dd, Dd, Dd, Dd, Dd, Dd, Dd, Dd, Dd, Dd, Dd, Dd, Dd, Ce, Ce, Ce, Rd, Dd^Vdt, Dd, Dd
Dd, Rd, Dd, Dd, Dd, Dd, Dd, Dd, Dd, Dd, Dd, Dd, Dd, Dd, Dd, Dd, Dd, Dd, Dd, Dd, Rd, Dd, Rd, Dd, Dd, Dd, Dd, Dd, Dd, Dd, Dd, Dd, Rd, Dd, Dd, Dd, Dd, Dd, Dd, Dd, Dd, Dd, Dd, Dd, Dd, Rd, Dd, Dd, Dd, Dd, Dd, Dd, Dd, Dd, Rd, Dd, Dd, Dd, Dd, Dd, Dd, Dd, Dd, Dd, Dd, Dd, Dd, Dd
Dd, Dd, Dd, Dd, Dd, Dd, Rd, Dd, Dd, Dd, Dd, Dd, Dd, Dd, Dd, Dd, Rd, Dd, Dd, Dd, Dd, Rd, Dd, Dd, Dd, Dd, Dd, Dd, Dd, Dd, Dd, Dd, Dd, Dd, Dd, Dd, Dd, Dd, Dd, Dd, Dd, Dd, Dd, Dd, Dd, Rd, Dd, Dd, Dd, Dd, Gs^Ft, Gs^Ft, Gll, Dd, Dd, Dd, Dd, Dd, Rd, Dd, Dd, Rd, Dd^Vdt, Dd, Rd, Dd, Dd, Dd
Dd, Dd, Dd, Dd, Dd, Dd, Dd, Dd, Dd, Dd, Dd, Rd, Dd, Dd, Dd, Dd, Dd, Dd, Dd, Dd, Dd, Dd, Dd, Dd, Dd, Dd, Dd, Rd, Dd, Dd, Dd, Rd, Dd, Dd, Dd, Rd, Dd, Dd, Dd, Dd, Dd, Rd, Dd, Dd, Rd, Dd, Dd, Dd, Rd, Gs^Ft, Gs^Ft, Gs^Ft, Gs^Ft, Dd, Dd, Dd, Dd, Dd, Rd, Dd, Dd, Dd, Dd, Rd, Dd, Dd, Dd, Dd
Dd, Dd, Rd, Dd, Dd, Dd, Dd, Dd, Dd, Dd, Dd, Dd, Dd, Dd, Dd, Dd, Dd, Dd, Dd, Dd, Gll, Gs^Ft, Gs^Ft, Gs^Ft, Gs^Ft, Dd, Dd, Dd, Dd, Dd, Rd, Dd, Rd, Dd, Dd, Dd, Dd, Dd, Dd, Dd, Dd, Dd, Dd, Dd, Dd, Dd, Rd, Dd, Gs^Ft, Gll, Gs^Ft, Ss, Gs^Ft, Gs^Ft, Gs^Ft, Gll, Gs^Ft, Gll, Gs^Ft, Dd, Dd, Dd, Dd, Dd, Dd, Dd, Dd, Dd
Dd, Rd, Dd, Dd, Dd, Dd, Rd, Dd, Dd, Dd, Dd, Dd, Dd, Dd, Dd, Dd, Gll, Gs^Ft, Gll, Gs^Ft, Gs^Ft, Gs^Ft, Gs^Ft, Gs^Ft, Gs^Ft, Gs^Ft, Dd, Dd, Dd, Rd, Dd, Dd, Dd, Dd, Dd, Dd, Dd, Rd, Dd, Dd, Dd, Dd, Dd, Dd, Dd, Dd, Gs^Ft, Gs^Ft, Gs^Ft, Gs^Ft, Gs^Ft, Gs^Ft, Gs^Ft, Gs^Ft, Gs^Ft, Gs^Ft, Gs^Ft, Gs^Ft, Gll, Gs^Ft, Gs^Ft, Gs^Ft, Gs^Ft, Dd, Gs^Ft, Dd, Dd, Dd
Dd, Dd, Dd, Dd, Dd, Dd, Rd, Dd, Dd, Dd, Dd, Dd, Dd, Dd, Dd, Dd, Rd, Gs^Ft, Gs^Ft, Gs^Ft, Gs^Ft, Gs^Ft, Gs^Ft, Gs^Ft, Gs^Ft, Gs^Ft, Gll, Dd, Gs^Ft, Dd, Dd, Dd, Gs^Ft, Dd, Gll, Dd, Gs^Ft, Dd, Gs^Ft, Dd, Gs^Ft, Gll, Gs^Ft, Gll, Gs^Ft, Gs^Ft, Gs^Ft, Gll, Gs^Ft, Gs^Ft, Gs^Ft, Gll, Gs^Ft, Gs^Ft, Gs^Ft, Gs^Ft, Gll, Gs^Ft, Gs^Ft, Gs^Ft, Gs^Ft, Gs^Ft, Gs^Ft, Gll, Gs^Ft, Gs^Ft, Gs^Ft, Dd
Rd, Dd, Dd, Dd, Dd, Dd, Dd, Rd, Gs^Ft, Dd, Gs^Ft, Gs^Ft, Gs^Ft, Dd, Gll, Dd, Gs^Ft, Gs^Ft, Gs^Ft, Gs^Ft, Gs^Ft, Gs^Ft, Gs^Ft, Gs^Ft, Gll, Gll, Gs^Ft, Gs^Ft, Gs^Ft, Gs^Ft, Gs^Ft, Gs^Ft, Gs^Ft, Gs^Ft, Gs^Ft, Gs^Ft, Gs^Ft, Gs^Ft, Gs^Ft, Gs^Ft, Gs^Ft, Gll, Gs^Ft, Gs^Ft, Gs^Ft, Gs^Ft, Gs^Ft, Gs^Ft, Gs^Ft, Gs^Ft, Gll, Gll, Gs^Ft, Gs^Ft, Gs^Ft, Gs^Ft, Gs^Ft, Gll, Gs^Ft, Gs^Ft, Gs^Ft, Gs^Ft, Gs^Ft, Gs^Ft, Gs^Ft, Gll, Gs^Ft, Gs^Ft
Dd, Dd, Dd, Dd, Gs^Ft, Gs^Ft, Gll, Gs^Ft, Gs^Ft, Gs^Ft, Gs^Ft, Gs^Ft, Gs^Ft, Gll, Gs^Ft, Gs^Ft, Gs^Ft, Gll, Gs^Ft, Gs^Ft, Gs^Ft, Gs^Ft, Gs^Ft, Gs^Ft, Gs^Ft, Gll, Gs^Ft, Gll, Gs^Ft, Gs^Ft, Gs^Ft, Gs^Ft, Gs^Ft, Gs^Ft, Gs^Ft, Gs^Ft, Gll, Gs^Ft, Gs^Ft, Gll, Gll, Gs^Ft, Gll, Gs^Ft, Gs^Ft, Gs^Ft, Gs^Ft, Gs^Ft, Gs^Ft, Gs^Ft, Gs^Ft, Gs^Ft, Gs^Ft, Gll, Gs^Ft, Gs^Ft, Gll, Gll, Gs^Ft, Gll, Gs^Ft, Gs^Ft, Gs^Ft, Gs^Ft, Gs^Ft, Gs^Ft, Gs^Ft, Gs^Ft
Gs^Ft, Dd, Gll, Gs^Ft, Gs^Ft, Gs^Ft, Rb, Gs^Ft, Gll, Rb, Rb, Rp^Vhcr, Rb, Gll, Gll, Gs^Ft, Gs^Ft, Gs^Ft, Gll, Gs^Ft, Gs^Ft, Gs^Ft, Gs^Ft, Gs^Ft, Gs^Ft, Gll, Gs^Ft, Gs^Ft, Gs^Ft, Gs^Ft, Gll, Gs^Ft, Gs^Ft, Gs^Ft, Gs^Ft, Gs^Ft, Gs^Ft, Gs^Ft, Gs^Ft, Gs^Ft, Gs^Ft, Gs^Ft, Gs^Ft, Gs^Ft, Gs^Ft, Gll, Gs^Ft, Gll, Gs^Ft, Gs^Ft, Gs^Ft, Gs^Ft, Gs^Ft, Gs^Ft, Gs^Ft, Gs^Ft, Gll, Gs^Ft, Gll, Gs^Ft, Gs^Ft, Gll, Gs^Ft, Gs^Ft, Gs^Ft, Gll, Gs^Ft, Gs^Ft
Gs^Ft, Gll, Gs^Ft, Gs^Ft, Gs^Ft, Gll, Rp^Vhcr, Rb, Cv, Cv, Cv, Rp, Rb, Gll, Gs^Ft, Gs^Ft, Gs^Ft, Gs^Ft, Gs^Ft, Gs^Ft, Gs^Ft, Gll, Gll, Gs^Ft, Gs^Ft, Gs^Ft, Gll, Gs^Ft, Gs^Vht, Gs^Ft, Gs^Ft, Gs^Ft, Gs^Ft, Gs^Ft, Gs^Ft, Gs^Ft, Gs^Ft, Gs^Ft, Gs^Ft, Gs^Ft, Gs^Ft, Gs^Ft, Gll, Gs^Ft, Gs^Ft, Gs^Ft, Gll, Gll, Gs^Ft, Gs^Ft, Gs^Ft, Gs^Ft, Gll, Gll, Gs^Ft, Gs^Ft, Chr, Gs^Ft, Chr, Gs^Ft, Gs^Ft, Gs^Vht, Gs^Ft, Gs^Ft, Gs^Ft, Gs^Ft, Gs^Ft, Gs^Ft
Gs^Ft, Gs^Ft, Gll, Gs^Ft, Gs^Ft, Gll, Gll, Rp, Cv, 5 Kv, Cv, Rp, Rp^Vhcr, Gll, Gs^Ft, Gll, Gs^Ft, Gll, Gs^Ft, Gs^Ft, Gs^Ft, Gs^Ft, Gs^Ft, Gs^Ft, Gs^Ft, Gs^Ft, Gs^Ft, Gll, Gs^Ft, Gs^Ft, Gs^Ft, Gs^Ft, Gs^Ft, Gs^Ft, Gs^Ft, Gs^Ft, Gs^Ft, Gs^Ft, Gs^Ft, Gs^Vht, Gs^Ft, Gs^Ft, Gs^Ft, Gs^Ft, Gs^Ft, Gs^Ft, Gs^Ft, Gs^Ft, Gs^Ft, Gll, Ss, Gll, Gs^Ft, Gs^Ft, Gs^Ft, Gll, Gs^Ft, Chr, Chr, Gs^Ft, Gs^Vht, Gs^Ft, Gs^Ft, Gs^Ft, Gs^Ft, Gll, Gs^Ft, Gs^Ft
Gs^Ft, Gs^Ft, Gs^Ft, Gs^Ft, Gs^Ft, Rb, Gll, Rb, Rp, Cv, Rp, Gll, Gll, Gll, Gs^Ft, Rp, Gll, Gs^Ft, Gll, Gs^Ft, Gs^Ft, Gll, Gll, Gll, Gs^Ft, Gll, Gs^Ft, Gs^Ft, Gs^Ft, Gll, Gs^Ft, Gs^Ft, Gs^Ft, Gs^Ft, Gll, Gs^Ft, Gs^Ft, Gs^Ft, Gs^Ft, Gs^Ft, Gs^Ft, Gs^Ft, Gs^Ft, Gs^Ft, Gs^Ft, Gs^Ft, Gs^Ft, Gll, Gs^Ft, Gs^Ft, Gs^Ft, Gs^Ft, Gs^Ft, Gs^Ft, Gll, Gs^Ft, Gs^Ft, Gs^Vht, Chr, 9 Khr, Chr, Gll, Gs^Ft, Gs^Ft, Gll, Gs^Ft, Gs^Ft, Gll
Gs^Ft, Gs^Ft, Gs^Ft, Gll, Gs^Ft, Gll, Gll, Gll, Rp, Gll, Gll, Rp, Gll, Gs^Ft, Gs^Ft, Rp, Gs^Ft, Gll, Gs^Ft, Gs^Ft, Gs^Ft, Gs^Ft, Gs^Ft, Gs^Ft, Gs^Ft, Gs^Ft, Gs^Ft, Gs^Ft, Gs^Ft, Gs^Ft, Gll, Gs^Ft, Gll, Gs^Ft, Gs^Ft, Gll, Gll, Gs^Ft, Gs^Ft, Gs^Ft, Gs^Ft, Gs^Ft, Gll, Gs^Ft, Gs^Ft, Gs^Ft, Gll, Gs^Ft, Gs^Ft, Gs^Ft, Gs^Ft, Gll, Gll, Gll, Gs^Ft, Gs^Ft, Gll, Gs^Ft, Gs^Ft, Chr, Gll, Gs^Ft, Gs^Ft, Gs^Ft, Gs^Ft, Gll, Gll, Gs^Ft
Gs^Ft, Gs^Ft, Gs^Ft, Gs^Ft, Gs^Ft, Gs^Ft, Gs^Ft, Rp^Vhcr, Gs^Ft, Gll, Gs^Ft, Gll, Gs^Ft, Gs^Ft, Gs^Ft, Gll, Rp, Gs^Ft, Gs^Ft, Gs^Ft, Gs^Ft, Gs^Ft, Gs^Ft, Gs^Ft, Gs^Ft, Gs^Ft, Gll, Gs^Ft, Gs^Ft, Gs^Ft, Gs^Ft, Gs^Ft, Gs^Ft, Gs^Ft, Gs^Ft, Gs^Ft, Gll, Gs^Ft, Gs^Ft, Gll, Gll, Gll, Gs^Ft, Gs^Ft, Gs^Ft, Gs^Ft, Gs^Ft, Gs^Ft, Gs^Ft, Gs^Ft, Gll, Gs^Ft, Gs^Ft, Gs^Ft, Gs^Ft, Gs^Ft, Gs^Vht, Gs^Ft, Gs^Ft, Gs^Ft, Gs^Ft, Gs^Ft, Gs^Ft, Gs^Ft, Gs^Ft, Gs^Ft, Gs^Ft, Gll
Gs^Ft, Gs^Ft, Gs^Ft, Gs^Ft, Gs^Ft, Gs^Ft, Gll, Gs^Ft, Gll, Gll, Gs^Ft, Gs^Ft, Gll, Gs^Ft, Gll, Gs^Ft, Gll, Rp, Gs^Ft, Gs^Ft, Gll, Gs^Ft, Gs^Ft, Gs^Ft, Gs^Ft, Gs^Ft, Gs^Ft, Gs^Ft, Gs^Ft, Gs^Ft, Gs^Ft, Gs^Ft, Gs^Ft, Gs^Ft, Gs^Ft, Gll, Gs^Ft, Gll, Gs^Ft, Gs^Ft, Gs^Ft, Gs^Ft, Gll, Gs^Ft, Gs^Ft, Gs^Ft, Gs^Ft, Gll, Gs^Ft, Gs^Ft, Gll, Gll, Gs^Ft, Gs^Ft, Gs^Ft, Gll, Gs^Ft, Gs^Ft, Gs^Ft, Gs^Ft, Gs^Ft, Gll, Gll, Gs^Ft, Gs^Ft, Gs^Ft, Gs^Ft, Gll
Gs^Ft, Gs^Ft, Gs^Ft, Gs^Ft, Gs^Ft, Gll, Gs^Ft, Gs^Ft, Gll, Gs^Ft, Gs^Ft, Gs^Ft, Gs^Ft, Gll, Gs^Ft, Gs^Ft, Gll, Gll, Rp, Gs^Ft, Gs^Ft, Gs^Ft, Gs^Ft, Gs^Ft, Gs^Ft, Gll, Gs^Ft, Gs^Ft, Gs^Ft, Gll, Gll, Gs^Ft, Gs^Ft, Gs^Ft, Gll, Gs^Ft, Gs^Ft, Gs^Ft, Gs^Ft, Gs^Ft, Gs^Ft, Gs^Ft, Gll, Gll, Gll, Gs^Ft, Ss, Gs^Ft, Gs^Ft, Gs^Ft, Gs^Ft, Gs^Ft, Gs^Ft, Gs^Ft, Gs^Ft, Ss, Gll, Gs^Ft, Gs^Ft, Gs^Ft, Gs^Ft, Gll, Gll, Gs^Ft, Gs^Ft, Gs^Ft, Gs^Ft, Gll
Gs^Ft, Gs^Ft, Gs^Ft, Gs^Ft, Gs^Ft, Gll, Gll, Gs^Ft, Gs^Ft, Gll, Gs^Ft, Gll, Gs^Ft, Gs^Ft, Gs^Ft, Gs^Ft, Gs^Ft, Gs^Ft, Gs^Ft, Gs^Ft, Gll, Gll, Gs^Ft, Gs^Ft, Gs^Ft, Gll, Gs^Ft, Gll, Gs^Ft, Gs^Ft, Gll, Gs^Ft, Gs^Ft, Gs^Ft, Gs^Ft, Gs^Ft, Gs^Ft, Gs^Ft, Gs^Ft, Gs^Ft, Gs^Ft, Gs^Ft, Gll, Gs^Ft, Gs^Ft, Gll, Gll, Gs^Ft, Gs^Ft, Gll, Gs^Vht, Gll, Gs^Ft, Gs^Ft, Gs^Ft, Gs^Ft, Gs^Ft, Gs^Ft, Gs^Ft, Gs^Ft, Gs^Ft, Gs^Ft, Gs^Ft, Gs^Ft, Gs^Ft, Gs^Ft, Gs^Ft, Gll
Gll, Gs^Ft, Gs^Ft, Gs^Ft, Gll, Gll, Gs^Ft, Gll, Gs^Ft, Gs^Vht, Gs^Ft, Gs^Ft, Gs^Ft, Gs^Ft, Gs^Ft, Gs^Ft, Gs^Ft, Gs^Ft, Gs^Ft, Gs^Ft, Rp, Gs^Ft, Gs^Ft, Gll, Gll, Gs^Ft, Gs^Ft, Gs^Ft, Gs^Ft, Gs^Vht, Gs^Ft, Gll, Gs^Ft, Gs^Ft, Gs^Ft, Gs^Ft, Gs^Vht, Gs^Ft, Gs^Ft, Gs^Ft, Gs^Ft, Gs^Ft, Gs^Ft, Gs^Ft, Gs^Ft, Gs^Ft, Gs^Ft, Gs^Ft, Gll, Gs^Ft, Gs^Ft, Ss, Gs^Ft, Gs^Ft, Gs^Ft, Gs^Ft, Gs^Ft, Gs^Ft, Gs^Ft, Gs^Ft, Gs^Ft, Gs^Ft, Gs^Ft, Gs^Ft, Gll, Gs^Ft, Gs^Ft, Gs^Ft
Gs^Ft, Gs^Ft, Gs^Ft, Gs^Ft, Gs^Ft, Gs^Ft, Gs^Ft, Gll, Gs^Ft, Gs^Ft, Gs^Ft, Gs^Ft, Gs^Ft, Gs^Ft, Gs^Ft, Gs^Ft, Gs^Ft, Gll, Gs^Ft, Gll, Gs^Ft, Gs^Ft, Gs^Ft, Gs^Ft, Gs^Ft, Gs^Ft, Gs^Ft, Gs^Ft, Gll, Gs^Ft, Gs^Ft, Gs^Ft, Gs^Ft, Gs^Ft, Gs^Ft, Gs^Ft, Gs^Ft, Gs^Ft, Gs^Ft, Gs^Ft, Gs^Ft, Gll, Gll, Gs^Ft, Gs^Ft, Gs^Ft, Gs^Ft, Gs^Ft, Gs^Ft, Gs^Ft, Gs^Ft, Gs^Ft, Gll, Gs^Ft, Gs^Ft, Gs^Ft, Gs^Ft, Gs^Ft, Gs^Ft, Gs^Ft, Gs^Ft, Gs^Ft, Gs^Ft, Gs^Ft, Gs^Ft, Gs^Ft, Gs^Ft, Gs^Ft
Gs^Ft, Gs^Ft, Gll, Ss, Gs^Ft, Gs^Ft, Gs^Ft, Gs^Ft, Gs^Ft, Gs^Ft, Gs^Ft, Gll, Gll, Gs^Ft, Gs^Ft, Gs^Ft, Gs^Ft, Gs^Ft, Gs^Ft, Gs^Ft, Gs^Ft, Rp, Rp, Gs^Ft, Gs^Ft, Gs^Ft, Gs^Ft, Gs^Ft, Gs^Ft, Gs^Ft, Gs^Ft, Gll, Gll, Gs^Ft, Gs^Ft, Gs^Ft, Gs^Ft, Gs^Ft, Gs^Ft, Gs^Ft, Gs^Ft, Gs^Ft, Gs^Ft, Gs^Ft, Gs^Ft, Gs^Ft, Gs^Ft, Gll, Gs^Ft, Gs^Ft, Gs^Ft, Gs^Ft, Gs^Ft, Gs^Ft, Gs^Ft, Gs^Ft, Gs^Ft, Gs^Ft, Gs^Ft, Gs^Ft, Gs^Ft, Gs^Ft, Gs^Ft, Gs^Ft, Gll, Gll, Gs^Ft, Gll
Gs^Ft, Gll, Gs^Ft, Gs^Ft, Gs^Ft, Gs^Ft, Gs^Ft, Gs^Ft, Gs^Ft, Gs^Ft, Gll, Gs^Ft, Gs^Ft, Gll, Gs^Ft, Gs^Ft, Gs^Ft, Gs^Ft, Gs^Ft, Gs^Ft, Gs^Ft, Gs^Ft, Gll, Gll, Rp, Gs^Ft, Gll, Gs^Ft, Gs^Ft, Gs^Ft, Gs^Ft, Gs^Ft, Gs^Ft, Gs^Ft, Gs^Ft, Gs^Ft, Gll, Gll, Gll, Gs^Ft, Gs^Ft, Gs^Ft, Gs^Ft, Gs^Ft, Gll, Gs^Ft, Gs^Ft, Gs^Ft, Gs^Ft, Gs^Ft, Gs^Ft, Gs^Ft, Gs^Ft, Gs^Ft, Gs^Ft, Gs^Ft, Gll, Gs^Ft, Gs^Ft, Gs^Ft, Gs^Ft, Gs^Ft, Gs^Ft, Gs^Ft, Gs^Ft, Gll, Gs^Ft, Gs^Ft
Gs^Ft, Gll, Gs^Ft, Gll, Gs^Ft, Gs^Ft, Gs^Ft, Gs^Ft, Gs^Ft, Gs^Ft, Gs^Ft, Gs^Ft, Gs^Ft, Gs^Ft, Gs^Ft, Gs^Ft, Gs^Ft, Gll, Gs^Ft, Gs^Vht, Gs^Ft, Gs^Ft, Gll, Gs^Ft, Gll, Gs^Ft, Gs^Ft, Gs^Ft, Gs^Ft, Gll, Gs^Ft, Gs^Ft, Gs^Ft, Gs^Ft, Gll, Gs^Ft, Gs^Ft, Gs^Ft, Gll, Gs^Ft, Gs^Ft, Gs^Ft, Gs^Ft, Gs^Ft, Gs^Ft, Gll, Gs^Ft, Gs^Ft, Gs^Ft, Gll, Gs^Ft, Gs^Ft, Gs^Ft, Gs^Ft, Gs^Ft, Gs^Ft, Gll, Gs^Vht, Gs^Ft, Gs^Ft, Gs^Ft, Gs^Ft, Gll, Gs^Ft, Gs^Ft, Gs^Ft, Gll, Gs^Ft
Gs^Ft, Gs^Ft, Gll, Gs^Ft, Gs^Ft, Gs^Ft, Gs^Ft, Gs^Ft, Gs^Ft, Gs^Ft, Gs^Ft, Gll, Gll, Gs^Ft, Gs^Ft, Gs^Ft, Gs^Ft, Gs^Ft, Gs^Ft, Gs^Ft, Gs^Ft, Gs^Ft, Gs^Ft, Gs^Ft, Gs^Ft, Rp, Gs^Ft, Gs^Ft, Cv^Ftp, Gs^Ft, Gs^Ft, Gs^Ft, Cv^Ftp, Gs^Ft, Gs^Ft, Gs^Ft, Gll, Gs^Ft, Gs^Ft, Gll, Gll, Gs^Ft, Gs^Ft, Gs^Ft, Gs^Ft, Gs^Ft, Gs^Ft, Gs^Ft, Gs^Ft, Gll, Gs^Ft, Gs^Ft, Gs^Ft, Gll, Gs^Ft, Gs^Ft, Gll, Gll, Gs^Ft, Gs^Ft, Gs^Ft, Gs^Ft, Gs^Ft, Gll, Gs^Ft, Gs^Ft, Gs^Ft, Gll
Gs^Ft, Gll, Gs^Ft, Gs^Ft, Gs^Ft, Gs^Ft, Gs^Ft, Gs^Ft, Gs^Ft, Gll, Gs^Ft, Gs^Ft, Gs^Ft, Gs^Ft, Gs^Ft, Gs^Ft, Gs^Ft, Gll, Gs^Ft, Gs^Ft, Gs^Ft, Gs^Ft, Gs^Ft, Gs^Ft, Gs^Ft, Gs^Ft, Cv^Ftp, Gs^Ft, Gs^Ft, Cv^Ftp, Rp, Cv^Ftp, Gs^Ft, Ss, Cv^Ftp, Gs^Ft, Gs^Ftp, Gs^Ft, Gs^Ft, Gs^Ft, Gs^Ft, Gs^Ft, Gs^Ft, Gs^Ft, Gs^Ft, Gll, Gs^Ft, Gs^Ft, Gs^Ft, Gs^Ft, Gs^Ft, Gll, Gs^Ft, Gs^Ft, Gs^Ft, Gs^Ft, Gll, Gs^Ft, Gs^Ft, Gs^Ft, Gs^Ft, Gs^Ft, Gs^Ft, Gs^Ft, Gs^Ft, Gll, Gs^Ft, Gs^Ft
Gs^Ft, Gs^Ft, Gs^Ft, Gll, Gs^Ft, Gs^Ft, Gs^Ft, Gs^Ft, Gs^Ft, Gs^Ft, Gs^Ft, Gs^Ft, Gll, Gs^Ft, Gs^Ft, Gs^Ft, Gs^Ft, Ss, Gs^Ft, Gs^Ft, Gll, Gs^Ft, Gs^Ft, Gs^Ft, Gs^Ft, Gs^Ft, Cv^Ftp, Gs^Ft, Rp, Rp, Rp^Vhcr, Rp, Rp, Gll, Cv^Ftp, Gll, Gs^Ft, Gs^Ft, Gs^Ft, Gs^Ft, Gll, Gs^Ft, Gs^Ft, Gs^Ft, Gs^Ft, Gs^Ft, Gll, Gs^Ft, Gs^Ft, Gs^Ft, Gs^Ft, Gs^Ft, Gll, Gs^Ft, Gs^Ft, Gs^Ft, Gs^Ft, Gs^Ft, Gs^Ft, Gs^Ft, Gs^Ft, Gll, Gs^Ft, Gs^Ft, Gs^Ft, Gs^Ft, Gs^Ft, Gll
Gs^Ft, Gs^Ft, Gs^Ft, Gs^Ft, Gll, Gs^Ft, Gll, Gs^Ft, Gs^Ft, Gll, Gs^Ft, Gs^Ft, Gll, Gs^Ft, Gs^Ft, Gll, Gs^Ft, Gs^Ft, Gll, Gs^Ft, Gs^Ft, Gll, Gs^Ft, Gs^Ft, Gs^Ft, Gll, Gs^Ft, Rp, Cv^Ftp, Cv^Ftp, Cv^Ftp, Cv^Ftp, Cv^Ftp, Rp, Rp^Vhcr, Gs^Ft, Gs^Ft, Gll, Gll, Gll, Gs^Ft, Gs^Ft, Gs^Ft, Gll, Gs^Ft, Gs^Ft, Gs^Ft, Gs^Ft, Gs^Ft, Gs^Ft, Gs^Ft, Gll, Gs^Ft, Gs^Ft, Gs^Ft, Gll, Gs^Ft, Gs^Ft, Gs^Ft, Gll, Gs^Ft, Gs^Ft, Gll, Gs^Ft, Gs^Ft, Gll, Gs^Ft, Gs^Ft
Gs^Ft, Gll, Gs^Ft, Gs^Ft, Gs^Ft, Gs^Vht, Gs^Ft, Gs^Ft, Gs^Ft, Gs^Ft, Gs^Ft, Gs^Ft, Gs^Ft, Gll, Gs^Ft, Gs^Ft, Gs^Ft, Gs^Ft, Gs^Ft, Gs^Ft, Gs^Ft, Gs^Ft, Gll, Gs^Ft, Gs^Ft, Gs^Ft, Rp^Vhcr, Rp, Rp, Cv^Ftp, Kv, Cv^Ftp, Rp^Vhcr, Rp, Gs^Ft, Gs^Ft, Rp, Gll, Gs^Ft, Gs^Ft, Gs^Ft, Gs^Ft, Gll, Gs^Ft, Gs^Ft, Rp, Gs^Ft, Gll, Gs^Ft, Rp, Gs^Ft, Rp, Rp, Gs^Ft, Rp, Gs^Ft, Gs^Ft, Gs^Ft, Gs^Ft, Gs^Ft, Gll, Gs^Ft, Rp, Gll, Gs^Ft, Gs^Ft, Gs^Ft, Gs^Ft
Gs^Ft, Gs^Ft, Gs^Ft, Gs^Ft, Gs^Ft, Gs^Ft, Gs^Ft, Gll, Gs^Ft, Gs^Ft, Gs^Ft, Gs^Ft, Gs^Ft, Gs^Ft, Gs^Ft, Gs^Ft, Gs^Ft, Gs^Ft, Gs^Ft, Gs^Ft, Gs^Ft, Gs^Ft, Gs^Ft, Gll, Gs^Ft, Gs^Ft, Cv^Ftp, Rp, Cv^Ftp, Cv^Ftp, Cv^Ftp, Cv^Ftp, Cv^Ftp, Rp, Cv^Ftp, Gs^Ft, Gs^Ft, Rp, Gs^Ft, Rp, Gs^Ft, Rp, Gs^Ft, Rp, Gll, Gll, Gs^Ft, Rp, Gs^Ft, Gll, Gs^Ft, Gs^Ft, Gs^Ft, Gll, Gs^Ft, Gs^Ft, Gs^Ft, Rp, Gs^Ft, Rp, Gll, Gs^Ft, Cv, Rp, Rp, Gs^Ft, Gs^Ft, Gs^Ft
Gs^Ft, Gs^Ft, Gs^Ft, Gs^Ft, Gs^Ft, Gs^Ft, Gs^Ft, Gs^Ft, Gs^Ft, Gs^Ft, Gs^Ft, Gs^Ft, Gs^Ft, Gs^Ft, Gs^Ft, Gs^Ft, Gs^Ft, Gs^Ft, Gs^Ft, Gs^Ft, Gs^Ft, Gs^Ft, Gll, Gll, Rp, Rp, Cv^Ftp, Rp, Rp, Cv^Ftp, Rp, Cv^Ftp, Rp, Rp, Cv^Ftp, Gs^Ftp, Gs^Ft, Gs^Ft, Gs^Ft, Gll, Gs^Ft, Gs^Ft, Gs^Ft, Gs^Ft, Gs^Ft, Gs^Ft, Gs^Ft, Gs^Ft, Gs^Ft, Gs^Ft, Gs^Ft, Gs^Ft, Gs^Ft, Gs^Ft, Gs^Ft, Gs^Ft, Gs^Ft, Gs^Ft, Gs^Ft, Gs^Ft, Gll, Rp, Cv, Rp^Vhcr, Cv, Gs^Ft, Gs^Ft, Gll
Gs^Ft, Gs^Ft, Gs^Ft, Gs^Ft, Gll, Gs^Ft, Gs^Ft, Gs^Ft, Gs^Ft, Gs^Ft, Gll, Gs^Ft, Gs^Ft, Gs^Ft, Gs^Ft, Gs^Ft, Gs^Vht, Gs^Ft, Gll, Gs^Ft, Gll, Gs^Ft, Gs^Ft, Gs^Ft, Gs^Ft, Gs^Ft, Gs^Ft, Rp^Vhcr, Cv^Ftp, Rp, Rp^Vhcr, Rp, Cv^Ftp, Rp, Gs^Ft, Gs^Ft, Gs^Ft, Gs^Ft, Gs^Ft, Gs^Ft, Gs^Ft, Gs^Ft, Gs^Ft, Gs^Ft, Gs^Ft, Gs^Ft, Gs^Ft, Gs^Ft, Gs^Ft, Gs^Vht, Gs^Ft, Gs^Ft, Gs^Ft, Gs^Ft, Gs^Ft, Gs^Ft, Gll, Gs^Ft, Gs^Ft, Gll, Rp^Vhcr, Cv, Gs^Ft, 6 Kv, Rp^Vhcr, Gs^Ft, Gs^Ft, Gs^Ft
Gs^Ft, Gs^Ft, Gll, Gs^Ft, Gll, Gs^Ft, Gll, Gs^Ft, Gs^Ft, Gs^Ft, Gs^Ft, Gs^Ft, Gs^Ft, Gll, Gs^Ft, Gs^Ft, Gs^Ft, Gs^Ft, Gll, Gll, Gs^Ft, Gs^Ft, Rp, Rp, Gs^Ft, Gll, Gs^Ft, Gs^Ft, Gll, Cv^Ftp, Gs^Ft, Cv^Ftp, Gll, Gll, Gs^Ft, Gll, Gs^Ft, Gs^Ft, Gs^Ft, Gs^Ft, Gs^Ft, Gs^Ft, Gs^Ft, Gs^Ft, Gs^Ft, Gll, Gs^Ft, Gll, Gs^Ft, Gs^Ft, Gs^Ft, Gll, Gs^Ft, Gs^Ft, Gs^Ft, Gs^Ft, Gs^Ft, Gs^Ft, Gs^Ft, Gs^Ft, Gs^Ft, Gs^Ft, Gs^Ft, Cv, Gs^Ft, Gs^Ft, Gs^Ft, Gs^Ft
Gll, Gll, Gll, Gs^Ft, Gll, Gs^Ft, Gs^Ft, Gs^Ft, Gs^Ft, Gll, Gs^Ft, Gll, Gs^Ft, Gs^Ft, Gs^Ft, Gs^Ft, Gs^Ft, Gs^Ft, Gs^Ft, Gs^Ft, Gs^Ft, Gs^Ft, Gs^Ft, Gs^Ft, Gll, Gs^Ft, Gs^Ft, Gs^Ft, Gs^Ft, Gs^Ft, Gs^Ft, Gs^Ft, Gll, Gs^Ft, Ss, Gs^Ft, Gll, Gs^Ft, Gll, Gll, Gs^Ft, Gs^Ft, Gll, Gs^Ft, Gs^Ft, Gll, Gs^Ft, Gll, Gll, Gs^Ft, Gs^Ft, Gs^Ft, Gs^Ft, Gll, Gs^Ft, Gll, Gs^Ft, Gs^Ft, Gs^Ft, Gll, Gs^Ft, Gs^Ft, Gs^Ft, Gs^Ft, Gs^Ft, Gs^Ft, Gs^Ft, Gs^Ft
Gs^Ft, Gs^Ft, Gll, Gs^Ft, Gs^Ft, Gs^Ft, Gs^Ft, Gll, Gs^Ft, Gs^Ft, Ss, Gs^Ft, Gs^Ft, Gs^Ft, Gs^Ft, Gs^Ft, Gs^Ft, Gs^Ft, Gs^Ft, Rp, Gs^Ft, Gll, Gs^Ft, Gs^Ft, Gs^Ft, Gll, Gs^Ft, Gs^Ft, Gs^Ft, Gs^Ft, Gs^Ft, Gs^Ft, Gs^Ft, Gs^Ft, Gs^Ft, Gll, Gs^Ft, Gs^Ft, Gll, Gs^Ft, Gs^Ft, Gs^Ft, Gs^Ft, Gs^Ft, Gs^Ft, Gll, Gs^Ft, Gs^Ft, Gs^Ft, Gs^Ft, Gs^Ft, Gs^Ft, Gs^Ft, Gs^Ft, Gs^Ft, Gs^Ft, Gs^Ft, Gs^Ft, Gs^Ft, Gs^Ft, Gs^Ft, Gs^Ft, Gs^Ft, Gs^Ft, Gs^Ft, Gs^Ft, Gs^Ft, Gs^Ft
Gll, Gs^Ft, Gll, Gs^Ft, Gs^Ft, Gs^Ft, Gs^Ft, Gll, Gs^Ft, Gs^Ft, Gs^Ft, Ss, Gll, Gs^Ft, Gs^Ft, Gs^Ft, Gs^Ft, Gs^Ft, Gs^Ft, Rp, Gll, Gs^Ft, Gs^Ft, Gs^Ft, Gs^Ft, Gs^Ft, Gs^Ft, Gs^Ft, Gll, Gll, Gs^Ft, Gs^Ft, Gs^Ft, Gs^Ft, Gll, Gs^Ft, Gs^Ft, Gs^Ft, Ss, Gs^Ft, Gs^Ft, Gs^Ft, Gs^Ft, Gs^Ft, Gs^Ft, Gll, Gs^Ft, Gs^Ft, Gs^Ft, Gs^Ft, Gs^Ft, Gs^Ft, Gs^Ft, Gs^Ft, Gs^Ft, Gs^Ft, Gs^Ft, Gs^Ft, Gs^Ft, Gs^Ft, Gs^Ft, Gll, Gs^Ft, Gs^Ft, Gll, Gs^Ft, Gll, Gll
Gs^Ft, Gs^Ft, Gs^Ft, Gs^Ft, Gs^Vht, Gs^Ft, Gs^Ft, Gs^Ft, Gs^Ft, Gs^Ft, Gs^Ft, Gs^Ft, Gs^Ft, Gs^Ft, Gll, Gs^Ft, Gll, Rp, Rp, Gs^Ft, Gs^Ft, Gs^Ft, Gs^Ft, Gs^Ft, Gs^Ft, Gs^Ft, Gs^Ft, Gs^Ft, Gs^Ft, Gs^Ft, Gs^Ft, Gll, Gll, Gs^Ft, Gs^Ft, Gs^Ft, Gll, Gs^Ft, Gll, Gs^Ft, Gs^Ft, Gs^Ft, Gll, Gs^Ft, Gs^Ft, Gs^Ft, Gs^Ft, Gs^Ft, Gs^Ft, Gs^Ft, Ss, Gs^Ft, Gs^Ft, Gll, Gs^Ft, Gs^Ft, Gs^Ft, Gll, Gll, Gll, Gs^Ft, Gll, Gs^Ft, Gs^Ft, Gs^Ft, Gll, Gs^Ft, Gs^Ft
Gs^Ft, Gll, Gs^Ft, Gll, Gll, Gs^Ft, Ss, Gs^Ft, Gll, Gs^Ft, Gs^Ft, Ss, Ss, Ss, Gs^Ft, Gs^Ft, Rp, Gs^Ft, Gs^Ft, Gs^Ft, Gs^Ft, Gs^Ft, Gll, Gs^Ft, Ss, Gs^Ft, Gll, Gs^Ft, Gs^Ft, Gs^Ft, Gs^Ft, Ss, Gs^Ft, Gs^Ft, Gs^Ft, Gll, Gs^Ft, Gll, Gs^Ft, Gs^Ft, Gll, Gs^Ft, Gll, Gs^Ft, Gs^Vht, Gs^Ft, Gs^Ft, Gs^Ft, Gs^Ft, Gs^Ft, Gs^Ft, Gs^Ft, Gs^Ft, Gs^Ft, Gll, Gs^Ft, Gs^Ft, Gll, Gs^Ft, Gs^Ft, Gs^Vht, Gs^Ft, Gs^Ft, Gs^Ft, Gs^Ft, Gs^Ft, Gs^Ft, Gll
Gll, Gs^Ft, Gs^Ft, Ss, Gs^Ft, Ss, Gs^Ft, Gs^Ft, Gs^Ft, Ss, Gs^Ft, Gll, Gs^Ft, Gs^Ft, Gs^Ft, Gs^Ft, Gs^Ft, Ss, Gll, Gs^Ft, Gs^Ft, Gs^Ft, Gll, Gs^Ft, Ss, Gs^Ft, Gs^Ft, Gs^Ft, Gs^Ft, Gs^Ft, Gll, Gs^Ft, Gs^Ft, Gs^Ft, Gs^Ft, Gs^Ft, Gs^Ft, Gll, Gll, Gs^Ft, Gs^Ft, Gs^Ft, Gs^Ft, Gs^Ft, Gs^Ft, Gll, Gll, Gll, Gs^Ft, Gs^Ft, Gs^Ft, Gll, Gs^Ft, Gll, Gs^Ft, Gs^Ft, Gs^Ft, Gs^Ft, Gll, Gll, Gs^Ft, Gs^Ft, Gs^Ft, Gs^Ft, Gs^Ft, Gs^Ft, Gs^Ft, Gs^Ft
Gs^Ft, Gs^Ft, Gs^Ft, Gs^Ft, Gs^Ft, Gs^Ft, Gs^Ft, Gs^Ft, Gs^Ft, Ss, Gll, Gs^Ft, Gs^Ft, Gs^Ft, Gs^Ft, Gll, Gs^Ft, Ss, Gs^Ft, Gs^Ft, Ss, Gs^Ft, Gs^Ft, Gs^Ft, Gs^Ft, Gs^Ft, Gs^Ft, Gs^Ft, Ss, Gs^Ft, Gs^Ft, Gs^Ft, Gs^Ft, Gs^Ft, Gs^Ft, Gs^Ft, Gs^Ft, Gs^Ft, Gll, Gs^Ft, Gs^Ft, Gll, Gs^Ft, Gs^Ft, Gll, Gs^Ft, Gll, Gs^Ft, Gll, Gs^Ft, Gs^Ft, Gs^Ft, Gs^Ft, Gll, Gs^Ft, Gll, Gs^Ft, Gs^Ft, Gs^Ft, Gll, Gs^Ft, Gs^Ft, Ss, Gs^Ft, Hh, Gs^Ft, Gs^Ft, Gs^Ft
Gs^Ft, Gs^Ft, Gs^Ft, Gs^Ft, Ss, Gs^Ft, Gs^Ft, Gs^Ft, Gs^Ft, Gll, Gs^Ft, Gs^Ft, Ss, Gs^Ft, Gs^Ft, Rp, Rp, Gs^Ft, Gs^Ft, Gs^Ft, Ss, Gs^Ft, Gs^Ft, Gs^Ft, Ss, Gs^Ft, Gs^Ft, Ss, Gll, Gll, Gll, Gs^Ft, Gs^Ft, Gs^Ft, Gll, Gs^Ft, Gs^Ft, Gs^Ft, Gs^Ft, Gs^Ft, Gs^Ft, Gs^Ft, Gs^Ft, Gs^Ft, Gs^Ft, Gs^Ft, Gs^Ft, Gs^Ft, Gll, Gll, Gs^Ft, Gs^Ft, Gs^Ft, Gs^Ft, Gll, Gs^Ft, Gs^Ft, Gs^Ft, Gll, Gs^Ft, Hh, Gs^Ft, Hh, Hh, Mm, Hh, Hh, Gll
Gll, Ss, Ss, Gs^Ft, Ss, Gll, Gs^Ft, Gs^Ft, Ss, Ss, Gs^Ft, Gs^Ft, Gs^Ft, Ss, Gs^Ft, Gs^Ft, Gll, Gs^Ft, Gs^Ft, Gs^Ft, Gs^Ft, Gs^Ft, Gs^Ft, Gs^Ft, Ss, Gs^Ft, Gs^Ft, Gs^Ft, Gs^Ft, Gs^Ft, Gs^Ft, Gll, Gs^Ft, Gs^Ft, Gll, Gs^Ft, Gll, Gs^Ft, Gs^Ft, Gs^Ft, Gs^Ft, Gs^Ft, Gs^Ft, Gs^Ft, Gs^Ft, Gs^Ft, Gs^Ft, Gs^Ft, Ss, Gs^Ft, Gs^Ft, Gll, Gs^Ft, Gs^Ft, Gs^Ft, Gs^Ft, Gll, Gs^Ft, Hh, Hh, Mm, Mm, Mm, Mm, Mm, Mm, Mm, Hh
Gll, Gll, Gs^Ft, Gs^Ft, Gll, Gs^Ft, Gs^Ft, Gs^Ft, Gll, Gs^Ft, Gs^Ft, Gs^Ft, Gs^Ft, Gll, Rp, Gs^Ft, Gs^Ft, Gs^Ft, Gs^Ft, Gll, Gs^Ft, Gs^Ft, Ss, Gs^Ft, Gs^Ft, Gll, Gs^Ft, Gll, Gs^Ft, Gs^Ft, Gs^Ft, Ss, Ss, Gs^Ft, Gs^Ft, Gs^Ft, Gs^Ft, Gs^Ft, Gll, Gs^Ft, Gs^Ft, Gs^Ft, Gs^Ft, Gs^Ft, Gs^Ft, Gll, Gs^Ft, Gs^Ft, Gs^Ft, Gll, Gll, Gll, Gs^Ft, Gll, Rb, Gs^Ft, Gs^Ft, Hh, Mm, Mm, Mm, Mm, Mm, Mm, Mm, Mm, Mm, Mm
Gll, Gll, Gs^Ft, Gs^Ft, Gs^Ft, Gs^Ft, Gs^Ft, Gs^Ft, Gs^Ft, Gll, Gs^Ft, Gs^Ft, Gs^Ft, Rp, Gs^Ft, Gs^Ft, Gs^Ft, Ss, Gs^Ft, Gs^Ft, Gs^Ft, Gs^Ft, Gs^Ft, Ss, Gs^Ft, Gs^Ft, Ss, Gs^Ft, Gs^Ft, Ss, Ss, Gll, Gs^Ft, Ss, Gs^Ft, Gs^Ft, Gll, Gll, Gs^Ft, Gs^Ft, Gs^Ft, Gs^Ft, Gs^Ft, Gs^Ft, Gs^Ft, Gs^Ft, Gs^Ft, Gs^Ft, Gs^Ft, Gs^Ft, Gll, Gll, Gll, Rb, Rb, Rb, Hh, Mm, Mm, Mm, Mm, Mm, Mm, Mm, Mm, Mm, Mm, Mm
Gll, Gs^Ft, Gs^Ft, Gs^Ft, Gll, Ss, Ss, Gs^Ft, Gs^Ft, Gs^Ft, Gs^Ft, Gs^Ft, Gll, Rp, Gs^Ft, Gs^Ft, Gll, Ss, Gll, Gs^Ft, Gs^Ft, Gs^Ft, Gll, Gs^Ft, Gs^Ft, Gs^Ft, Ss, Gs^Ft, Gs^Ft, Gs^Ft, Gs^Ft, Gs^Ft, Gll, Gs^Ft, Gs^Ft, Gs^Ft, Gs^Ft, Gll, Gll, Gs^Ft, Gll, Gs^Ft, Gll, Gs^Ft, Gll, Gs^Ft, Gs^Ft, Gs^Ft, Gs^Ft, Rb, Rb, Rb, Re, Rb, Gll^Vo, Rb, Hh, Mm, Mm, Mm, Mm, Mm, Mm, Mm, Mm, Mm, Mm, Mm
Gs^Ft, Gs^Ft, Gs^Ft, Gs^Ft, Gs^Ft, Gs^Ft, Gs^Ft, Gs^Ft, Gs^Ft, Gs^Ft, Gs^Ft, Gll, Gs^Ft, Gs^Ft, Gll, Gs^Ft, Gs^Ft, Gs^Ft, Gs^Ft, Gs^Ft, Ss, Ss, Gs^Ft, Gs^Ft, Gs^Ft, Gs^Ft, Gs^Ft, Gs^Ft, Gs^Ft, Gs^Ft, Gs^Ft, Gll, Gs^Ft, Gs^Vht, Gs^Ft, Gll, Gll, Gs^Ft, Gs^Ft, Gs^Ft, Gs^Ft, Gs^Ft, Gs^Ft, Gs^Ft, Gs^Ft, Gs^Ft, Gll, Gs^Ft, Gs^Ft, Rb, Re, Gll^Vo, Co, Re, Rb, Gll, Hh, Mm, Mm, Mm, Mm, Mm, Mm, Mm, Mm, Mm, Mm, Mm
Gll, Gs^Ft, Ss, Ss, Gs^Ft, Gs^Ft, Gs^Ft, Ss, Gs^Ft, Gs^Ft, Gs^Ft, Gs^Ft, Rp, Rp, Gs^Ft, Ss, Ss, Ss, Gll, Gll, Gs^Ft, Gs^Ft, Gs^Ft, Gs^Ft, Gs^Ft, Gs^Ft, Ss, Gs^Ft, Gs^Ft, Gs^Ft, Gs^Ft, Gs^Ft, Gs^Ft, Gll, Gs^Ft, Gs^Ft, Gs^Ft, Gs^Ft, Gs^Ft, Gs^Ft, Gll, Gs^Ft, Gs^Ft, Ss, Gs^Ft, Gs^Ft, Gs^Ft, Gs^Ft, Gll, Gll^Vo, Re, Co, 4 Ko, Co, Rb, Hh, Mm, Mm, Mm, Mm, Mm, Mm, Mm, Mm, Mm, Mm, Mm, Mm
Gs^Ft, Gs^Ft, Gs^Ft, Gs^Ft, Gs^Ft, Gs^Ft, Rp^Vhcr, Gs^Ft, Rp, Rp, Gll, Rp, Gs^Ft, Gs^Ft, Gll, Gs^Ft, Gll, Gs^Ft, Gs^Ft, Gs^Ft, Gll, Gs^Ft, Ss, Ss, Gs^Ft, Gll, Gs^Ft, Gs^Ft, Ss, Gs^Ft, Gll, Gs^Ft, Gs^Ft, Gs^Ft, Gs^Ft, Gs^Ft, Gll, Gs^Ft, Gs^Ft, Gs^Ft, Gs^Ft, Gll, Gs^Ft, Ss, Ss, Gs^Ft, Gs^Ft, Gs^Ft, Gll, Rb, Rb, Co, Co, Co, Rb, Hh, Mm, Mm, Mm, Mm, Mm, Mm, Mm, Mm, Mm, Mm, Mm, Mm
Gll, Gs^Ft, Gll, Gll, Rp, Gs^Ft, Gll, Gll, Chr, Rp^Vhcr, Chr, Gll, Gs^Ft, Gs^Ft, Ss, Gs^Ft, Gs^Ft, Gs^Ft, Gs^Ft, Gs^Ft, Gs^Ft, Gs^Ft, Gll, Gll, Gs^Ft, Gs^Ft, Gll, Gs^Ft, Gs^Ft, Ss, Gs^Ft, Gs^Ft, Gs^Ft, Gs^Ft, Gs^Ft, Ss, Gs^Ft, Gs^Ft, Gs^Ft, Gs^Ft, Gs^Ft, Gll, Gs^Ft, Gs^Ft, Gs^Ft, Gs^Ft, Gs^Ft, Gs^Ft, Gll, Rb, Rb, Rb, Rb, Rb, Hh, Mm, Mm, Mm, Mm, Mm, Mm, Mm, Mm, Mm, Mm, Mm, Mm, Mm
Gll, Gs^Ft, Ss, Gs^Ft, Gs^Ft, Rp, Chr, Chr, 7 Khr, Gs^Ft, Chr, Gll, Gs^Ft, Ss, Gs^Ft, Gs^Ft, Gll, Ss, Gs^Ft, Gs^Ft, Ss, Gs^Ft, Gll, Gs^Ft, Chr, Gll, Gs^Vht, Gs^Ft, Gs^Ft, Ss, Gs^Ft, Gll, Gs^Ft, Gll, Gs^Ft, Ss, Gs^Ft, Gs^Ft, Gs^Ft, Gs^Ft, Gll, Gs^Ft, Gll, Gs^Ft, Gs^Ft, Gs^Ft, Gs^Ft, Gs^Ft, Gs^Ft, Rb, Rb, Gll^Vo, Hh, Hh, Mm, Mm, Mm, Mm, Mm, Mm, Mm, Mm, Mm, Mm, Mm, Mm, Mm, Mm
Gll, Gs^Ft, Gs^Ft, Ss, Gs^Ft, Gll, Chr, Rp^Vhcr, Chr, Chr, Rp^Vhcr, Gll, Gs^Ft, Gs^Ft, Gll, Gs^Ft, Gs^Ft, Ss, Gs^Ft, Gs^Ft, Gs^Ft, Ss, Gs^Vht, Gll, Chr, Gll, Gs^Ft, Gll, Gll, Gs^Ft, Gll, Gs^Ft, Gs^Ft, Gs^Ft, Gs^Ft, Gs^Ft, Gs^Ft, Gs^Ft, Gll, Gs^Ft, Gs^Vht, Gs^Ft, Gs^Ft, Gs^Ft, Gs^Ft, Ss, Ss, Gs^Ft, Gll, Gs^Ft, Gs^Ft, Hh, Mm, Mm, Mm, Mm, Mm, Mm, Mm, Mm, Mm, Mm, Mm, Mm, Mm, Mm, Mm, Mm
Gs^Ft, Gll, Gs^Ft, Gs^Ft, Gs^Ft, Rp, Rp, Gll, Gll, Gll, Gll, Gs^Ft, Gs^Ft, Gs^Ft, Gs^Ft, Gs^Ft, Gs^Ft, Gs^Ft, Gs^Ft, Gll, Gs^Ft, Gs^Ft, Gll, Gs^Ft, 8 Khr, Chr, Chr, Chr, Gll, Gll, Gs^Ft, Gs^Ft, Ss, Gs^Ft, Gs^Ft, Gll, Gs^Ft, Gs^Ft, Gs^Ft, Gll, Gs^Ft, Gll, Gll, Gll, Gs^Ft, Gs^Ft, Gs^Ft, Gs^Ft, Gll, Gs^Ft, Gs^Ft, Hh, Mm, Mm, Mm, Mm, Mm, Mm, Mm, Mm, Mm, Mm, Mm, Mm, Mm, Mm, Mm, Mm
Gs^Ft, Gll, Rp, Rp, Gll, Gll, Gs^Ft, Gs^Ft, Gs^Ft, Gs^Ft, Gs^Ft, Gs^Ft, Ss, Ss, Gs^Ft, Gs^Ft, Gs^Ft, Gs^Ft, Gll, Ss, Ss, Gs^Ft, Gll, Chr, Chr, Gs^Ft, Gs^Vht, Gs^Ft, Gll, Gs^Ft, Gs^Ft, Gs^Ft, Ss, Gs^Ft, Gll, Gs^Ft, Gll, Gs^Ft, Gs^Ft, Gs^Ft, Gs^Ft, Gll, Gs^Ft, Gs^Ft, Ss, Gs^Ft, Gs^Ft, Gs^Ft, Gs^Ft, Gll, Hh, Mm, Mm, Mm, Mm, Mm, Mm, Mm, Mm, Mm, Mm, Mm, Mm, Mm, Mm, Mm, Mm, Mm
Gll, Rp, Gs^Ft, Ss, Gs^Ft, Gs^Ft, Gs^Ft, Gs^Ft, Gs^Ft, Gs^Ft, Gs^Ft, Gs^Ft, Gll, Gs^Ft, Gs^Ft, Gll, Gs^Ft, Gs^Ft, Gs^Ft, Gs^Ft, Gs^Ft, Gs^Ft, Gs^Ft, Gs^Vht, Gll, Gll, Gll, Gll, Gs^Ft, Gs^Ft, Gs^Ft, Gll, Gs^Ft, Gs^Ft, Gs^Ft, Gs^Ft, Gs^Ft, Gs^Ft, Gs^Ft, Gs^Ft, Ss, Gs^Ft, Gs^Ft, Gs^Ft, Gs^Ft, Gs^Ft, Gs^Ft, Gs^Ft, Gs^Ft, Hh, Mm, Mm, Mm, Mm, Mm, Mm, Mm, Mm, Mm, Mm, Mm, Mm, Mm, Mm, Mm, Mm, Mm, Mm
Gll, Rp, Gs^Ft, Gs^Ft, Gs^Ft, Gll, Gs^Ft, Gs^Ft, Gs^Ft, Gs^Ft, Gs^Ft, Gs^Ft, Gs^Ft, Gll, Gs^Ft, Gs^Ft, Gs^Ft, Gs^Ft, Gs^Ft, Gs^Ft, Gll, Gs^Ft, Gs^Ft, Gs^Ft, Gs^Ft, Gll, Gs^Ft, Gs^Ft, Gs^Ft, Gs^Ft, Gs^Ft, Gs^Ft, Gs^Ft, Gll, Gs^Ft, Gs^Ft, Gs^Ft, Gs^Ft, Gll, Gs^Ft, Gs^Ft, Gs^Ft, Gs^Ft, Gll, Gs^Ft, Gs^Ft, Gs^Ft, Gs^Ft, Gll, Hh, Mm, Mm, Gg, Mm, Mm, Mm, Mm, Mm, Mm, Mm, Mm, Mm, Mm, Mm, Mm, Mm, Mm, Mm
