Mm, Mm, Mm, Mm, Mm, Mm, Mm, Mm, Mm, Mm, Mm, Mm^Xm, Mm^Xm, Mm, Mm, Mm, Mm, Mm, Mm^Xm, Mm, Mm, Hd, Hd, Hd, Hhd, Hhd, Ww, Ww, Ww, Ww, Ww, Ww, Ww, Wo, Wo, Wo, Wo, Wo, Wo, Wo, Wo, Wo, Wo, Wo, Wo, Wo, Wo, Wo, Wo, Wo, Wo, Wo, Wo, Wo, Wo, Wo, Wo, Wo, Wo, Wo, Wo, Wo, Wo, Wo, Wo, Wo
Mm, Mm, Mm^Xm, Mm^Xm, Mm, Mm, Mm^Xm, Mm, Mm, Mm^Xm, Mm^Xm, Mm, Mm, Mm^Xm, Mm, Mm, Mm, Mm, Mm, Mm^Xm, Mm^Xm, Mm, Hd, Hhd, Hhd, Ds, Ds, Ww, Ww, Ww, Ww, Ww, Ww, Ww, Wo, Wo, Wo, Wo, Wo, Wo, Wo, Wo, Wo, Wo, Wo, Wo, Wo, Wo, Wo, Wo, Wo, Wo, Wo, Wo, Wo, Wo, Wo, Wo, Wo, Wo, Wo, Wo, Wo, Wo, Wo, Wo
Mm, Mm^Xm, Mm, Mm, Mm^Xm, Mm, Mm, Mm^Xm, Mm^Xm, Mm, Mm, Mm^Xm, Mm, Mm, Mm^Xm, Hh, Hhd, Mm, Mm^Xm, Mm, Mm, Mm, Mm, Mm, Hhd, Hd, Hhd, Ds, Ww, Ww, Ww, Ww, Ww, Ww, Ww, Wo, Ww, Wo, Wo, Wo, Wo, Wo, Wo, Wo, Wo, Wo, Wo, Wo, Wo, Wo, Wo, Wo, Wo, Wo, Wo, Wo, Wo, Wo, Wo, Wo, Wo, Wo, Wo, Wo, Wo, Wo
Hh, Mm, Mm^Xm, Mm, Mm, Mm^Xm, Mm^Xm, Mm, Mm, Mm, Hh, Mm, Hhd, Mm, Mm, Mm^Xm, Mm^Xm, Mm, Mm, Mm, Hd, Hd, Hd, Hhd, Hd, Hhd, Mm^Xm, Ds, Ds, Ww, Ww, Ww, Ww, Ww, Ww, Ww, Ww, Ww, Ww, Wo, Wo, Wo, Wo, Wo, Wo, Wo, Wo, Wo, Wo, Wo, Wo, Wo, Wo, Wo, Wo, Wo, Wo, Wo, Wo, Wo, Wo, Wo, Wo, Wo, Wo, Wo
Hh, Mm, Mm, Mm^Xm, Mm^Xm, Mm, Mm, Mm, Mm, Hh, Mm, Mm^Xm, Mm^Xm, Hh, Hh, Mm, Mm, Mm, Mm, Hh, Gs^Vl, Hhd, Hhd, Hd, Hh, Hhd, Hhd, Ds, Ds, Ds, Ds, Ww, Ds, Ww, Ww, Ww, Ww, Ww, Ww, Ww, Ww, Wo, Wo, Wo, Wo, Wo, Wo, Wo, Wo, Wo, Wo, Wo, Wo, Wo, Wo, Wo, Wo, Wo, Wo, Wo, Wo, Wo, Wo, Wo, Wo, Wo
Hh, Hhd, Hhd, Mm, Mm, Mm, Hh, Hh, Hh, Mm, Mm, Mm, Mm, Mm^Xm, Mm, Mm, Mm, Mm, Hh, Mm, Hh, Hhd, Gll^Fmf, Gll^Fmf, Ce, Ce, Ce, Hh, Hhd, Ds, Hd, Ds, Ds, Ds, Ds, Ds, Ds, Ww, Ww, Ww, Ww, Ww, Wo, Wo, Wo, Wo, Wo, Wo, Wo, Wo, Wo, Wo, Wo, Wo, Wo, Wo, Wo, Wo, Wo, Wo, Wo, Wo, Wo, Wo, Wo, Wo
Mm, Hh, Mm, Mm, Mm, Mm, Gs^Vl, Hhd, Gs, Mm, Hh, Hhd, Hhd, Mm, Gs, Hh, Gs, Hh, Gs, Gd, Gd, Gll^Fmf, Gll^Fmf, Gll^Fmf, Ce, 4 Ke, Ce, Hh, Hh, Ds, Ds, Ds, Ds, Ds, Hd, Ds, Ds, Ds, Ds, Ww, Ww, Ww, Ww, Wo, Wo, Wo, Wo, Wo, Wo, Wo, Wo, Wo, Wo, Wo, Wo, Wo, Wo, Wo, Wo, Wo, Wo, Wo, Wo, Wo, Wo, Wo
Mm, Mm, Hh, Hh, Mm, Hh, Gs, Hhd, Gs, Gs, Gs, Hh, Gs, Gd, Gd, Gs, Gd, Gd, Gll^Fmf, Gll^Fmf, Gll^Fmf, Gs, Gs, Gll^Fmf, Gd, Ce, Gs, Gs, Hh, Hhd, Ds, Hd, Hd, Ds, Ds, Hd, Ds, Hd, Hd, Ww, Ww, Ww, Ww, Ww, Ww, Wo, Ww, Ww, Ww, Wo, Ww, Wo, Wo, Wo, Wo, Wo, Wo, Wo, Wo, Wo, Wo, Wo, Wo, Wo, Wo, Wo
Gs, Hh, Gs, Mm, Hh, Hh, Gs, Gs, Hhd, Gd, Gs, Gd, Gd, Gs, Gs, Gs, Gd, Gd, Gll^Fmf, Hhd, Gll^Fmf, Gd, Gll^Fmf, Gs, Gs, Gs, Gs, Gs^Ecf, Gs, Gll^Fdf, Gll^Fmf, Ds, Hd, Hhd, Ds, Hd, Hd, Ds, Ds, Ds, Ds, Ww, Ww, Ww, Ww, Ww, Ww, Ww, Ww, Ww, Ww, Ww, Wo, Wo, Wo, Wo, Wo, Wo, Wo, Wo, Wo, Wo, Wo, Wo, Wo, Wo
Gs, Gs, Gs, Gd, Gd, Gs, Gll^Fmf, Gll^Fdf, Hhd, Gs, Gs, Gs, Gs, Gll^Fmf, Hhd, Gs, Gd, Gll^Fdf, Gs^Vl, Gll^Fmf, Gs, Gs, Gll^Fmf, Gll^Fmf, Hhd, Gll^Fmf, Gs, Gs, Gs, Gll^Fmf, Gll^Fmf, Hhd, Hhd, Ds, Ds, Hd, Hhd, Ds, Hd, Ds, Ds, Ds, Ds, Ww, Ww, Ww, Ww, Ww, Ww, Ww, Ww, Ww, Ww, Wo, Ww, Wo, Wo, Wo, Wo, Wo, Wo, Wo, Wo, Wo, Wo, Wo
Gs, Gs, Gs^Vl, Gs, Ce, Ce, Ce, Gll^Fdf, Gll^Fmf, Gll^Fmf, Gd, Gs, Gll^Fmf, Gll^Fmf, Gll^Fmf, Gs, Gd, Gll^Fmf, Gll^Fmf, Gll^Fmf, Gs, Gs, Gs, Hhd, Gll^Fdf, Gs^Vl, Gs, Gs, Gd, Gs, Gll^Fmf, Gs^Vl, Gs, Ds, Hh, Ds, Hhd, Ds, Ds, Ds, Ds, Hd, Hd, Ds, Ds, Ww, Ds, Ds, Ds, Ww, Ww, Ww, Ww, Ww, Ww, Ww, Ww, Wo, Wo, Wo, Wo, Wo, Wo, Wo, Wo, Wo
Gs, Gs, Gd, Gs, Ce, 5 Ke, Ce, Gs, Gs, Gs, Gs, Gs, Gll^Fdf, Hhd, Gll^Fmf, Gd, Gd, Gs, Gd, Gs, Gs, Gd, Gd, Gs, Gs, Gd, Gs, Gs, Gs, Gd, Gd, Gs, Gs, Hhd, Hhd, Gll^Fmf, Gll^Fmf, Hhd, Hh, Ds, Hd, Ds, Ds, Ds, Ds, Ds, Hd, Ds, Hd, Ds, Ds, Ww, Ww, Ww, Ww, Ww, Ww, Ww, Wo, Wo, Wo, Wo, Wo, Wo, Wo, Wo
Gs, Gs, Gll^Fmf, Gll^Fmf, Gll^Fmf, Ce, Gll^Fmf, Gs, Gs, Gs, Gs, Gd, Gd, Hhd, Gs, Gs, Gs, Gd, Gd, Gs, Gs, Gd, Gs, Gs, Gs, Gll^Fmf, Gll^Fdf, Gll^Fmf, Gs, Gd, Gll^Fdf, Gs, Gll^Fmf, Gs, Gs, Hh, Gll^Fdf, Hhd, Gs, Hh, Hhd, Ds, Gll^Fmf, Hhd, Ds, Hd, Hhd, Ds, Ds, Ds, Hd, Ds, Ds, Ww, Ww, Ww, Ww, Ww, Wo, Wo, Wo, Wo, Wo, Wo, Wo, Wo
Hh, Gll^Fmf, Mm, Hh, Hhd, Hh, Hhd, Gll^Fmf, Hh, Gd, Gs, Gs^Vl, Gs, Gs, Gd, Gs, Gs, Gd, Gs, Gs, Gll^Fmf, Gs, Gll^Fmf, Gs, Gs, Gs, Gs, Gll^Fdf, Gs, Gs, Hhd, Hhd, Gll^Fmf, Gs, Gll^Fmf, Gs, Gs, Gs, Gd, Hh, Hh, Hhd, Hh, Gll^Fmf, Hh, Hhd, Hh, Hhd, Ds, Ds, Ds, Hd, Ds, Ww, Ww, Ww, Ww, Ww, Ww, Wo, Wo, Wo, Wo, Wo, Wo, Wo
Hh, Mm, Mm, Mm, Gll^Fmf, Mm, Gll^Fmf, Gll^Fmf, Gll^Fmf, Hhd, Gs, Gs, Gs, Gs, Gs, Gd, Gll^Fmf, Gs, Hh, Gll^Fmf, Hhd, Hh, Gll^Fmf, Gd, Gs, Gs, Gd, Gs, Gs, Gs, Gll^Fmf, Gs^Vl, Hhd, Gll^Fmf, Gll^Fmf, Gs, Gs, Gs, Gs, Ch, Ch, Ch, Rrc, Rrc, Rrc, Ch, Hh, Hhd, Ch, Ds, Ds, Ds, Hd, Ds, Ww, Ww, Ww, Ww, Ww, Ww, Wo, Wo, Wo, Wo, Wo, Wo
Mm, Hhd, Gll^Fmf, Gll^Fmf, Mm, Hh, Mm, Hh, Hhd, Gll^Fmf, Gs, Gs, Gs, Gs, Gs, Gll^Fmf, Gll^Fdf, Hhd, Gll^Fdf, Mm, Gll^Fmf, Mm, Mm, Gll^Fdf, Hhd, Gs, Gs, Gs, Gs, Gs, Gll^Fmf, Hhd, Gs, Gll^Fdf, Gs, Gs, Ch, Ch, Rrc, Rrc, Rrc, Rrc, Gll^Fmf, Gs^Vl, Gll^Fmf, Rrc, Rrc, Rrc, Rrc, Ch, Hhd, Ds, Ds, Ds, Ds, Ww, Ww, Ww, Ww, Ww, Ww, Wo, Wo, Wo, Wo, Wo
Gll^Fmf, Mm, Hh, Gll^Fdf, Gll^Fmf, Mm, Hh, Mm, Hhd, Gll^Fdf, Gs, Gs, Gs, Gs, Gll^Fmf, Gll^Fdf, Mm^Xm, Hh, Hhd, Mm, Mm, Gll^Fmf, Hh, Hh, Mm, Hh, Gd, Gs, Gs, Gs, Gd, Gs, Gs, Gs, Ch, Gs, Rrc, Rrc, Gs^Vl, Rr^Rhx, Rrc, Gll^Fmf, Gll^Fmf, Rr^Rhx, Rr^Rhx, Gll^Fmf, Rrc, Gll^Fmf, Gll^Fmf, Rrc, Hhd, Hh, Hhd, Ds, Hd, Ds, Ds, Ww, Ww, Ww, Ww, Ww, Wo, Wo, Wo, Wo
Gll^Fmf, Mm, Mm, Gll^Fdf, Mm, Gll^Fmf, Hhd, Mm, Hh, Gs, Gd, Gs, Gd, Gs, Gll^Fmf, Mm, Mm, Mm, Hhd, Gll^Fmf, Mm, Gll^Fmf, Hhd, Gll^Fmf, Gll^Fmf, Gll^Fmf, Gll^Fmf, Gd, Gd, Gs, Gs, Gs, Gs, Gd, Ch, Rrc, Gll^Fmf, Rr^Rhx, Gll^Fmf, Gll^Fmf, Rrc, Rr^Rhx, Gs^Vl, Rr^Rhx, Gll^Fmf, Gs^Vl, Rrc, Rr^Rhx, Gll^Fmf, Rrc, Rrc, Ch, Hhd, Ds, Ds, Ds, Ds, Ww, Ww, Ww, Ww, Ww, Wo, Wo, Wo, Wo
Gll^Fmf, Gll^Fmf, Mm, Mm, Hh, Hhd, Mm, Gll^Fmf, Gll^Fdf, Gs, Gs, Gs, Gs, Hhd, Hh, Gll^Fmf, Gll^Fmf, Gll^Fmf, Mm, Gll^Fmf, Gs^Vl, Mm, Hhd, Gll^Fmf, Mm, Hh, Gll^Fmf, Gd, Gs, Gd, Gll^Fmf, Gs, Ch, Gs, Rrc, Rrc, Rrc, Rr^Rhx, Gs^Vl, Gll^Fmf, Rrc, Rr^Rhx, Rrc, Rrc, Rrc, Rrc, Gs^Vl, Rr^Rhx, Rr^Rhx, Gs^Vl, Rrc, Ch, Hh, Hhd, Ds, Ds, Hd, Ds, Ds, Ww, Ww, Ww, Wo, Wo, Wo, Wo
Gs, Hh, Hh, Mm, Gll^Fmf, Mm, Hh, Gll^Fdf, Gs, Gs, Gs, Gs, Gs, Gll^Fdf, Gll^Fmf, Hhd, Gll^Fmf, Mm, Hhd, Mm, Hhd, Mm, Mm, Hh, Hhd, Hhd, Hh, Gs, Gs, Gll^Fmf, Gs^Vl, Gs, Ch, Rrc, Rr^Rhx, Gll^Fmf, Gs^Vl, Rrc, Rrc, Rrc, Rr^Rhx, Rrc, Rr^Rhx, Gll^Fmf, Rrc, Gll^Fmf, Rr^Rhx, Gll^Fmf, Rrc, Rrc, Gll^Fmf, Rrc, Hh, Hhd, Ds, Ds, Ds, Ds, Ds, Ww, Ww, Ww, Wo, Wo, Wo, Wo
Gs, Gll^Fmf, Gll^Fdf, Hhd, Gll^Fmf, Hhd, Gll^Fmf, Gll^Fmf, Gs, Gs, Gs, Gs, Gd, Gs, Hh, Hhd, Hh, Gll^Fmf, Hh, Gll^Fdf, Mm, Gll^Fmf, Gll^Fdf, Gll^Fmf, Gll^Fmf, Gll^Fmf, Gll^Fmf, Gs, Gs, Gll^Fmf, Gll^Fmf, Gd, Gs, Rrc, Rr^Rhx, Gll^Fmf, Gll^Fmf, Rr^Rhx, Rrc, Rr^Rhx, Gll^Fmf, Gll^Fmf, Gll^Fmf, Rr^Rhx, Rrc, Gll^Fmf, Gll^Fmf, Gs^Vl, Rrc, Rr^Rhx, Gs^Vl, Rrc, Hhd, Ch, Ch, Ds, Ds, Ds, Ds, Ww, Ww, Ww, Ww, Wo, Wo, Wo
Gs, Gs, Gd, Gll^Fmf, Gs, Gs, Gs, Gs, Gs, Gs, Gll^Fmf, Gs, Gs, Gs, Gs, Gll^Fmf, Gll^Fmf, Mm, Mm, Hh, Gll^Fdf, Mm, Hh, Hhd, Gs, Gll^Fdf, Gs, Gs, Gll^Fmf, Hhd, Gs, Gs, Ch, Rrc, Rrc, Rr^Rhx, Rrc, Rrc, Gs^Vl, Rrc, Rrc, Rrc, Rrc, Rrc, Ch, Rrc, Rrc, Rrc, Gll^Fmf, Gll^Fmf, Rrc, Rrc, Rrc, Hhd, Ch, Hhd, Hhd, Ds, Ds, Ww, Ww, Ww, Ww, Wo, Wo, Wo
Gs, Gs, Gs, Gd, Gd, Gs, Gs, Gs, Gs, Gll^Fmf, Gs^Vl, Gll^Fmf, Gs, Gs, Gs, Hh, Hhd, Gll^Fmf, Hh, Gll^Fmf, Gll^Fmf, Gll^Fmf, Gll^Fmf, Gll^Fmf, Gd, Gs, Gs, Gll^Fmf, Gs^Vl, Hhd, Hhd, Gd, Gd, Rrc, Gll^Fmf, Rrc, Gll^Fmf, Gll^Fmf, Rr^Rhx, Gll^Fmf, Gll^Fmf, Gll^Fmf, Rrc, Ch, 9 Kh, Ch, Rrc, Rr^Rhx, Gll^Fmf, Rrc, Gs^Vl, Gll^Fmf, Rr^Rhx, Rrc, Rrc, Hh, Hhd, Ds, Ds, Ds, Ww, Ww, Ww, Wo, Wo, Wo
Gs, Gs, Gs, Gs, Gll^Fmf, Gs, Gd, Gs, Gs, Gll^Fmf, Hhd, Gll^Fmf, Gll^Fdf, Gs, Gs, Gd, Gs, Gll^Fdf, Gs, Gll^Fmf, Gs, Gs, Gd, Gs, Gd, Gd, Gs, Gll^Fmf, Hhd, Gll^Fdf, Gll^Fmf, Gs, Ch, Rrc, Rr^Rhx, Rr^Rhx, Gll^Fmf, Rr^Rhx, Gll^Fmf, Rr^Rhx, Rrc, Rr^Rhx, Rrc, Ch, Ch, Ch, Rrc, Rr^Rhx, Gs^Vl, Rrc, Gll^Fmf, Gll^Fmf, Rr^Rhx, Gs^Vl, Rrc, Hh, Hhd, Hh, Ds, Hd, Ww, Ww, Ww, Wo, Wo, Wo
Gs, Gs, Gll^Fmf, Gs^Vl, Hhd, Gs, Gs, Gs, Gd, Gll^Fdf, Gll^Fmf, Hhd, Gs, Gs, Gs, Gs, Gs, Gs, Gs, Gs, Gs, Gs, Gs, Gs, Ww, Gd, Ww, Gd, Gs, Gs, Gll^Fdf, Gd, Ch, Rrc, Gll^Fmf, Rr^Rhx, Gs^Vl, Rr^Rhx, Rrc, Rrc, Gs^Vl, Rrc, Gll^Fmf, Rrc, Rrc, Rrc, Gs^Vl, Rrc, Rrc, Rrc, Rrc, Rr^Rhx, Rr^Rhx, Gll^Fmf, Rrc, Ch, Ds, Hh, Ds, Ds, Ww, Ww, Ww, Wo, Wo, Wo
Gs, Gs, Gs, Gll^Fmf, Hhd, Gll^Fdf, Gs, Gs, Gs, Gs, Gd, Gs, Gs, Gd, Hh, Gd, Hh, Gd, Ww, Ww, Ww, Gs, Ww, Ww, Ww, Ww, Ww, Ww, Ww, Gd, Gll^Fmf, Gs, Gs, Rrc, Rrc, Gll^Fmf, Rrc, Rrc, Gll^Fmf, Gll^Fmf, Rrc, Rrc, Rr^Rhx, Gll^Fmf, Rrc, Gll^Fmf, Rr^Rhx, Gll^Fmf, Rr^Rhx, Gs^Vl, Gll^Fmf, Rrc, Gll^Fmf, Gll^Fmf, Rrc, Ch, Ch, Ds, Ds, Hd, Ww, Ww, Ww, Ww, Ww, Wo
Gs, Gs, Gs, Gs, Gs, Gs, Gs, Gd, Gll^Fmf, Gs, Gs, Gs, Gll^Fdf, Hh, Md, Gll^Fmf, Gll^Fmf, Ww, Ww, Ww, Ww, Ww, Ww, Ww, Wo, Ww, Ww, Ww, Ww, Gs, Gs, Gs, Gs, Ch, Ch, Rrc, Gll^Fmf, Rr^Rhx, Gll^Fmf, Rrc, Rr^Rhx, Gll^Fmf, Gll^Fmf, Gs^Vl, Rrc, Gll^Fmf, Rrc, Gll^Fmf, Gll^Fmf, Rr^Rhx, Rrc, Rrc, Rrc, Rrc, Ch, Hh, Ch, Ds, Hd, Ds, Ds, Ww, Ww, Ww, Ww, Ww
Gd, Gs, Gs, Gs, Gll^Fmf, Gs, Gs, Gll^Fmf, Gll^Fmf, Gs, Gll^Fmf, Hh, Hhd, Md, Mm, Hhd, Gll^Fdf, Ww, Ww, Ww, Wo, Wo, Wo, Wo, Wo, Wo, Ww, Ww, Ww, Gs, Gs, Gs, Gs, Gs, Gs, Rrc, Rrc, Gs^Vl, Rrc, Rrc, Rrc, Rr^Rhx, Rrc, Rrc, Rrc, Rrc, Ch, Rrc, Rrc, Rrc, Ch, Ch, Ch, Gs, Gs, Hh, Hhd, Ds, Hd, Ds, Hd, Ww, Ww, Ww, Ww, Ww
Gd, Gs, Gll^Fmf, Gll^Fmf, Gll^Fmf, Gll^Fmf, Ce, Gll^Fmf, Hh, Hh, Gll^Fmf, Hh, Mm^Xm, Hh, Gll^Fmf, Hhd, Mm, Hhd, Gll^Fmf, Ww, Ww, Wo, Wo, Wo, Wo, Wo, Wo, Ww, Ww, Gd, Gs, Gs, Gll^Fmf, Gll^Fdf, Gs, Ch, Ch, Rrc, Gs, Ch, Ch, Rrc, Ch, Ch, Gs, Ch, Gd, Ch, Gs, Gs, Gs, Gd, Gd, Gs, Gll^Fmf, Gs, Gs, Ds, Ds, Ds, Ds, Ds, Ds, Ww, Ww, Ww
Gs, Gd, Gs, Gll^Fdf, Gs, Ce, 2 Ke, Ce, Gll^Fmf, Gll^Fmf, Hhd, Mm, Mm, Mm, Gll^Fmf, Gll^Fmf, Mm, Gll^Fmf, Gll^Fmf, Ww, Ww, Ww, Wo, Wo, Wo, Wo, Wo, Ww, Ww, Ww, Ww, Gs, Gll^Fmf, Gll^Fmf, Gll^Fmf, Gs, Gs, Gs, Gs, Gs, Gs, Gd, Gd, Gs, Gs, Gs, Gs, Gs, Gs, Gs, Gs, Gs, Gd, Gll^Fmf, Gll^Fmf, Gll^Fdf, Gd, Hhd, Ds, Hd, Ds, Ds, Hd, Ds, Ds, Ww
Gs, Gs, Gs, Gd, Gs, Ce, Ce, Ce, Gll^Fmf, Hh, Mm, Hh, Gll^Fmf, Mm, Mm, Hhd, Gll^Fmf, Hh, Ww, Ww, Ww, Ww, Wo, Wo, Wo, Wo, Wo, Wo, Wo, Ww, Ww, Gd, Gll^Fmf, Gs^Vl, Gll^Fdf, Gs, Gs, Gs, Gll^Fmf, Gs, Gd, Gs, Gs, Gs, Gs, Gll^Fmf, Hhd, Gll^Fmf, Gd, Gs, Gs, Gd, Gs, Gs, Gs, Gs^Vl, Gs, Hh, Gd, Hhd, Ds, Hd, Ds, Ds, Ds, Ds
Gs, Gs, Gll^Fmf, Gll^Fmf, Gll^Fmf, Gs, Gs, Hh, Mm, Mm^Xm, Mm, Hhd, Mm, Gs^Vl, Mm, Hh, Gll^Fdf, Hhd, Ww, Ww, Ww, Wo, Wo, Wo, Wo, Wo, Wo, Wo, Wo, Ww, Ww, Gd, Gs, Gll^Fdf, Gs, Gs, Gll^Fdf, Hh, Hh, Gll^Fdf, Hh, Gd, Gll^Fmf, Gd, Gs, Gll^Fmf, Gs^Vl, Gll^Fmf, Gs, Gd, Gll^Fmf, Gll^Fdf, Hh, Gll^Fdf, Gll^Fmf, Gs, Gd, Gd, Gs, Hhd, Hhd, Ds, Hhd, Ds, Hd, Hd
Gs, Gs, Gll^Fmf, Gll^Fmf, Gll^Fmf, Gd, Gs, Hh, Gll^Fdf, Mm, Mm, Gll^Fdf, Gll^Fmf, Hhd, Hh, Mm, Gll^Fmf, Gll^Fmf, Hh, Ww, Ww, Wo, Wo, Wo, Wo, Wo, Wo, Ww, Ww, Ww, Ww, Ww, Gs, Gs, Gs, Gs, Hh, Gll^Fdf, Mm^Xm, Gll^Fmf, Hh, Mm, Mm, Gll^Fmf, Hh, Gs, Gs, Gs, Gs, Gd, Mm, Hh, Gll^Fmf, Mm, Mm, Hh, Gd, Gs, Gs, Hh, Gs, Gs, Hhd, Hhd, Ds, Ds
Gs, Gs, Ce, Ce, Ce, Gd, Gs, Gs, Gll^Fmf, Mm, Mm, Gll^Fmf, Gll^Fmf, Mm, Mm, Gll^Fmf, Hhd, Gll^Fdf, Hhd, Ww, Ww, Ww, Ww, Wo, Ww, Wo, Ww, Ww, Ww, Ww, Ww, Ww, Gs, Gs, Gs, Gll^Fmf, Gll^Fmf, Mm, Mm, Mm, Gll^Fmf, Hh, Mm, Gll^Fmf, Hh, Gs, Gs, Gd, Gd, Gll^Fmf, Hh, Mm, Gll^Fmf, Gll^Fmf, Mm, Gll^Fdf, Gs, Gs, Gs, Gd, Gs, Gs, Hh, Hhd, Hh, Hh
Gs, Gs, Ce, 1 Ke, Ce, Gll^Fmf, Gll^Fmf, Gd, Hh, Hh, Hh, Hh, Hhd, Mm, Gll^Fmf, Hh, Gs, Gs, Gs, Ww, Ww, Ww, Ww, Ww, Ww, Ww, Ww, Ww, Ww, Ww, Ww, Ww, Gs, Gs, Gd, Hh, Hh, Gll^Fmf, Mm, Gll^Fmf, Gll^Fdf, Hh, Mm, Hh, Gll^Fmf, Gs, Gs, Gd, Gd, Gll^Fmf, Mm, Mm, Mm, Hh, Gll^Fmf, Gll^Fmf, Gd, Gs, Gs, Gll^Fmf, Gll^Fmf, Gs, Gs, Hh, Gs, Gs
Gs, Gs, Gs, Ce, Hhd, Hhd, Gd, Gs, Gs, Gll^Fdf, Mm, Gs^Vl, Mm, Gll^Fmf, Hh, Gll^Fdf, Gs, Gs, Gs, Gs, Gs, Ww, Ww, Ww, Ww, Ww, Ww, Ww, Ww, Ww, Gs, Gs, Gs, Gs, Gs, Gll^Fmf, Mm, Mm^Xm, Mm, Mm, Hh, Gll^Fmf, Mm, Gll^Fmf, Gll^Fmf, Gd, Gs, Gs, Gs, Hh, Gll^Fmf, Hh, Gll^Fmf, Mm, Hh, Gs, Gs, Gs, Gll^Fmf, Gll^Fdf, Gs^Vl, Gll^Fmf, Gs, Gs, Gd, Gd
Gd, Gd, Hhd, Gll^Fdf, Gll^Fmf, Gs, Ce, Ce, Ce, Gll^Fmf, Gll^Fmf, Mm, Hh, Hhd, Gs, Gd, Gs, Gs, Gd, Gs, Gs, Gs, Gd, Ww, Gs, Gd, Gd, Ww, Gs, Gd, Gs, Gs, Gs, Gs, Gll^Fmf, Gll^Fmf, Hh, Mm, Gll^Fmf, Hh, Gll^Fmf, Gll^Fdf, Hh, Hh, Gs, Gs, Gd, Gs, Gs, Hh, Gll^Fmf, Mm, Mm, Gll^Fmf, Gs, Gs, Gs, Gs, Gll^Fmf, Gll^Fmf, Gll^Fmf, Hhd, Gs, Gd, Gs, Gs
Gd, Gs, Gs, Hhd, Gs, Gs, Ce, 3 Ke, Ce, Gs, Gs, Gs, Gs, Gd, Gs, Gd, Gs, Gs, Gs, Gs, Gs, Gs, Gs, Gs, Gll^Fdf, Gs, Hhd, Gs, Gs, Gd, Gs, Gd, Gs, Gs, Gs, Hh, Gs, Gll^Fmf, Gs, Hh, Gs, Gd, Gs, Gs, Gs, Gll^Fmf, Gll^Fmf, Hhd, Gll^Fmf, Gs, Gd, Gll^Fmf, Hh, Hh, Gd, Gs, Gs, Gs, Gd, Gll^Fdf, Gll^Fdf, Gll^Fmf, Gs, Gll^Fmf, Gll^Fmf, Gd
Gs, Gs, Gs, Gll^Fmf, Gs, Gs, Gs, Ce, Gll^Fmf, Gs, Gd, Gs, Gs, Gs, Gs, Gs, Gll^Fmf, Gs, Gs, Gd, Gs, Gs, Gd, Gd, Gd, Gll^Fdf, Gs^Vl, Gll^Fmf, Gll^Fmf, Gs, Gs, Gs, Gs, Gs, Gll^Fmf, Gs, Ce, Ce, Ce, Gs, Gs, Gs, Gs, Gs, Gll^Fmf, Gll^Fmf, Gs, Hhd, Gll^Fmf, Gll^Fdf, Gs, Gs, Gs, Gs, Gd, Gll^Fmf, Gll^Fdf, Gs, Gs, Gs, Gd, Gd, Gs, Hhd, Hhd, Gll^Fmf
Gs, Gs, Gs, Gs, Gs, Gs, Gll^Fmf, Gll^Fmf, Gll^Fdf, Hhd, Gs, Gs, Gs, Gs, Gs, Gll^Fmf, Hhd, Gll^Fmf, Gs, Gll^Fdf, Gll^Fmf, Gs, Gs, Gs, Gs, Hhd, Hhd, Gll^Fdf, Gs, Gs, Gd, Gs, Gll^Fdf, Hhd, Hhd, Gll^Fdf, Ce, 8 Ke, Ce, Gs, Gs^Ecf, Gs, Gs, Gs, Gd, Gs, Gs, Gd, Gs, Gll^Fmf, Gd, Gs, Gs^Vl, Gs, Gs, Hhd, Hhd, Gll^Fmf, Gll^Fdf, Gll^Fmf, Gll^Fmf, Gs, Gs, Gll^Fmf, Gll^Fmf, Gll^Fmf
Gs, Gs, Gd, Gs, Gs, Gd, Gll^Fdf, Gs^Vl, Hhd, Hhd, Gs, Gs, Gs, Gd, Gs, Gll^Fmf, Hhd, Gs^Vl, Gll^Fmf, Hhd, Gll^Fdf, Gll^Fmf, Gs, Gs, Gs, Gll^Fmf, Gs, Gd, Gs, Gs, Gs, Gll^Fmf, Gd, Gs^Vl, Hhd, Gll^Fmf, Gll^Fmf, Ce, Gs, Gs, Gs, Gd, Gll^Fmf, Gll^Fmf, Hhd, Gs, Gll^Fmf, Gd, Gd, Gs, Gd, Gs, Gs, Gd, Gs, Gll^Fmf, Gll^Fmf, Gll^Fmf, Hhd, Hhd, Gll^Fmf, Gll^Fdf, Gd, Gs, Gs, Gd
Gs, Gs, Gd, Gd, Gd, Gs, Gll^Fmf, Gll^Fmf, Gll^Fmf, Gll^Fmf, Gs, Gs, Gs, Gs, Gs, Gs, Gd, Hhd, Gll^Fmf, Hhd, Gll^Fdf, Gs, Gs, Gs, Gs, Gs, Gd, Gs, Gd, Gd, Gs, Gd, Gs, Gs, Gs, Gll^Fmf, Gd, Gd, Gs, Gs, Gs, Gd, Hhd, Gll^Fdf, Gll^Fmf, Gll^Fmf, Mm^Xm, Gll^Fmf, Hh, Gs, Gll^Fmf, Hhd, Hh, Gs, Gs, Gs, Gs, Gd, Gs, Gll^Fmf, Gd, Gs, Gs, Gs, Gd, Gd
Gs, Gs, Gs, Gd, Gd, Gs, Gd, Gs, Gs, Gs, Gs, Gs, Gll^Fmf, Gs, Gs, Gs, Gs, Gll^Fmf, Gll^Fmf, Gll^Fmf, Gs, Gd, Gs, Gs, Gs, Gs, Gll^Fmf, Gll^Fmf, Gll^Fmf, Gll^Fmf, Gs, Gs, Gs, Gs, Gd, Gs, Gs, Gs, Gs, Gs, Gll^Fmf, Gs, Hh, Hhd, Mm, Mm, Mm, Mm^Xm, Mm^Xm, Gll^Fmf, Gll^Fmf, Mm, Mm, Gll^Fmf, Gs, Gs, Gs, Gs, Gs, Gs, Gs, Gs, Gs, Gd, Gs, Gd
Gd, Gs, Gs, Gs, Hhd, Gs, Gs, Gd, Gd, Gs, Gll^Fmf, Gll^Fmf, Hh, Gll^Fmf, Hhd, Gs, Gs, Gs, Gs, Gs, Gs, Gs, Gd, Gs, Gs, Gs, Gd, Hh, Hh, Hh, Gll^Fdf, Mm, Gll^Fmf, Gs, Gd, Gd, Gll^Fdf, Gs, Gs, Gll^Fmf, Gll^Fmf, Gs, Gs, Gll^Fmf, Hhd, Gll^Fmf, Gll^Fmf, Mm, Mm, Mm, Hhd, Gll^Fmf, Hh, Gll^Fdf, Gll^Fmf, Gs, Gll^Fmf, Gll^Fmf, Gll^Fmf, Gs, Hhd, Gll^Fdf, Gll^Fdf, Gs, Gs, Gs
Hhd, Hhd, Gll^Fmf, Gll^Fmf, Gll^Fmf, Gs, Gs, Gs, Gs, Gs, Mm, Mm, Gll^Fmf, Hh, Mm, Hhd, Gll^Fmf, Gd, Gd, Gs, Gs, Gs, Gll^Fmf, Gs, Gs, Gs, Gll^Fdf, Mm, Gll^Fmf, Hhd, Hhd, Gll^Fmf, Mm, Gll^Fdf, Hhd, Gll^Fdf, Mm, Gll^Fmf, Gd, Gs, Gll^Fmf, Gs, Gs, Gll^Fmf, Hh, Mm, Mm, Gll^Fmf, Gll^Fmf, Gll^Fmf, Gll^Fmf, Mm, Mm, Hh, Gll^Fmf, Hh, Gll^Fmf, Hhd, Mm, Hh, Gs^Vl, Hhd, Mm, Gll^Fmf, Gs, Gs
Gll^Fdf, Hhd, Gll^Fmf, Gs^Vl, Gll^Fmf, Gs, Gd, Gs, Gd, Gll^Fdf, Hhd, Gll^Fmf, Gll^Fmf, Mm, Gll^Fmf, Mm, Gll^Fdf, Gs, Gs, Gs, Gll^Fmf, Gll^Fmf, Hhd, Gs, Gs, Gd, Gll^Fmf, Mm, Hhd, Gs^Vl, Mm^Xm, Hh, Hhd, Hh, Hh, Gll^Fmf, Gll^Fdf, Hh, Gs, Gd, Gs^Vl, Gd, Gs, Gs, Gs, Gll^Fmf, Gll^Fmf, Gll^Fmf, Hhd, Mm, Hh, Hhd, Gs^Vl, Hhd, Mm, Gll^Fmf, Hh, Gll^Fmf, Gll^Fmf, Gll^Fmf, Gll^Fmf, Mm, Mm, Gll^Fmf, Gs, Gs
Gs, Gll^Fmf, Hhd, Hhd, Gll^Fmf, Gs, Gd, Gs, Gll^Fmf, Mm, Hhd, Gll^Fmf, Hhd, Mm, Hhd, Gll^Fmf, Hh, Gs, Gs, Gd, Hhd, Gll^Fmf, Gll^Fmf, Gll^Fdf, Gs, Gs, Gs, Gll^Fdf, Hhd, Mm, Mm, Mm, Hhd, Gll^Fmf, Gll^Fdf, Gll^Fmf, Gll^Fmf, Hh, Gs, Gd, Gd, Gs, Gll^Fdf, Gll^Fmf, Gs, Gs, Gd, Hh, Gll^Fdf, Mm, Gll^Fdf, Gll^Fmf, Hh, Gll^Fdf, Hh, Hhd, Gll^Fmf, Hh, Mm, Mm, Hhd, Gll^Fmf, Hh, Hh, Gs, Gs
Gs, Gd, Gs, Gll^Fmf, Gs, Gs, Gs, Gs, Gll^Fmf, Hh, Mm, Mm, Mm, Gs^Vl, Gll^Fdf, Mm, Hh, Gll^Fmf, Gs, Gs, Gd, Gll^Fmf, Gs^Vl, Gll^Fmf, Gll^Fmf, Gd, Gs, Gll^Fmf, Gll^Fdf, Hh, Hh, Gll^Fmf, Gll^Fmf, Gll^Fmf, Gll^Fmf, Hhd, Gll^Fdf, Mm, Gll^Fmf, Gs, Gs, Gll^Fmf, Gll^Fmf, Hhd, Gs, Gs, Gs, Gd, Gs, Gll^Fmf, Hh, Hhd, Gll^Fmf, Gll^Fmf, Mm, Gll^Fmf, Mm, Mm, Mm, Hh, Hhd, Gll^Fmf, Gd, Gs, Gd, Gs
Gd, Gs, Ce, Gs, Gd, Gs^Ecf, Gs, Gs, Gd, Gll^Fmf, Hh, Hh, Gll^Fmf, Mm, Hh, Mm, Gll^Fmf, Gll^Fmf, Gd, Gs, Gd, Hhd, Hhd, Gll^Fmf, Gll^Fdf, Gs, Gs, Gs, Gd, Gs, Hhd, Gll^Fmf, Hh, Hh, Gll^Fdf, Hhd, Mm, Mm, Gll^Fmf, Gs, Gs, Gs, Gll^Fmf, Hhd, Gll^Fmf, Gd, Gs, Gs, Gll^Fdf, Gd, Gs, Hh, Gs, Hh, Gs, Gll^Fmf, Hh, Hhd, Gll^Fmf, Gll^Fmf, Gll^Fmf, Gll^Fmf, Ce, Ce, Ce, Gs
Gs, Ce, 6 Ke, Ce, Gs, Gs, Gs^Vl, Gs, Gs, Gs, Gs, Gll^Fmf, Gs, Gll^Fmf, Gs, Hhd, Gs, Gd, Gs, Gs, Gs, Gll^Fmf, Gll^Fmf, Gll^Fmf, Gll^Fmf, Gd, Gs, Gs, Gll^Fmf, Gs, Gs, Gs, Gs, Hh, Gs^Vl, Hh, Gll^Fmf, Gll^Fmf, Gs, Gs, Gs, Gs, Gs, Gs, Gs, Gs, Gs, Gs, Gll^Fmf, Gs^Vl, Gll^Fmf, Gs, Gs, Gs, Gd, Gd, Gs, Hh, Gs^Vl, Gll^Fmf, Gs, Gs, Ce, 7 Ke, Ce, Gs
Gs, Ce, Ce, Ce, Gs, Gs, Gs, Gs, Gs, Gs, Gd, Gs, Gs, Gs, Gd, Gd, Gs, Gs, Gs, Gd, Gd, Gll^Fdf, Gd, Gll^Fmf, Gs, Gs, Gs, Gll^Fmf, Gll^Fmf, Gll^Fmf, Gll^Fdf, Gd, Gs, Gs, Gs, Gs, Gs, Gd, Gs, Gd, Gll^Fmf, Gll^Fmf, Gll^Fmf, Gd, Gs, Gs, Gs, Gs, Gd, Gll^Fmf, Gd, Gs, Gs, Gs, Gs, Gd, Gs, Gs, Gs, Gd, Gs^Ecf, Gs, Gs, Ce, Gd, Gs
Gs, Gs, Gd, Gs, Gs, Gs, Gs, Gs, Gd, Gd, Gs, Gs, Gd, Gs, Gd, Gs, Gs, Gs, Gs, Gs, Gs, Gs, Gs, Gd, Gs, Gd, Gs, Gs, Gd, Hhd, Gs, Gs, Gs, Gs, Gs, Gs, Gd, Gs, Gs, Gs, Gs, Gll^Fmf, Gs, Gs, Gd, Gs, Gs, Gs, Gs, Gs, Gs, Gs, Gs, Gs, Gs, Gs, Gs, Gs, Gs, Gs, Gs, Gs, Gs, Gs, Gs, Gd
