Xu, Xu, Xu, Xu, Xu, Xu, Xu, Xu, Xu, Xu, Xu, Xu, Xu, Xu, Xu, Xu, Xu, Xu, Xu, Xu, Xu, Xu, Xu, Xu, Xu, Xu, Xu, Xu, Xu, Xu, Xu, Xu, Xu, Xu, Xu, Xu, Xu, Xu, Xu, Xu, Xu, Xu, Xu, Xu, Xu, Xu, Xu, Xu, Xu, Xu, Xu, Xu, Rb
Xu, Xu, Xu, Xu, Xu, Xu, Xu, Xu, Xu, Xu, Xu, Xu, Xu, Xu, Xu, Xu, Xu, Xu, Xu, Xu, Xu, Xu, Xu, Xu, Xu, Xu, Xu, Xu, Xu, Xu, Xu, Xu, Xu, Xu, Xu, Xu, Xu, Xu, Xu, Xu, Xu, Xu, Xu, Xu, Xu, Xu, Xu, Xu, Xu, Xu, Uu, Rb, Uu
Xu, Xu, Xu, Xu, Xu, Xu, Xu, Xu, Xu, Xu, Xu, Xu, Xu, Xu, Xu, Xu, Xu, Xu, Xu, Xu, Xu, Xu, Xu, Xu, Xu, Xu, Xu, Xu, Rb, Xu, Xu, Xu, Uu, Rb, Uh, Xu, Qlfz, Xu, Xu, Xu, Xu, Xu, Uu, Xu, Xu, Xu, Uu, Xu, Uh, Uu, Rb, Uh, Uh
Xu, Xu, Xu, Xu, Xu, Xu, Qlfz, Xu, Qlfz, Qlfz, Qlfz, Qlfz, Qlfz, Xu, Qlfz, Qlfz, Qlfz, Xu, Uu^Uf, Uu^Uf, Uh, Rb, Rb, Xu, Qlfz, Xu, Uu^Uf, Uh, Rb, Uu, Uh, Uh, Uu^Vu, Rb, Uh, Uu^Uf, Qlfz, Qlfz, Qlfz, Xu, Rb, Uu^Uf, Uu^Vct, Rb, Rb, Rb, Ce, Uh, Uh^Ecf, Rb, Uu, Rb, Xu
Xu, Xu, Xu, Xu, Xu, Qlfz, Qlfz, Qlfz, Qlfz, Qlfz, Qlfz, Qlfz, Qlfz, Qlfz, Qlfz, Qlfz, Rb, Uh, Rb, Uh, Rb, Rb, Uh, Qlfz, Qlfz, Qlfz, Rb, Uh, Xu, Rb, Uh, Uu^Uf, Rb, Uu, Rb, Rb, Qlfz, Qlfz, Qlfz, Qlfz, Rb, Uh, Uh^Ecf, Uu, Ce, Ce, 1 Ke, Uu, Rb, Uu, Xu, Xu, Xu
Xu, Xu, Xu, Xu, Xu, Qlfz, Qlfz, Qlfz, Qlfz, Qlfz, Qlfz, Qlfz, Qlfz, Qlfz, Qlfz, Qlfz, Rb, Rb, Rb, Uu^Vu, Rb, Uu, Rb, Uh, Qlfz^Bcx/, Qlfz^Bcx/, Qlfz, Xu, Xu, Uu, Uu, Rb, Uu, Rb, Uu, Uu^Uf, Uu, Qlfz, Qlfz^Bcx/, Qlfz^Bcx/, Uu^Uf, Uu^Uf, Uh, Rb, Rb, Ce, Ce, Ce, Rb, Uu, Xu, Xu, Xu
Xu, Xu, Xu, Xu, Xu, Qlfz, Qlfz, Qlfz, Qlfz, Qlfz, Qlfz, Qlfz, Xu, Qlfz, Qlfz, Xu, Xu, Uu, Uu^Uf, Uh, Uu, Rb, Rb, Rb, Qlfz, Qlfz, Xu, Xu, Ql, Uu, Ql, Ql, Ql, Uh, Uh, Rb, Uu, Qlfz^Bcx/, Qlfz, Qlfz, Qlfz, Rb, Rb, Uu^Vct, Uu, Ce, Uh, Uu, Uu^Vct, Rb, Xu, Xu, Xu
Xu, Xu, Xu, Xu, Xu, Xu, Xu, Qlfz, Uh, Rb, Rb, Xu, Xu, Qlfz, Xu, Xu, Xu, Uu, Rb, Rb, Uu, Uu^Uf, Uh, Uu, Uu, Qlfz, Xu, Xu, Ql, Ql, Ql, Ql, Ql, Uh, Uu^Uf, Rb, Rb, Rb, Xu, Qlfz, Qlfz, Qlfz, Qlfz, Uu, Rb, Uh, Uh^Ecf, Rb, Uu, Uu, Xu, Xu, Xu
Xu, Xu, Xu, Xu, Xu, Xu, Xu, Uu^Uf, Uh, Uu^Vu, Rb, Xu, Xu, Xu, Xu, Xu, Xu, Xu, Rb, Uu^Vu, Uh, Uu^Uf, Xu, Uu, Rb, Xu, Xu, Xu, Uu^Uf, Ql, Ql, Ql, Ql, Ql, Ql, Rb, Uh, Uu^Vu, Xu, Xu, Xu, Qlfz, Qlfz, Rb, Uu^Uf, Uu, Rb, Rb, Uu^Uf, Uu^Uf, Xu, Xu, Xu
Xu, Xu, Xu, Xu, Xu, Xu, Xu, Xu, Uu, Uu, Rb, Uu, Xu, Xu, Uu^Uf, Uh, Rb, Xu, Rb, Rb, Xu, Xu, Xu, Rb, Rb, Uu, Uu, Uu^Uf, Uh, Uh, Uu, Rb, Uh, Ql, Ql, Uu^Uf, Uh, Ql, Ql, Xu, Xu, Qlfz, Qlfz, Qlfz, Qlfz, Uu^Uf, Uu, Uu, Qlfz, Qlfz, Qlfz, Xu, Xu
Xu, Xu, Xu, Xu, Xu, Xu, Xu, Xu, Rb, Rb, Rb, Uu, Xu, Xu, Xu, Uh, Cay, Rb, Uu, Rb, Uu^Uf, Xu, Xu, Uu, Uu^Vu, Rb, Rb, Uu, Rb, Uu^Vu, Uu, Rb, Uh, Ql, Ql, Rb, Ql, Ql, Xu, Xu, Xu, Xu, Xu, Qlfz, Qlfz, Qlfz, Qlfz, Qlfz, Qlfz, Qlfz, Qlfz, Xu, Xu
Xu, Xu, Xu, Xu, Xu, Xu, Ql, Ql, Rb, Uu, Uu, Rb, Uu, Xu, Uh, Uu, Cay, 8 Kay, Cay, Uh, Xu, Xu, Xu, Uu^Uf, Uu^Uf, Uh, Uu, Rb, Uu, Rb, Uu, Uh, Ql, Ql, Ql, Ql, Uu, Ql, Uh, Xu, Uu^Uf, Xu, Rb, Rb, Rb, Qlfz, Xu, Qlfz, Xu, Qlfz, Xu, Xu, Xu
Xu, Xu, Xu, Xu, Xu, Xu, Ql, Ql, Ql, Uh, Uu, Rb, Rb, Uu^Vu, Rb, Uu, Rb, Cay, Rb, Uh, Xu, Xu, Xu, Xu, Xu, Uh, Ql, Uu, Ql^Bcx|, Ql, Ql, Uu^Uf, Ql, Ql, Uh, Rb, Uu, Rb, Rb, Uh, Uu, Uu, Uu, Uu, Uu, Xu, Xu, Xu, Xu, Xu, Xu, Xu, Xu
Xu, Xu, Xu, Xu, Xu, Xu, Xu, Ql, Ql, Uh, Uu^Uf, Uu, Uh, Rb, Uu^Uf, Rb, Xu, Rb, Uu, Uu^Uf, Xu, Xu, Ql, Ql, Ql, Ql, Ql, Ql, Ql^Bcx|, Ql, Ql, Ql, Ql, Ql, Uh, Uu^Uf, Xu, Rb, Rb, Uu^Vu, Rb, Rb, Uh, Uu^Uf, Rb, Rb, Rb, Uh, Uu^Uf, Xu, Qlfz, Xu, Xu
Xu, Xu, Xu, Xu, Xu, Xu, Xu, Xu, Ql, Ql, Ql, Ql, Ql, Uh, Uu^Uf, Xu, Xu, Uh, Ql, Xu, Ql, Ql, Ql, Ql, Ql, Ql, Uh, Ql, Rb, Uh, Rb, Ql, Ql^Bcx/, Ql^Bcx/, Ql, Uh, Xu, Xu, Xu, Uh, Uu^Uf, Uu, Rb, Uh, Rb, Uu^Vu, Uu, Uu^Uf, Uh, Qlfz, Qlfz, Xu, Xu
Xu, Xu, Xu, Xu, Xu, Xu, Xu, Xu, Xu, Ql, Ql, Ql, Ql, Ql, Xu, Xu, Xu, Ql, Ql, Ql, Ql, Ql, Rb, Uu, Uu^Uf, Uh, Uu^Uf, Uu, Uu, Uh, Uu^Uf, Rb, Uu, Ql, Ql, Ql, Ql, Xu, Xu, Uh, Uh, Rb, Uu, Rb, Uu, Uh, Uu, Rb, Rb, Qlfz, Qlfz, Xu, Xu
Xu, Xu, Xu, Xu, Xu, Xu, Xu, Xu, Xu, Xu, Xu, Xu, Xu, Xu, Xu, Xu, Xos, Xos, Xos, Ql, Uu^Uf, Rb, Uh, Rb, Uu, Uh, Rb, Rb, Uu^Uf, Rb, Uu, Rb, Uh, Rb, Rb, Ql, Ql, Xu, Xu, Xu, Rb, Uu, Uh, Uu^Vu, Rb, Uh, Qlfz, Rb, Qlfz, Qlfz, Qlfz, Xu, Xu
Xu, Xu, Xu, Xu, Xu, Xu, Xu, Xu, Xu, Xu, Xu, Xu, Xu, Xu, Xu, Xu, Uu^Uf, Uh, Uh, Xu, Xu, Uu^Uf, Uh, Uu, Xu, Xu, Xu, Uu^Uf, Uh, Rb, Rb, Uu, Uh, Uu^Uf, Uu, Ql, Ql, Ql, Xu, Xu, Rb, Uu, Uh, Uu^Uf, Xu, Qlfz, Qlfz, Qlfz, Qlfz, Qlfz, Qlfz, Xu, Xu
Xu, Xu, Xu, Xu, Xu, Xu, Xu, Xu, Ql, Xu, Ql, Xu, Xu, Xu, Xu, Xu, Ql, Uu^Uf, Uh, Rb, Ql, Xos, Xos, Xu, Xos, Xu, Xu, Xos, Uh, Uh, Uu, Uu, Rb, Uh, Rb, Uu, Ql, Ql, Ql, Xu, Ql, Rb, Ql, Uh, Xu, Xu, Qlfz, Qlfz, Xu, Xu, Xu, Xu, Xu
Xu, Xu, Xu, Xu, Xu, Xu, Xu, Ql, Ql, Ql, Ql, Ql, Ql, Ql, Ql, Ql, Ql, Rb, Uu, Ql, Ql, Ql, Xos, Xos, Xos, Xos, Xos, Xos, Ur, Rb, Xos, Xos, Uu^Uf, Rb, Uh, Uu, Ql, Ql, Ql, Ql, Ql, Ql^Bcx|, Ql, Ql, Xu, Xu, Xu, Qlfz, Xu, Xu, Xu, Xu, Xu
Xu, Xu, Xu, Xu, Xu, Xu, Ql, Ql, Ql, Ql, Uh, Ql, Ql, Ql, Uh, Ql, Uu, Uu^Vu, Rb, Ql, Xu, Xu, Xos, Xos, Xos, Uu^Uf, Uu, Rb, Rb, Ur, Xos, Xu, Xu, Uu^Uf, Uh, Uh, Ql, Ql, Uu^Uf, Ql, Uu, Ql^Bcx|, Uu^Uf, Ql, Ql, Xu, Xu, Xu, Xu, Ql, Ql, Xu, Xu
Xu, Xu, Xu, Xu, Xu, Xu, Ql, Ql, Rb, Uh, Uu^Vu, Uu, Uh, Uu, Rb, Rb, Uh, Uh, Xu, Xu, Xos, Xos, Xos, Xos, Rb, Uh, Rb, Uu, Rb, Xos, Xos, Xu, Xu, Xu, Uu^Uf, Ql, Ql, Ql, Uh, Rb, Uu, Uh, Uu^Uf, Rb, Ql, Xu, Xu, Xu, Ql, Ql, Ql, Xu, Xu
Xu, Xu, Xu, Xu, Xu, Xu, Ql, Ql, Uh, Rb, Qlfz, Uu^Uf, Uh, Rb, Rb, Uu, Qlfz, Uu^Uf, Xu, Xos, Uh, Uu, Uu, Uu, Uh, Rb, Xos, Uu, Uu, Uh, Uh, Xos, Xos, Xu, Xu, Ql, Ql, Uh, Rb, Rb, Uu^Vu, Uh, Uh, Rb, Rb, Ql, Ql, Xu, Ql, Ql, Xu, Xu, Xu
Xu, Xu, Xu, Xu, Xu, Xu, Uu^Uf, Rb, Uh, Uu^Uf, Qlfz, Qlfz, Qlfz, Uu, Uh, Qlfz, Qlfz, Xu, Xos, Xos, Uh, Uu, Uu, Uh, Xos, Xos, Uu, Xos, Xos, Uu, Rb, Rb, Uu^Uf, Xos, Xos, Xu, Ql, Ql, Rb, Uu, Rb, Rb, Uu, Uu, Uu, Ql, Ql, Ql, Ql, Ql, Xu, Xu, Xu
Xu, Xu, Xu, Xu, Xu, Xu, Uh, Rb, Rb, Qlfz, Qlfz, Qlfz, Rb, Uu^Vu, Uh, Qlfz, Qlfz, Xu, Xos, Uu^Uf, Uu^Uf, Rb, Xos, Xos, Uu, Qlfz, Qlfz, Uu, Qlfz, Xos, Xos, Rb, Uh, Uu^Uf, Xos, Xu, Xu, Ql, Ql, Uu, Uh, Rb, Uu, Rb, Uh, Uu^Uf, Uh, Ql, Ql, Xu, Xu, Xu, Xu
Xu, Xu, Xu, Xu, Xu, Uh, Rb, Uu^Vu, Uh, Uu, Uu, Uh, Uh, Rb, Uu^Uf, Uu^Uf, Uh, Xu, Xos, Uh, Rb, Rb, Xos, Uu, Qlfz, Qlfz, Uu, Qlfz, Qlfz, Qlfz, Xos, Uu, Rb, Uh, Uu, Xos, Xu, Ql, Ql, Uu, Uu^Uf, Uh, Uu, Rb, Rb, Uh, Rb, Ql, Ql, Xu, Xu, Xu, Xu
Xu, Xu, Xu, Xu, Qlfz, Qlfz, Qlfz, Uh, Uh, Rb, Uh, Rb, Ql, Ql, Ql, Uh, Xu, Xu, Xos, Uh, Uu, Uu, Xos, Qlfz, Qlfz, Uu, Cay^Ii, Uu, Qlfz, Qlfz, Xos, Uu, Ql, Rb, Ql, Ql, Ql^Xo, Ql, Ql, Uu^Uf, Rb, Uh, Rb, Uu, Uu^Vu, Uu, Rb, Ql, Ql, Ql, Ql, Xu, Xu
Xu, Xu, Xu, Xu, Qlfz, Qlfz, Uu, Uu, Cay, Rb, Rb, Uh, Ql, Ql, Ql, Xu, Xu, Xu, Xos, Uu, Rb, Uu, Xos, Qlfz, Qlfz, Uu, Uu, Uu, Qlfz, Uu, Xos, Ql, Ql, Ql, Ql, Ql, Ql^Xo, Ql, Ql, Ql, Xu, Rb, Uu, Uu, Uu, Rb, Cay, Cay, Cay, Ql, Ql, Xu, Xu
Xu, Xu, Xu, Qlfz, Qlfz, Qlfz, Rb, Cay, 6 Kay, Cay, Rb, Uh, Uu, Ql, Ql, Ql, Ql, Ql^Xo, Ql, Ql, Rb, Uu, Xos, Uu, Qlfz, Qlfz, Uu, Qlfz, Uu, Uu, Xos, Ql, Ql, Ql, Xos, Xos, Xu, Xu, Xu, Xu, Xu, Xu, Uh, Rb, Rb, Uu, Cay, 3 Kay, Cay, Ql, Ql, Xu, Xu
Xu, Xu, Xu, Qlfz, Qlfz, Rb, Uh, Cay, Cay, Cay, Uh, Rb, Uh, Ql, Ql, Ql, Ql, Ql^Xo, Ql, Ql, Uu^Uf, Rb, Uu, Xos, Xos, Qlfz, Uu, Qlfz, Xos, Xos, Rb, Uh, Uh, Uh, Xos, Xu, Xu, Xu, Ql, Xu, Xu, Xu, Uh, Rb, Uu, Uh, Uu^Uf, Cay, Ql, Ql, Ql, Xu, Xu
Xu, Xu, Qlfz, Qlfz, Qlfz, Rb, Uh, Uh, Rb, Uu, Qlfz, Rb, Xu, Xu, Xu, Ql, Ql, Ql^Xo, Xos, Uu^Uf, Rb, Uu, Uu, Uu, Uu, Cay, 2 Kay, Cay, Uu, Uu, Rb, Uu, Rb, Xos, Xu, Xu, Xu, Ql, Ql, Ql, Ql, Uh, Rb, Uu, Uu^Vu, Rb, Rb, Ql, Ql, Ql, Xu, Xu, Xu
Xu, Xu, Uh, Qlfz, Rb, Uu, Uu, Rb, Uh, Qlfz, Qlfz, Qlfz, Xu, Xu, Xu, Xu, Xu, Xu, Xu, Xos, Rb, Uu, Rb, Uh, Uu, Cay, Cay, Cay, Uu, Rb, Uh, Uh, Rb, Xos, Xos, Xu, Xu, Ql, Ql, Ql, Uu^Uf, Uu^Uf, Rb, Uu, Rb, Rb, Ql, Ql, Ql, Xu, Xu, Xu, Xu
Xu, Xu, Rb, Uh, Rb, Uu^Vu, Uh, Rb, Qlfz, Qlfz, Qlfz, Xu, Xu, Xu, Qlfz, Xu, Xu, Xu, Xu, Xos, Xos, Uh, Rb, Uh, Uh, Uu, Rb, Rb, Uu, Uu, Uh, Rb, Qlfz, Qlfz, Qlfz, Xu, Xu, Xu, Ql, Ql, Ql, Rb, Ql, Uu, Uh, Uu^Uf, Ql, Ql, Xu, Xu, Xu, Xu, Xu
Xu, Xu, Xu, Rb, Qlfz, Qlfz, Uh, Rb, Uu, Qlfz, Xu, Xu, Xu, Qlfz, Qlfz, Qlfz, Xu, Xu, Ql^Xo, Xu, Qlfz, Uh, Uu, Rb, Uu, Uu, Uu, Rb, Uu, Rb, Uu, Rb, Qlfz, Qlfz, Xu, Xu, Xu, Xu, Xu, Ql, Ql, Ql, Ql, Uu, Uh, Ql, Ql, Xu, Xu, Xu, Xu, Xu, Xu
Xu, Xu, Xu, Qlfz, Qlfz, Qlfz, Qlfz, Rb, Rb, Uu^Vu, Uh, Xu, Uh, Qlfz, Qlfz, Qlfz, Qlfz, Ql, Ql^Xo, Ql, Qlfz, Qlfz, Uu, Uh, Rb, Rb, Rb, Uu, Rb, Rb, Uu, Qlfz, Qlfz, Qlfz, Xu, Xu, Xu, Xu, Xu, Ql, Ql, Ql, Ql, Uh, Ql, Ql, Xu, Xu, Xu, Xu, Xu, Xu, Xu
Xu, Xu, Xu, Xu, Qlfz, Qlfz, Qlfz, Qlfz, Uh, Uu, Rb, Uh, Rb, Rb, Qlfz, Qlfz, Qlfz, Ql, Ql^Xo, Ql, Ql, Qlfz, Qlfz, Uu, Qlfz, Qlfz, Qlfz, Uu, Qlfz, Uu, Qlfz, Qlfz, Qlfz, Qlfz, Xu, Xu, Xu, Xu, Xu, Xu, Xu, Ql, Ql, Ql, Ql, Ql, Xu, Xu, Xu, Xu, Xu, Xu, Xu
Xu, Xu, Xu, Xu, Xu, Qlfz, Xu, Qlfz, Xu, Uh, Rb, Rb, Rb, Uh, Rb, Qlfz, Xu, Xu, Xu, Ql^Xo, Ql, Ql, Qlfz, Qlfz, Qlfz, Qlfz, Qlfz, Qlfz, Ql, Qlfz, Qlfz, Qlfz, Qlfz, Xu, Xu, Xu, Xu, Xu, Xu, Xu, Xu, Ql, Xu, Xu, Xu, Xu, Xu, Xu, Xu, Xu, Xu, Xu, Xu
Xu, Xu, Xu, Xu, Xu, Xu, Xu, Xu, Xu, Xu, Uh, Uh, Uu, Uu, Rb, Qlfz, Qlfz, Xu, Xu, Xu, Xu, Ql, Ql, Qlfz, Ql, Ql, Ql, Ql, Ql, Ql, Ql, Qlfz, Ql, Xu, Xu, Xu, Xu, Xu, Xu, Xu, Xu, Xu^Uov, Xu^Uov, Xu^Uov, Xu^Uov, Xu, Xu^Uov, Xu, Xu, Xu, Xu, Xu, Xu
Xu, Xu, Xu, Xu, Xu, Xu, Xu, Xu, Xu, Xu, Xu, Uh, Qlfz, Uu, Qlfz^Bcx\, Qlfz, Qlfz, Qlfz, Xu, Xu, Ql^Xo, Ql, Ql, Ql, Ql, Ql, Ql, Ql, Xu, Ql, Ql, Ql, Ql^Xo, Ql^Xo, Xu, Xu, Xu, Xu, Xu, Xu, Xu, Xu, Xu, Xu, Xu, Xu^Uov, Xu, Xu^Uov, Xu^Uov, Xu, Xu, Xu, Xu
Xu, Xu, Xu, Xu, Xu, Xu, Xu, Xu, Xu, Xu, Xu, Xu, Qlfz, Qlfz, Qlfz, Qlfz^Bcx\, Uh, Qlfz, Rb, Xu, Ql, Ql^Xo, Xu, Ql, Xu, Xu, Xu, Xu, Xu, Xu, Xu, Ql^Xo, Ql, Ql, Xu, Xu, Xu, Xu, Qlfz, Xu, Qlfz, Xu, Xu, Xu, Qlfz, Xu, Xu, Xu, Xu, Xu^Uov, Xu, Xu, Xu
Xu, Xu, Xu, Xu, Xu, Xu, Ql, Xu, Ql, Ql, Ql, Xu, Xu, Qlfz, Qlfz, Uu, Uh, Uh, Rb, Uu, Ql, Ql, Xu, Xu, Xu, Xu, Ql, Xu, Ql, Xu, Xu, Xu, Qlfz, Qlfz, Qlfz, Xu, Qlfz, Qlfz, Qlfz, Qlfz, Qlfz, Qlfz, Qlfz, Qlfz, Qlfz, Qlfz, Qlfz, Xu, Xu, Xu^Uov, Xu, Xu, Xu
Xu, Xu, Xu, Xu, Ql, Ql, Ql, Ql, Ql, Ql, Ql, Xu, Xu, Qlfz, Rb, Uu, Uu, Uu^Uf, Rb, Uu, Rb, Ql, Rb, Xu, Uh, Ql, Ql, Ql, Ql, Ql, Xu, Xu, Xu, Qlfz, Qlfz, Qlfz, Qlfz, Qlfz, Xu, Qlfz, Xu, Qlfz, Qlfz, Qlfz, Uu^Uf, Qlfz, Qlfz, Qlfz, Xu, Xu^Uov, Xu, Xu, Xu
Xu, Xu, Xu, Xu, Ql, Ql, Uu, Ql, Uh, Ql, Ql, Xu, Xu, Xu, Rb, Rb, Rb, Rb, Uu, Uh, Uh, Uu^Uf, Uu^Vu, Uh, Rb, Rb, Uh, Uh, Rb, Ql, Xu, Xu, Xu, Xu, Qlfz, Qlfz, Qlfz, Xu, Xu, Xu, Xu, Xu, Xu, Uu^Uf, Uu^Vud, Uu, Qlfz, Qlfz, Xu, Xu^Uov, Xu^Uov, Xu, Rb
Xu, Xu, Xu, Ql, Ql, Rb, Uu^Vu, Uu^Uf, Uh, Uu, Rb, Rb, Rb, Uh, Uh, Uu, Uu, Rb, Qlfz, Xu, Xu, Rb, Rb, Uu, Xu, Uu, Uu, Rb, Rb, Uh, Rb, Xu, Xu, Xu, Qlfz, Qlfz, Qlfz, Xu, Xu, Xu, Uh, Xu, Uu, Uh, Uh, Uu, Uh, Qlfz, Xu, Xu, Uh, Rb, Uh
Xu, Xu, Ql, Ql, Ql, Ql, Cay, Cay, Cay, Uu, Uu, Uh, Rb, Uu^Uf, Uh, Uu^Uf, Rb, Qlfz, Qlfz, Xu, Xu, Xu, Qlfz, Qlfz, Qlfz, Xu, Xu, Rb, Uu^Uf, Uh, Rb, Xu, Xu, Qlfz, Qlfz, Qlfz, Qlfz, Qlfz, Uu, Uu^Uf, Uh, Uu^Uf, Uu, Rb, Rb, Rb, Uh, Uh, Uu^Uf, Uu, Rb, Uu, Rb
Xu, Xu, Ql, Ql, Ql, Rb, Cay, 7 Kay, Cay, Rb, Rb, Uh, Uu, Uu, Rb, Rb, Uu, Qlfz, Qlfz, Qlfz, Qlfz, Qlfz, Qlfz, Qlfz, Qlfz, Xu, Xu, Uh, Uh, Uu^Vu, Uu, Xu, Xu, Qlfz, Qlfz, Qlfz, Qlfz, Qlfz, Uu, Uu^Vud, Rb, Uh, Qlfz, Qlfz, Cud, Uu, Uu, Uu^Uf, Uu^Vud, Rb, Uh, Rb, Uu
Xu, Xu, Xu, Ql, Uh, Uh, Uu^Uf, Cay, Uh, Rb, Xu, Xu, Xu, Uu^Vu, Rb, Rb, Xu, Xu, Qlfz, Qlfz, Qlfz, Qlfz, Qlfz, Qlfz, Qlfz, Qlfz, Qlfz, Qlfz, Uh, Uu, Rb, Xu, Ur, Xu, Ur, Xu, Xu, Uu^Uf, Uh, Rb, Uu, Qlfz, Qlfz, Cud, 5 Kud, Cud, Qlfz, Qlfz, Uu, Uu, Uh, Uh, Xu
Xu, Xu, Xu, Rb, Uu^Uf, Uh, Ql, Uh, Ql, Ql, Xu, Xu, Ql, Ql, Uh, Uu^Uf, Uh, Xu, Qlfz, Qlfz, Xu, Qlfz, Qlfz, Qlfz, Uu, Qlfz, Qlfz, Qlfz, Rb, Rb, Rb, Uh, Xu, Ur, Xu, Ur, Xu, Uh, Uu^Uf, Rb, Rb, Qlfz, Xu, Qlfz, Cud, Cud, Qlfz, Qlfz, Rb, Rb, Xu, Xu, Xu
Xu, Xu, Xu, Xu, Ql, Ql, Ql, Ql, Ql, Ql, Xu, Xu, Ql, Ql, Ql, Uh, Uu, Qlfz, Qlfz, Qlfz, Xu, Xu, Uh, Rb, Rb, Uu, Rb, Uu^Uf, Rb, Uu, Uu, Uh, Xu, Xu, Qlfz, Ur, Ur, Uh, Uu^Vud, Uu, Uu, Xu, Xu, Qlfz, Qlfz, Cud, Uu, Uu, Uh, Rb, Xu, Xu, Xu
Xu, Xu, Xu, Xu, Xu, Ql, Xu, Ql, Ql, Xu, Xu, Xu, Ql, Ql, Ql, Rb, Rb, Rb, Rb, Uu^Vu, Uu, Uh, Rb, Uu^Uf, Rb, Uu, Uh, Rb, Uu^Uf, Uh, Uu, Rb, Qlfz, Qlfz, Qlfz, Qlfz, Qlfz, Rb, Rb, Uh, Rb, Rb, Uu^Vud, Qlfz, Rb, Rb, Uu, Uu^Uf, Uh, Qlfz, Qlfz, Xu, Xu
Xu, Xu, Xu, Xu, Xu, Xu, Xu, Ql, Xu, Xu, Xu, Ql, Ql, Ql, Uh, Rb, Uu, Uh, Uu^Uf, Rb, Uu, Rb, Xu, Uh, Xu, Rb, Qlfz, Uh, Qlfz, Uh, Uh, Rb, Qlfz, Qlfz, Xu, Qlfz, Qlfz, Qlfz, Rb, Uh, Uh, Rb, Uu, Uh, Rb, Uu, Qlfz, Uu^Uf, Qlfz, Qlfz, Qlfz, Xu, Xu
Xu, Xu, Xu, Xu, Xu, Xu, Xu, Xu, Xu, Xu, Xu, Xu, Ql, Ql, Uh, Uu, Qlfz, Qlfz, Qlfz, Qlfz, Qlfz, Xu, Xu, Xu, Xu, Xu, Xu, Qlfz, Qlfz, Qlfz, Qlfz, Qlfz, Qlfz, Qlfz, Xu, Xu, Xu, Xu, Xu, Uu^Uf, Uu^Uf, Qlfz, Qlfz, Uh, Uh, Uu, Qlfz, Qlfz, Qlfz, Qlfz, Qlfz, Xu, Xu
Xu, Xu, Xu, Xu, Qlfz, Qlfz, Qlfz, Xu, Qlfz, Qlfz, Qlfz, Xu, Xu, Rb, Rb, Uh, Rb, Qlfz, Qlfz, Qlfz, Qlfz, Xu, Xu, Xu, Xu, Xu, Xu, Qlfz, Rb, Qlfz, Qlfz, Qlfz, Qlfz, Qlfz, Qlfz, Xu, Xu, Xu, Qlfz, Rb, Uu, Rb, Qlfz, Qlfz, Uu^Vud, Rb, Rb, Qlfz, Qlfz, Qlfz, Qlfz, Xu, Xu
Xu, Xu, Xu, Xu, Qlfz, Qlfz, Rb, Rb, Uh, Qlfz, Rb, Xu, Xu, Uu^Uf, Uh, Rb, Uu^Uf, Qlfz, Qlfz, Qlfz, Uh, Qlfz, Xu, Xu, Xu, Xu, Uu^Uf, Uu, Rb, Uu^Uf, Cud, Uu^Uf, Uu^Uf, Qlfz, Uu, Xu, Xu, Qlfz, Qlfz, Qlfz, Uu, Rb, Uh, Qlfz, Uu, Rb, Xu, Xu, Qlfz, Qlfz, Qlfz, Xu, Xu
Xu, Xu, Xu, Xu, Qlfz, Qlfz, Qlfz, Uu^Uf, Uh, Uu, Uu, Uh, Rb, Uh, Uu, Rb, Rb, Uh, Uu^Vu, Uh, Rb, Uu^Uf, Rb, Xu, Rb, Uh, Uu^Uf, Rb, Uh, Cud, 4 Kud, Cud, Rb, Rb, Uh, Uu^Uf, Uu^Uf, Uu^Uf, Qlfz, Qlfz, Qlfz^Bcx/, Rb, Uu^Uf, Uh, Rb, Uu, Xu, Xu, Qlfz, Qlfz, Qlfz, Xu, Xu
Xu, Xu, Xu, Xu, Xu, Qlfz, Qlfz, Rb, Rb, Rb, Xu, Uu^Vu, Rb, Rb, Uu, Uu, Uh, Rb, Rb, Uu, Xu, Rb, Rb, Uu, Rb, Uh, Uu^Vud, Uh, Uh, Cud, Cud, Cud, Uh, Rb, Uh, Uh, Uu^Vud, Uu, Rb, Qlfz^Bcx/, Qlfz, Qlfz, Uu^Uf, Uh, Rb, Uu, Xu, Xu, Qlfz, Qlfz, Xu, Xu, Xu
Xu, Xu, Xu, Xu, Xu, Qlfz, Qlfz, Qlfz, Xu, Xu, Xu, Xu, Xu, Xu, Xu, Rb, Uh, Uh, Rb, Xu, Xu, Qlfz, Qlfz, Uu, Uh, Rb, Uu, Rb, Uu, Rb, Rb, Uh, Uu, Uu, Rb, Uh, Uu, Rb, Uu, Rb, Qlfz, Qlfz, Qlfz, Rb, Qlfz, Xu, Qlfz, Qlfz, Qlfz, Qlfz, Xu, Xu, Xu
Xu, Xu, Xu, Xu, Xu, Xu, Qlfz, Qlfz, Qlfz, Xu, Qlfz, Xu, Xu, Xu, Uu, Rb, Rb, Uu^Uf, Qlfz, Xu, Qlfz, Qlfz, Uu^Uf, Rb, Uh, Uh, Rb, Rb, Xu, Uu, Rb, Uu, Xu, Uu, Rb, Rb, Uh, Uh, Rb, Uu, Uu, Qlfz, Qlfz, Qlfz, Qlfz, Qlfz, Qlfz, Qlfz, Qlfz, Qlfz, Xu, Xu, Xu
Xu, Xu, Xu, Xu, Xu, Xu, Xu, Qlfz, Qlfz, Qlfz, Qlfz, Qlfz, Xu, Xu, Uu, Uh, Uh, Qlfz, Qlfz, Qlfz, Qlfz, Qlfz, Xu, Uh, Uu^Vud, Uh, Uu^Uf, Xu, Xu, Cud, Cud, Cud, Xu, Xu, Uu, Uu, Uh, Rb, Rb, Uh, Uh, Qlfz, Qlfz, Qlfz, Qlfz, Qlfz, Qlfz, Qlfz, Qlfz, Qlfz, Xu, Xu, Xu
Xu, Xu, Xu, Xu, Xu, Xu, Xu, Xu, Xu, Qlfz, Qlfz, Qlfz, Qlfz, Qlfz, Qlfz, Rb, Xu, Xu, Xu, Xu, Xu, Xu, Xu, Xu, Xu, Uu^Uf, Xu, Xu, Xu, Cud, Rrc, Cud, Xu, Xu, Xu, Uu^Uf, Uu^Uf, Uu^Uf, Uh, Uu^Vud, Uu^Uf, Xu, Xu, Qlfz, Qlfz, Qlfz, Xu, Qlfz, Xu, Xu, Xu, Xu, Xu
Xu, Xu, Xu, Xu, Xu, Xu, Xu, Xu, Xu, Qlfz, Qlfz, Qlfz, Qlfz, Qlfz, Qlfz, Qlfz, Xu, Xu, Xu, Xu, Xu, Xu, Xu, Xu, Xu, Xu, Xu, Xu, Xu, Rrc, Rrc, Rrc, Xu, Xu, Xu, Xu, Xu, Xu, Xu, Uu^Uf, Xu, Xu, Xu, Xu, Xu, Xu, Xu, Xu, Xu, Xu, Xu, Xu, Xu
Xu, Xu, Xu, Xu, Xu, Xu, Xu, Xu, Xu, Xu, Xu, Qlfz, Xu, Qlfz, Xu, Xu, Xu, Xu, Xu, Xu, Xu, Xu, Xu, Xu, Xu, Xu, Xu, Xu, Xu, Rrc, Rrc, Rrc, Xu, Xu, Xu, Xu, Xu, Xu, Xu, Xu, Xu, Xu, Xu, Xu, Xu, Xu, Xu, Xu, Xu, Xu, Xu, Xu, Xu
Xu, Xu, Xu, Xu, Xu, Xu, Xu, Xu, Xu, Xu, Xu, Xu, Xu, Xu, Xu, Xu, Xu, Xu, Xu, Xu, Xu, Xu, Xu, Xu, Xu, Xu, Xu, Xu, Xu, Rrc, Rrc, Rrc, Xu, Xu, Xu, Xu, Xu, Xu, Xu, Xu, Xu, Xu, Xu, Xu, Xu, Xu, Xu, Xu, Xu, Xu, Xu, Xu, Xu
