Xu, Xu, Xu, Xu, Xu, Xu, Xu, Xu, Xu, Xu, Xu, Xu, Xu, Xu, Xu, Xu, Xu, Xu, Xu, Xu, Xu, Xu, Xu, Xu, Xu, Xu, Xu, Xu, Xu, Xu, Xu, Xu, Xu, Xu, Xu, Xu, Xu, Xu, Xu, Xu, Xu, Xu, Xu, Xu, Xu, Xu, Xu, Xu, Xu, Xu, Xu, Xu, Rb
Xu, Xu, Xu, Xu, Xu, Xu, Xu, Xu, Xu, Xu, Xu, Xu, Xu, Xu, Xu, Xu, Xu, Xu, Xu, Xu, Xu, Xu, Xu, Xu, Xu, Xu, Xu, Xu, Xu, Xu, Xu, Xu, Xu, Xu, Xu, Xu, Xu, Xu, Xu, Xu, Xu, Xu, Xu, Xu, Xu, Xu, Xu, Xu, Xu, Xu, Uu, Rb, Uu
Xu, Xu, Xu, Xu, Xu, Xu, Xu, Xu, Xu, Xu, Xu, Xu, Xu, Xu, Xu, Xu, Xu, Xu, Xu, Xu, Xu, Xu, Xu, Xu, Xu, Xu, Xu, Xu, Rb, Xu, Xu, Xu, Ias, Ias, Uh, Xu, Qlf, Xu, Xu, Xu, Xu, Xu, Uu, Xu, Xu, Xu, Uu, Xu, Uh, Uu, Rb, Uh, Uh
Xu, Xu, Xu, Xu, Xu, Xu, Qlf, Xu, Qlf, Qlf, Qlf, Qlf, Qlf, Xu, Qlf, Qlf, Qlf, Xu, Tb, Tb, Uh, Rb, Rb, Xu, Qlf, Xu, Tb, Uh, Rb, Uu, Uh, Uh, Ias, Cud, Uh, Tb, Qlf, Qlf, Qlf, Xu, Rb, Tb, Uu^Vct, Rb, Rb, Rb, Ce, Uh, Uh^Ecf, Rb, Uu, Rb, Xu
Xu, Xu, Xu, Xu, Xu, Qlf, Qlf, Qlf, Qlf, Qlf, Qlf, Qlf, Qlf, Qlf, Qlf, Qlf, Rb, Uh, Rb, Uh, Rb, Rb, Uh, Qlf, Qlf^Bcx/, Qlf^Bcx/, Ias, Uh, Ias, Ias, Uh, Tb, Rb, Ias, Rb, Rb, Qlf, Qlf, Qlf^Bcx/, Qlf^Bcx/, Rb, Uh, Uh^Ecf, Uu, Ce, Ce, 1 Ke, Uu, Rb, Uu, Xu, Xu, Xu
Xu, Xu, Xu, Xu, Xu, Qlf, Qlf, Qlf, Qlf, Qlf, Qlf, Qlf, Qlf, Qlf, Qlf, Qlf, Rb, Rb, Rb, Uu^Vu, Rb, Uu, Rb, Uh, Qlf^Bcx/, Qlf^Bcx/, Qlf, Xu, Xu, Uu, Uu, Rb, Uu, Rb, Uu, Tb, Uu, Qlf^Bcx/, Qlf^Bcx/, Qlf^Bcx/, Tb, Tb, Uh, Rb, Rb, Ce, Ce, Ce, Rb, Uu, Xu, Xu, Xu
Xu, Xu, Xu, Xu, Xu, Qlf, Qlf, Qlf, Qlf, Qlf, Qlf, Qlf, Xu, Qlf, Qlf, Xu, Xu, Uu, Tb, Uh, Uu, Rb, Rb, Rb, Qlf, Qlf, Xu, Xu, Ql, Uu, Ql, Ql, Ql, Uh, Uh, Rb, Uu, Qlf^Bcx/, Qlf, Qlf, Qlf, Rb, Rb, Uu^Vct, Uu, Ce, Uh, Uu, Uu^Vct, Rb, Xu, Xu, Xu
Xu, Xu, Xu, Xu, Xu, Xu, Xu, Qlf, Uh, Ias, Ias, Xu, Xu, Qlf, Xu, Xu, Xu, Uu, Rb, Rb, Uu, Tb, Uh, Uu, Uu, Qlf, Xu, Xu, Ql, Ql, Ql, Ql, Ql, Uh, Tb, Rb, Rb, Rb, Xu, Qlf, Qlf, Qlf, Qlf, Uu, Rb, Uh, Uh^Ecf, Rb, Uu, Uu, Xu, Xu, Xu
Xu, Xu, Xu, Xu, Xu, Xu, Xu, Tb, Uh, Cud, Ias, Xu, Xu, Xu, Xu, Xu, Xu, Xu, Rb, Uu^Vu, Uh, Tb, Xu, Uu, Rb, Xu, Xu, Xu, Tb, Ql, Ql, Ql, Ql^Bcx/, Ql^Bcx/, Ql^Bcx/, Rb, Uh, Uu^Vu, Xu, Xu, Xu, Qlf, Qlf, Rb, Tb, Uu, Rb, Rb, Tb, Tb, Xu, Xu, Xu
Xu, Xu, Xu, Xu, Xu, Xu, Xu, Xu, Uu, Uu, Rb, Uu, Xu, Xu, Tb, Uh, Rb, Uu, Rb, Rb, Uu, Xu, Xu, Rb, Rb, Uu, Uu, Tb, Uh, Uh, Uu, Rb, Uh, Ql^Bcx/, Ql, Tb, Uh, Ql, Ql, Xu, Xu, Qlf, Qlf, Qlf^Bcx|, Qlf^Bcx|, Tb, Uu, Uu, Qlf, Qlf, Qlf, Xu, Xu
Xu, Xu, Xu, Xu, Xu, Xu, Xu, Xu, Rb, Rb, Rb, Uu, Xu, Xu, Xu, Uh, Cay, Rb, Uu, Rb, Tb, Xu, Xu, Uu, Uu^Vu, Rb, Rb, Uu, Rb, Uu^Vu, Uu, Rb, Uh, Ql, Ql, Rb, Ql, Ql, Xu, Xu, Xu, Xu, Xu, Qlf^Bcx|, Qlf^Bcx|, Qlf, Qlf, Qlf, Qlf, Qlf, Qlf, Xu, Xu
Xu, Xu, Xu, Xu, Xu, Xu, Ql, Ql, Rb, Uu, Uu, Rb, Uu, Xu, Uh, Uu, Cay, 3 Kay, Cay, Uh, Xu, Xu, Xu, Tb, Tb, Uh, Uu, Rb, Uu, Rb, Uu, Uh, Ql, Ql, Ql, Ql, Uu, Ql, Uh, Xu, Tb, Xu, Rb, Rb, Rb, Qlf, Xu, Qlf, Xu, Qlf, Xu, Xu, Xu
Xu, Xu, Xu, Xu, Xu, Xu, Ql, Ql, Ql, Uh, Uu, Rb, Rb, Uu^Vu, Rb, Uu, Rb, Cay, Rb, Uh, Xu, Xu, Xu, Xu, Xu, Uh, Ql, Uu, Ql^Bcx|, Ql, Ql, Tb, Ql, Ql, Uh, Rb, Uu, Rb, Rb, Uh, Uu, Uu, Uu, Uu, Uu, Xu, Xu, Xu, Xu, Xu, Xu, Xu, Xu
Xu, Xu, Xu, Xu, Xu, Xu, Xu, Ql, Ql, Uh, Tb, Uu, Uh, Rb, Tb, Rb, Xu, Rb, Uu, Tb, Xu, Xu, Ql, Ql, Ql, Ql, Ql, Ql^Bcx|, Ql^Bcx|, Ql, Ql, Ql, Ql, Ql, Uh, Tb, Xu, Rb, Rb, Uu^Vu, Rb, Rb, Uh, Tb, Rb, Rb, Rb, Uh, Tb, Xu, Xu, Xu, Xu
Xu, Xu, Xu, Xu, Xu, Xu, Xu, Ql, Ql, Ql, Ql, Ql, Ql, Uh, Tb, Xu, Xu, Uh, Ql, Xu, Ql, Ql, Ql, Ql, Ql, Ql, Uh, Ql^Bcx|, Rb, Uh, Rb, Ql, Ql^Bcx/, Ql^Bcx/, Ql^Bcx/, Uh, Xu, Xu, Xu, Uh, Tb, Uu, Rb, Uh, Rb, Uu^Vu, Ias, Ias, Uh, Qlf, Qlf, Xu, Xu
Xu, Xu, Xu, Xu, Xu, Xu, Xu, Xu, Xu, Ql, Ql, Ql, Ql, Ql, Xoa, Xu, Xu, Ql, Ql, Ql, Ql, Ql, Rb, Uu, Tb, Uh, Tb, Uu, Uu, Uh, Tb, Rb, Uu, Ql^Bcx/, Ql, Ql, Ql, Xu, Xu, Uh, Uh, Rb, Uu, Rb, Uu, Uh, Uu, Cud, Ias, Qlf, Qlf, Xu, Xu
Xu, Xu, Xu, Xu, Xu, Xu, Xu, Xu, Xu, Xu, Xu, Xu, Xoa, Xoa, Ias, Xoa, Xoa, Xoa, Xoa, Ql, Ias, Rb, Uh, Rb, Uu, Uh, Rb, Rb, Tb, Rb, Uu, Rb, Uh, Rb, Rb, Ql, Ql, Xu, Xu, Xu, Rb, Uu, Uh, Uu^Vu, Rb, Uh, Qlf, Ias, Qlf, Qlf, Qlf, Xu, Xu
Xu, Xu, Xu, Xu, Xu, Xu, Xu, Xu, Xu, Xu, Xu, Xu, Xoa, Ias, Uu^Sc, Ias, Uu, Uh, Uh, Xu, Xu, Ias, Uh, Uu, Xu, Xu, Xu, Tb, Uh, Rb, Rb, Uu, Uh, Tb, Uu, Ql, Ql, Ql, Xu, Xu, Rb, Uu, Uh, Tb, Xu, Qlf, Qlf, Qlf, Qlf, Qlf, Qlf, Xu, Xu
Xu, Xu, Xu, Xu, Xu, Xu, Xu, Xu, Ql, Xu, Ql, Xu, Xoa, Ias, Ias, Ias, Ql, Uu, Uh, Rb, Ql, Xoa, Xoa, Xu, Xoa, Xu, Xu, Uu, Uh, Uh, Uu, Uu, Rb, Uh, Rb, Uu, Ql, Ql, Ql, Xu, Ql^Bcx|, Rb, Ql, Uh, Xu, Xu, Qlf, Qlf, Xu, Qlf, Xu, Xu, Xu
Xu, Xu, Xu, Xu, Xu, Xu, Xu, Ql, Ql, Ql, Ql, Ql, Ql, Xoa, Xoa, Ql, Ql, Rb, Uu, Ql, Ql, Ql, Xu, Xoa, Xoa, Xoa, Ias, Uu, Ias, Rb, Ias, Ias, Tb, Rb, Uh, Uu, Ql, Ql, Ql, Ql, Ql^Bcx|, Ql^Bcx|, Ql, Ql, Xu, Xu, Xu, Qlf, Xu, Xu, Xu, Xu, Xu
Xu, Xu, Xu, Xu, Xu, Xu, Ql, Ql, Ql, Ql, Uh, Ql, Ql, Ql, Xu, Ql, Uu, Cay^Ii, Rb, Ql, Xu, Xu, Xoa, Xoa, Xoa, Tb, Ias, Rb, Rb, Ias, Ias, Uu, Xu, Tb, Uh, Uh, Ql, Ql, Tb, Ql, Uu, Ql^Bcx|, Tb, Ql, Ql, Xu, Xu, Xu, Xu, Ql, Ql, Xu, Xu
Xu, Xu, Xu, Xu, Xu, Xu, Ql, Ql, Rb, Uh, Uu^Vu, Uu, Uh, Uu, Xu, Xu, Uh, Uh, Xu, Xu, Xoa, Xoa, Xoa, Xoa, Rb, Uh, Rb, Uu, Rb, Uu, Uu, Xu, Xu, Xu, Tb, Ql, Ql, Ql, Uh, Rb, Uu, Uh, Tb, Rb, Ql, Xu, Xu, Xu, Ql, Ql, Ql, Xu, Xu
Xu, Xu, Xu, Xu, Xu, Xu, Ql, Ql, Uh, Rb, Qlf, Tb, Uh, Rb, Rb, Xu, Xoa, Uu, Xoa, Xoa, Uh, Uu, Uu, Uu, Uh, Rb, Ias, Ias, Uu, Uh, Uh, Xos, Xos, Xu, Xu, Ql, Ql, Uh, Rb, Rb, Uu^Vu, Uh, Uh, Rb, Rb, Ql, Ql, Xu, Ql, Ql, Xu, Xu, Xu
Xu, Xu, Xu, Xu, Xu, Xu, Tb, Rb, Uh, Tb, Qlf, Qlf, Qlf, Uu, Uh, Qlf, Qlf, Xoa, Xoa, Xoa, Uh, Uu, Uu, Uh, Ias, Uu, Uu, Uu, Ias, Uu, Rb, Rb, Tb, Xos, Xos, Xu, Ql, Ql, Rb, Uu, Rb, Rb, Uu, Uu, Uu, Ql, Ql, Ql, Ql, Ql, Xu, Xu, Xu
Xu, Xu, Xu, Xu, Xu, Xu, Uh, Rb, Rb, Qlf, Qlf, Qlf, Rb, Uu^Vu, Uh, Qlf, Qlf, Xu, Xoa, Tb, Tb, Rb, Uu, Ias, Ias, Qlf, Qlf, Ias, Qlf, Ias, Ias, Rb, Uh, Tb, Xos, Xu, Xu, Ql, Ql, Uu, Uh, Rb, Uu, Rb, Uh, Tb, Uh, Ql, Ql, Xu, Xu, Xu, Xu
Xu, Xu, Xu, Xu, Xu, Uh, Rb, Uu^Vu, Uh, Uu, Uu, Uh, Uh, Rb, Tb, Tb, Uh, Xu, Xoa, Uh, Rb, Rb, Uu, Ias, Qlf, Qlf, Ias, Qlf, Qlf, Qlf, Uu, Uu, Rb, Uh, Uu, Xos, Xu, Ql, Ql, Uu, Tb, Uh, Uu, Rb, Rb, Uh, Rb, Ql, Ql, Xu, Xu, Xu, Xu
Xu, Xu, Xu, Xu, Qlf, Qlf, Qlf, Uh, Uh, Rb, Uh, Rb, Ql, Ql, Ql, Uh, Xu, Xu, Xoa, Uh, Uu, Uu, Uu, Qlf, Qlf, Ias, Ias^Ii, Ias, Qlf, Qlf, Uu, Ias, Ql, Rb, Ql, Ql, Ql^Xo, Ql, Ql, Tb, Rb, Uh, Rb, Uu, Uu^Vu, Uu, Rb, Ql, Ql, Ql, Ql, Xu, Xu
Xu, Xu, Xu, Xu, Qlf, Qlf, Uu, Uu, Uu, Rb, Rb, Uh, Ql, Ql, Ql, Xu, Xu, Xu, Xoa, Uu, Rb, Uu, Ias, Qlf, Qlf, Ias, Ias, Ias, Qlf, Ias, Ias, Uu, Ql, Ql, Ql, Ql, Ql^Xo, Ql, Ql, Ql, Xu, Rb, Uu, Uu, Uu, Rb, Cay, Cay, Cay, Ql, Ql, Xu, Xu
Xu, Xu, Xu, Qlf, Qlf, Qlf, Rb, Uh, Ias, Ias, Rb, Uh, Uu, Ql, Ql, Ql, Ql, Ql^Xo, Ql, Ql, Rb, Uu, Uu, Ias, Qlf, Qlf, Qlf^Bcx|, Qlf, Ias, Ias, Uu, Tb^Tf, Ql, Ql, Xoa, Xoa, Xu, Xu, Xu, Xu, Xu, Xu, Uh, Rb, Rb, Uu, Cay, 4 Kay, Cay, Ql, Ql, Xu, Xu
Xu, Xu, Xu, Qlf, Qlf, Rb, Uh, Uu, Uu, Ias, Uh, Rb, Uh, Ql, Ql, Ql, Ql, Ql^Xo, Ql, Ql, Tb, Rb, Uu, Ias, Uu, Qlf, Ur, Qlf, Ur, Uu, Rb, Uh, Uh, Uh, Xoa, Xu, Xu, Xu, Ql, Xu, Xu, Xu, Uh, Rb, Uu, Uh, Tb, Cay, Ql, Ql, Ql, Xu, Xu
Xu, Xu, Qlf, Qlf, Qlf, Rb, Uh, Uh, Rb, Uu, Qlf, Rb, Xu, Xu, Xu, Ql, Ql, Ql^Xo, Xoa, Tb, Rb, Uu, Uu, Uu, Uu, Ias, Uu, Ur, Uu, Uu, Rb, Uu, Rb, Xoa, Xu, Xu, Xu, Ql, Ql, Ql, Ql, Uh, Rb, Uu, Uu^Vu, Rb, Rb, Ql, Ql, Ql, Xu, Xu, Xu
Xu, Xu, Uh, Qlf, Rb, Uu, Uu, Rb, Uh, Qlf, Qlf, Qlf, Xu, Xu, Xu, Xu, Xu, Xu, Xu, Xoa, Rb, Uu, Rb, Uh, Uu, Ias, Ias, Ias, Uu, Rb, Uh, Uh, Rb, Xoa, Xoa, Xu, Xu, Ql, Ql, Ql, Tb, Tb, Rb, Uu, Rb, Rb, Ql, Ql, Ql, Xu, Xu, Xu, Xu
Xu, Xu, Rb, Uh, Rb, Uu^Vu, Uh, Rb, Qlf, Qlf, Qlf, Xu, Xu, Xu, Qlf, Xu, Xu, Xu, Xu, Xoa, Xoa, Uh, Rb, Uh, Uh, Uu, Rb, Rb, Uu, Uu, Uh, Rb, Qlf, Qlf, Qlf, Xu, Xu, Xu, Ql, Ql, Ql, Uu, Ias, Ias, Uh, Tb, Ql, Ql, Xu, Xu, Xu, Xu, Xu
Xu, Xu, Xu, Rb, Qlf, Qlf, Uh, Rb, Uu, Qlf, Xu, Xu, Xu, Qlf, Qlf, Qlf, Xu, Xu, Ql^Xo, Xu, Qlf, Uh, Ias, Rb, Uu, Uu, Uu, Rb, Uu, Ur, Ur, Rb, Qlf, Qlf, Xu, Xu, Xu, Xu, Xu, Ql, Ql, Ql, Ias, Cud, Uh, Ql, Ql, Xu, Xu, Xu, Xu, Xu, Xu
Xu, Xu, Xu, Qlf, Qlf, Qlf, Qlf, Rb, Rb, Uu^Vu, Uh, Xu, Uh, Qlf, Qlf, Qlf, Qlf, Ql, Ql^Xo, Ql, Qlf, Qlf, Uu, Cud, Ias, Rb, Rb, Uu, Ias, Cud, Uu, Qlf, Qlf, Qlf, Xu, Xu, Xu, Xu, Xu, Ql, Ql, Ql, Ql, Uh, Ql, Ql, Xu, Xu, Xu, Xu, Xu, Xu, Xu
Xu, Xu, Xu, Xu, Qlf, Qlf, Qlf, Qlf, Uh, Uu, Rb, Uh, Rb, Rb, Qlf, Qlf, Qlf, Ql, Ql^Xo, Ql, Ql, Qlf, Qlf, Ias, Qlf, Qlf, Qlf, Uu, Qlf, Ias, Qlf, Qlf, Qlf, Qlf, Xu, Xu, Xu, Xu, Xu, Xu, Xu, Ql, Ql, Ql, Ql, Ql, Xu, Xu, Xu, Xu, Xu, Xu, Xu
Xu, Xu, Xu, Xu, Xu, Qlf, Xu, Qlf, Xu, Uh, Rb, Rb, Rb, Uh, Rb, Qlf, Xu, Xu, Xu, Ql^Xo, Ql, Ql, Qlf, Qlf, Qlf, Qlf, Qlf, Qlf, Ql, Qlf, Qlf, Qlf, Qlf, Xu, Xu, Xu, Xu, Xu, Xu, Xu, Xu, Ql, Xu, Xu, Xu, Xu, Xu, Xu, Xu, Xu, Xu, Xu, Xu
Xu, Xu, Xu, Xu, Xu, Xu, Xu, Xu, Xu, Xu, Uh, Uh, Uu, Uu, Rb, Qlf, Qlf, Xu, Xu, Xu, Xu, Ql, Ql, Qlf, Ql, Ql, Ql, Ql, Ql, Ql, Ql, Qlf, Ql, Xu, Xu, Xu, Xu, Xu, Xu, Xu, Xu, Xu, Xu, Xu, Xu, Xu, Xu, Xu, Xu, Xu, Xu, Xu, Xu
Xu, Xu, Xu, Xu, Xu, Xu, Xu, Xu, Xu, Xu, Xu, Uh, Qlf, Uu, Qlf^Bcx\, Qlf^Bcx\, Qlf^Bcx\, Qlf, Xu, Xu, Ql^Xo, Ql, Ql, Ql, Ql, Ql, Ql, Ql, Xu, Ql, Ql, Ql, Ql^Xo, Ql^Xo, Xu, Xu, Xu, Xu, Xu, Xu, Xu, Xu, Xu, Xu, Xu, Xu, Xu, Xu, Xu, Xu, Xu, Xu, Xu
Xu, Xu, Xu, Xu, Xu, Xu, Xu, Xu, Xu, Xu, Xu, Xu, Qlf, Qlf, Qlf, Qlf^Bcx\, Uh, Qlf^Bcx\, Rb, Xu, Ql, Ql^Xo, Xu, Ql, Xu, Xu, Xu, Xu, Xu, Xu, Xu, Ql^Xo, Ql, Ql, Xu, Xu, Xu, Xu, Qlf, Xu, Qlf, Xu, Xu, Xu, Qlf, Xu, Xu, Xu, Xu, Xu, Xu, Xu, Xu
Xu, Xu, Xu, Xu, Xu, Xu, Ql, Xu, Ql, Ql, Ql, Xu, Xu, Qlf, Qlf, Uu, Uh, Uh, Rb, Uu, Ql, Ql, Xu, Xu, Xu, Xu, Ql, Xu, Ql, Xu, Xu, Xu, Ql, Ql, Ql, Xu, Qlf, Qlf, Qlf, Qlf, Qlf, Qlf, Qlf, Qlf, Qlf, Qlf, Qlf, Xu, Xu, Xu, Xu, Xu, Xu
Xu, Xu, Xu, Xu, Ql, Ql, Ql, Ql, Ql, Ql, Ql, Xu, Xu, Qlf, Rb, Uu, Uu, Tb, Rb, Uu, Rb, Ql, Rb, Xu, Uh, Ql, Ql, Ql, Ql, Ql, Xu, Xu, Xu, Ql, Qlf, Qlf, Qlf, Qlf, Xu, Qlf, Xu, Qlf, Qlf, Qlf, Tb, Qlf, Qlf, Qlf, Xu, Xu, Xu, Xu, Xu
Xu, Xu, Xu, Xu, Ql, Ql, Uu, Ql, Uh, Ql, Ql, Xu, Xu, Xu, Rb, Rb, Rb, Rb, Uu, Uh, Uh, Tb, Uu^Vu, Uh, Rb, Rb, Uh, Uh, Rb, Ql, Xu, Xu, Xu, Xu, Qlf, Qlf, Qlf, Xu, Xu, Xu, Xu, Xu, Xu, Tb, Uu^Vud, Uu, Qlf, Qlf, Xu, Xu, Xu, Xu, Rb
Xu, Xu, Xu, Ql, Ql, Rb, Uu^Vu, Tb, Uh, Uu, Rb, Rb, Rb, Uh, Uh, Uu, Uu, Rb, Qlf, Xu, Xu, Rb, Rb, Uu, Xu, Uu, Uu, Rb, Rb, Uh, Rb, Xu, Xu, Xu, Qlf, Qlf, Qlf, Xu, Xu, Xu, Uh, Xu, Uu, Uh, Uh, Uu, Uh, Qlf, Xu, Xu, Uh, Rb, Uh
Xu, Xu, Ql, Ql, Ql, Ql, Ias, Ias, Ias, Uu, Uu, Uh, Rb, Tb, Uh, Tb, Rb, Qlf, Qlf, Xu, Xu, Xu, Qlf, Qlf, Qlf, Xu, Xu, Rb, Tb, Uh, Rb, Xu, Xu, Qlf, Qlf, Qlf, Qlf, Qlf, Uu, Tb, Uh, Tb, Uu, Rb, Rb, Rb, Uh, Uh, Tb, Uu, Rb, Uu, Rb
Xu, Xu, Ql, Ql, Ql, Rb, Rb, Uu, Uu, Rb, Rb, Uh, Uu, Uu, Rb, Rb, Uu, Qlf, Qlf, Qlf, Qlf, Qlf, Qlf, Qlf, Qlf, Xu, Xu, Uh, Uh, Uu^Vu, Uu, Xu, Xu, Qlf, Qlf, Qlf, Qlf, Qlf, Uu, Uu^Vud, Rb, Uh, Qlf, Qlf, Cud, Uu, Uu, Tb, Uu^Vud, Rb, Uh, Rb, Uu
Xu, Xu, Xu, Ql, Uu^Vu, Uh, Tb, Rb, Uh, Rb, Xu, Xu, Xu, Uu^Vu, Rb, Rb, Xu, Xu, Qlf, Qlf, Qlf, Qlf, Qlf, Qlf, Qlf, Qlf, Qlf, Qlf, Uh, Uu, Rb, Xu, Xu, Xu, Xu^Uov, Xu, Xu, Tb, Uh, Rb, Uu, Qlf, Qlf, Cud, Kud, Cud, Qlf, Qlf, Uu, Uu, Uh, Uh, Xu
Xu, Xu, Xu, Rb, Tb, Uh, Ql, Uh, Ql, Ql, Xu, Xu, Ql, Ql, Uh, Tb, Uh, Xu, Qlf, Qlf, Xu, Qlf, Qlf, Qlf, Uu, Qlf, Qlf, Qlf, Rb, Rb, Rb, Uh, Xu^Uov, Xu^Uov, Xu, Xu^Uov, Xu, Uh, Tb, Rb, Rb, Qlf, Xu, Qlf, Cud, Cud, Qlf, Qlf, Rb, Rb, Xu, Xu, Xu
Xu, Xu, Xu, Xu, Ql, Ql, Ql, Ql, Ql, Ql, Xu, Xu, Ql, Ql, Ql, Uh, Uu, Qlf, Qlf, Qlf, Xu, Xu, Uh, Rb, Rb, Uu, Rb, Tb, Rb, Uu, Uu, Uh, Xu, Xu, Qlf, Xu^Uov, Ur, Uh, Uu^Vud, Uu, Uu, Xu, Xu, Qlf, Qlf, Cud, Uu, Uu, Uh, Rb, Xu, Xu, Xu
Xu, Xu, Xu, Xu, Xu, Ql, Xu, Ql, Ql, Xu, Xu, Xu, Ql, Ql, Ql, Rb, Rb, Rb, Rb, Uu^Vu, Uu, Uh, Rb, Tb, Rb, Uu, Uh, Rb, Tb, Uh, Uu, Rb, Qlf, Qlf, Qlf, Qlf, Qlf, Rb, Rb, Uh, Rb, Rb, Uu^Vud, Qlf, Rb, Rb, Uu, Tb, Uh, Qlf, Qlf, Xu, Xu
Xu, Xu, Xu, Xu, Xu, Xu, Xu, Ql, Xu, Xu, Xu, Ql, Ql, Ql, Uh, Rb, Uu, Uh, Tb, Rb, Uu, Rb, Xu, Uh, Xu, Rb, Qlf, Uh, Qlf, Uh, Uh, Rb, Qlf, Qlf, Xu, Qlf, Qlf, Qlf, Rb, Uh, Uh, Rb, Uu, Uh, Rb, Uu, Qlf, Tb, Qlf, Qlf, Qlf, Xu, Xu
Xu, Xu, Xu, Xu, Xu, Xu, Xu, Xu, Xu, Xu, Xu, Xu, Ql, Ql, Uh, Uu, Qlf, Qlf, Qlf, Qlf, Qlf, Xu, Xu, Xu^Uov, Xu, Xu, Xu, Qlf, Qlf, Qlf, Qlf, Qlf, Qlf, Qlf, Xu, Xu, Xu, Xu, Xu, Tb, Tb, Qlf, Qlf, Uh, Uh, Uu, Qlf, Qlf, Qlf, Qlf, Qlf, Xu, Xu
Xu, Xu, Xu, Xu, Qlf, Qlf, Qlf, Xu, Qlf, Qlf, Qlf, Xu, Xu, Rb, Rb, Uh, Rb, Qlf, Qlf, Qlf, Qlf, Xu, Xu, Xu^Uov, Xu^Uov, Xu, Xu, Qlf, Rb, Qlf, Qlf, Qlf, Qlf, Qlf, Qlf, Xu, Xu, Xu, Qlf, Rb, Uu, Rb, Qlf, Qlf, Uu^Vud, Rb, Rb, Qlf, Qlf, Qlf, Qlf, Xu, Xu
Xu, Xu, Xu, Xu, Qlf, Qlf, Rb, Rb, Cay, Qlf, Rb, Xu, Xu, Tb, Uh, Rb, Tb, Qlf, Qlf, Qlf, Uh, Qlf, Xu, Xu, Xu, Xu^Uov, Tb, Uu, Rb, Tb, Cud, Tb, Tb, Qlf, Uu, Xu, Xu, Qlf, Qlf, Qlf, Uu, Rb, Uh, Qlf, Uu, Rb, Xu, Xu, Qlf, Qlf, Qlf, Xu, Xu
Xu, Xu, Xu, Xu, Qlf, Qlf, Qlf, Cay, 2 Kay, Cay, Uu, Xu, Xu, Uh, Uu, Rb, Rb, Uh, Uu^Vu, Uh, Rb, Tb, Rb, Xu, Rb, Uh, Tb, Rb, Uh, Cud, Kud, Cud, Rb, Rb, Uh, Tb, Tb, Tb, Qlf^Bcx/, Qlf^Bcx/, Qlf^Bcx/, Rb, Tb, Uh, Rb, Uu, Xu, Xu, Qlf, Qlf, Qlf, Xu, Xu
Xu, Xu, Xu, Xu, Xu, Qlf, Qlf, Cay, Rb, Rb, Xu, Xu, Xu, Xu, Uu, Uu, Uh, Rb, Rb, Uu, Xu, Rb, Rb, Uu, Rb, Uh, Uu^Vud, Uh, Uh, Cud, Cud, Cud, Uh, Rb, Uh, Uh, Uu^Vud, Uu, Rb, Qlf^Bcx/, Qlf, Qlf, Tb, Uh, Rb, Uu, Xu, Xu, Qlf, Qlf, Xu, Xu, Xu
Xu, Xu, Xu, Xu, Xoa, Qlf, Qlf, Qlf, Xu, Xu, Xu, Xu, Xu, Xu, Xu, Rb, Uh, Uh, Rb, Xu, Xu, Qlf, Qlf, Uu, Uh, Rb, Uu, Rb, Uu, Rb, Rb, Uh, Uu, Uu, Rb, Uh, Uu, Rb, Uu, Rb, Qlf, Qlf, Qlf, Rb, Qlf, Xu, Qlf, Qlf, Qlf, Qlf, Xu, Xu, Xu
Xu, Xu, Xu, Xu, Xu, Xu, Qlf^Xo, Qlf^Xo, Qlf, Xu, Qlf, Xu, Xu, Xu, Uu, Rb, Rb, Tb, Qlf, Xu, Qlf, Qlf, Tb, Rb, Uh, Uh, Rb, Rb, Xu, Uu, Rb, Uu, Xu, Uu, Rb, Rb, Uh, Uh, Rb, Uu, Uu, Qlf, Qlf, Qlf, Qlf, Qlf, Qlf, Qlf, Qlf, Qlf, Xu, Xu, Xu
Xu, Xu, Xu, Xu, Xu, Xu, Xu, Qlf, Qlf, Qlf, Qlf, Qlf, Xu, Xu, Uu, Uh, Uh, Qlf, Qlf, Qlf, Qlf, Qlf, Xu, Uh, Uu^Vud, Uh, Tb, Xu, Xu, Cud, Cud, Cud, Xu, Xu, Uu, Uu, Uh, Rb, Rb, Uh, Uh, Qlf, Qlf, Qlf, Qlf, Qlf, Qlf, Qlf, Qlf, Qlf, Xu, Xu, Xu
Xu, Xu, Xu, Xu, Xu, Xu, Xu, Xu, Xu, Qlf, Qlf, Qlf, Qlf, Qlf, Qlf, Rb, Xu, Xu, Xu, Xu, Xu, Xu, Xu, Xu, Xu, Tb, Xu, Xu, Xu, Cud, Rrc, Cud, Xu, Xu, Xu, Tb, Tb, Tb, Uh, Uu^Vud, Tb, Xu, Xu, Qlf, Qlf, Qlf, Xu, Qlf, Xu, Xu, Xu, Xu, Xu
Xu, Xu, Xu, Xu, Xu, Xu, Xu, Xu, Xu, Qlf, Qlf, Qlf, Qlf, Qlf, Qlf, Qlf, Xu, Xu, Xu, Xu, Xu, Xu, Xu, Xu, Xu, Xu, Xu, Xu, Xu, Rrc, Rrc, Rrc, Xu, Xu, Xu, Xu, Xu, Xu, Xu, Tb, Xu, Xu, Xu, Xu, Xu, Xu, Xu, Xu, Xu, Xu, Xu, Xu, Xu
Xu, Xu, Xu, Xu, Xu, Xu, Xu, Xu, Xu, Xu, Xu, Qlf, Xu, Qlf, Xu, Xu, Xu, Xu, Xu, Xu, Xu, Xu, Xu, Xu, Xu, Xu, Xu, Xu, Xu, Rrc, Rrc, Rrc, Xu, Xu, Xu, Xu, Xu, Xu, Xu, Xu, Xu, Xu, Xu, Xu, Xu, Xu, Xu, Xu, Xu, Xu, Xu, Xu, Xu
Xu, Xu, Xu, Xu, Xu, Xu, Xu, Xu, Xu, Xu, Xu, Xu, Xu, Xu, Xu, Xu, Xu, Xu, Xu, Xu, Xu, Xu, Xu, Xu, Xu, Xu, Xu, Xu, Xu, Rrc, Rrc, Rrc, Xu, Xu, Xu, Xu, Xu, Xu, Xu, Xu, Xu, Xu, Xu, Xu, Xu, Xu, Xu, Xu, Xu, Xu, Xu, Xu, Xu
