Ms, Ms, Ms, Ms, Ha, Hhd, Ha, Gd, Gll^Fdf, Gd, Gll^Fdf, Gd, Gll^Fdf, Gd, Gd, Gd, Hhd, Ms, Ms^Xm, Mm, Hhd, Mm, Ha, Gd, Qxu, Qxu, Qxu, Qxu, Qxu, Qxu, Hhd, Ms^Xm, Ms^Xm, Mm, Hhd, Mm, Mm, Mm^Xm, Ms^Xm, Ms, Ms, Mm^Xm, Ms, Hhd, Hhd, Hhd
Ms, Ms, Ms^Xm, Ms^Xm, Ms, Ha, Ha, Aa^Fma, Aa^Fma, Gll^Fdw, Gd, Gll^Fdf, Gll^Fdw, Gd, Gll^Fdf, Ms, Ms, Ms, Ms, Ms^Xm, Ms^Xm, Ha, Ms^Xm, Ms^Xm, Ms^Xm, Qxu, Qxu, Qxu, Qxu, Qxu, Hhd, Ms, Ms, Ms^Xm, Mm^Xm, Hhd, Hhd, Ms^Xm, Ms, Ms^Xm, Ms, Ms, Hhd, Hhd, Hhd, Hhd
Ms, Ms^Xm, Ms, Ms, Ms^Xm, Hhd, Ms, Ms^Xm, Ms, Ha, Cud, Cud, Cud, Gd^Vud, Gd, Ha, Ha, Ms, Ms^Xm, Ms, Ms, Ms^Xm, Ha, Ms^Xm, Ms, Ms^Xm, Ms, Qxu, Qxu, Qxu, Qxu, Hhd, Hhd, Ms, Ms, Ms, Ms, Ms^Xm, Ms, Ms, Ms^Xm, Hhd, Ms, Hhd, Hhd, Hhd
Ha, Ms, Hhd, Ms, Ms, Ms^Xm, Ms^Xm, Ms, Hhd, Ha, Cud, 3 Kud, Cud, Gd, Gd, Ms, Ms, Ms, Ms, Ms, Hhd, Ha, Ms^Xm, Ms^Xm, Ms, Ms, Ha, Hhd, Qxu, Qxu, Qxu, Qxu, Qxu, Hhd, Gll^Fdf, Hhd, Aa^Fma, Ms, Hhd, Ms, Ms, Ms^Xm, Ms^Xm, Ms, Ms, Hhd
Xu, Ms^Xm, Ms^Xm, Hhd, Ms^Xm, Ms, Ms, Ms, Hhd, Ha, Aa^Fma, Cud, Ha, Gd, Gd, Ha, Ha, Ms, Qxu, Hhd, Qxu, Ms, Ms, Ms^Xm, Ms^Xm, Ms, Ha, Hhd, Gd^Vud, Aa^Fma, Hhd, Qxu, Aa^Fma, Hhd, Gll^Fdf, Aa^Fma, Hhd, Gd^Vud, Ms, Ms^Xm, Ms^Xm, Ms, Ms, Ms, Ms^Xm, Hhd
Xu, Xu, Xu, Ms^Xm, Xu, Ms^Xm, Ms, Hhd, Hhd, Gll^Fdf, Gll^Fdw, Aa^Fma, Aa, Gd, Hhd, Gd, Gd, Qxu, Qxu, Qxu, Qxu, Qxu, Aa^Fma, Ms, Ms, Ms^Xm, Ms^Xm, Hhd, Gd, Aa^Fma, Hhd, Hhd, Gll^Fdf, Aa^Fma, Gd, Hhd, Gd, Hhd, Hhd, Ms, Ms, Ms^Xm, Ms, Ms, Ms, Ms
Tb^Tf, Tb^Tf, Uh, Xu, Tb^Tf, Ha, Ms^Xm, Ms, Hhd, Gd, Gd, Aa, Hhd, Gll^Fdf, Gll^Fdw, Gll^Fdf, Aa^Fma, Gd^Vud, Qxu, Qxu, Qxu, Qxu, Aa^Fma, Hhd, Hhd, Ms^Xm, Ms, Ms, Ms^Xm, Gd, Gd, Gll^Fdf, Gll^Fdf, Gll^Fdf, Chr, Chr, Chr, Gd, Aa^Fma, Gll^Fdf, Hhd, Ms, Ms, Ms^Xm, Hhd, Hhd
Uu, Ur, Uh, Ur, Uu, Ms, Ms, Ms^Xm, Ms^Xm, Aa, Aa, Gd^Vud, Gll^Fdw, Gll^Fdf, Hhd, Gll^Fdw, Hhd, Aa^Fma, Aa, Qxu, Aa, Aa^Fma, Aa^Fma, Ha^Vud, Ms, Ms^Xm, Ms^Xm, Ms, Ms, Ms, Gll^Fdf, Hhd, Hhd, Gd, Chr, 2 Khr, Chr, Qxu, Qxu, Gll^Fdf, Ms, Ms^Xm, Ms, Ms, Ms^Xm, Hhd
Xu, Xu, Xu, Ur, Xu, Ha, Ha, Ms, Ms, Ms, Aa, Aa, Hhd, Gll^Fdw, Gll^Fdf, Aa^Fma, Gll^Fdf, Hhd, Aa^Fma, Aa, Aa, Aa, Qxu, Ha, Ha, Ms, Ms, Ms^Xm, Ms, Hhd, Aa^Fma, Gll^Fdf, Gll^Fdf, Gd, Qxu, Chr, Qxu, Qxu, Gd, Gd, Hhd, Ms, Ms^Xm, Ms^Xm, Ms, Ms
Ms^Xm, Ms^Xm, Ms^Xm, Xu, Ms^Xm, Ms^Xm, Hhd, Hhd, Ms, Ms, Hhd, Aa, Cud, Hhd, Gll^Fdw, Ha, Ha, Hhd, Aa, Aa^Fma, Gd, Qxu, Qxu, Qxu, Qxu, Hhd, Hhd, Ms^Xm, Ms^Xm, Ha, Aa^Fma, Gll^Fdf, Gd, Qxu, Qxu, Qxu, Qxu, Qxu, Hhd, Hhd, Gll^Fdf, Hhd, Hhd, Ms, Hhd, Hhd
Ms, Ms, Ms, Ms^Xm, Ms, Ha, Ha, Ms, Ms, Ms, Hhd, Gd, Gd, Gd, Aa, Aa^Fma, Gll^Fdf, Aa^Fma, Aa, Gd, Cud, Gd, Qxu, Qxu, Qxu, Hhd, Ha, Ms^Xm, Ms, Ms, Gll^Fdf, Hhd, Gd^Vud, Gll^Fdf, Gd, Qxu, Aa^Fma, Aa^Fma, Hhd, Gll^Fdf, Gll^Fdf, Hhd, Hhd, Hhd, Ms^Xm, Hhd
Ms, Ms^Xm, Ms^Xm, Ms, Ms, Ms^Xm, Ms, Ms, Qxu, Hhd, Qxu, Gd, Qxu, Qxu, Qxu, Aa, Gll^Fdw, Gll^Fdf, Hhd, Gd, Gd, Gd, Qxu, Qxu, Qxu, Qxu, Aa, Ha, Aa^Fma, Aa^Fma, Hhd, Gll^Fdf, Gll^Fdf, Gll^Fdf, Hhd, Gd, Gll^Fdf, Hhd, Aa^Fma, Hhd, Hhd, Gll^Fdf, Gll^Fdf, Ms, Ms, Ms
Ms, Ms, Ms, Ms^Xm, Ms^Xm, Ms^Xm, Qxu, Qxu, Qxu, Qxu, Qxu, Qxu, Qxu, Qxu, Qxu, Gd, Hhd, Gll^Fdf, Gd, Hhd, Gd, Qxu, Ms^Xm, Qxu, Qxu, Qxu, Qxu, Aa, Gll^Fdf, Gll^Fdf, Aa, Hhd, Hhd, Cud, Hhd, Gll^Fdf, Gll^Fdf, Aa^Fma, Gd, Gll^Fdf, Gll^Fdf, Gll^Fdf, Hhd, Gd, Gll^Fdf, Gd
Hhd, Ms, Ms, Ms^Xm, Ha, Ha, Qxu, Qxu, Gd, Qxu, Qxu, Qxu, Gd, Qxu, Gd, Gd, Gd, Gd, Gd, Gd, Ha, Ms, Ms, Ms^Xm, Ms^Xm, Qxu, Qxu, Gd, Gd, Aa, Hhd, Gd, Gd, Aa^Fma, Hhd, Hhd, Gll^Fdf, Hhd, Gd, Hhd, Hhd, Gd^Vud, Gd, Hhd, Gll^Fdf, Gd
Hhd, Ha, Ms^Xm, Ms^Xm, Ms, Ha, Hhd, Gd, Gd^Vud, Gd, Gll^Fdw, Gll^Fdw, Gll^Fdw, Gd, Gd, Gd, Gd, Gd, Gd^Vud, Hhd, Hhd, Ha, Ms^Xm, Ms^Xm, Ms, Ms, Hhd, Gd, Ms, Ms^Xm, Ms^Xm, Hhd, Ha, Gd, Gd, Hhd, Gll^Fdf, Hhd, Qxu, Gd, Gd, Gd, Ha, Gd, Gd, Gd
Ha, Ms^Xm, Ms, Ms^Xm, Ms^Xm, Ms, Ha, Gd, Gd, Hhd, Ha, Ha, Hhd, Gd, Gd, Gd, Qxu, Qxu, Qxu, Hhd, Ms^Xm, Ms^Xm, Ms, Ms^Xm, Ms^Xm, Ha, Ha, Ms, Ms, Ms, Ms^Xm, Ms^Xm, Ms, Ha, Gd, Gd, Qxu, Qxu, Qxu, Qxu, Ms^Xm, Ms^Xm, Ms, Ha, Ms^Xm, Gd
Ha, Ha, Hhd, Ms, Ms, Ms^Xm, Ms^Xm, Gd, Gd, Gd, Hhd, Aa^Fma, Aa^Fma, Aa, Gd, Qxu, Qxu, Qxu, Hhd, Ms, Ms, Ms, Ms^Xm, Ms^Xm, Ms, Ms, Ms, Ms, Ha, Ms, Hhd, Ms, Ms, Ms, Gll^Fdf, Gd, Qxu, Qxu, Ms, Ms^Xm, Ms, Ms, Ha, Ms, Ms, Ms
Ms, Ms^Xm, Ms^Xm, Hhd, Ha, Ms, Ms, Ms^Xm, Ms^Xm, Gd, Gd, Aa^Fma, Aa, Aa, Qxu, Qxu, Qxu, Qxu, Qxu, Hhd, Qxu, Ms, Ms, Ms^Xm, Ms, Ms, Ms, Ms^Xm, Ms^Xm, Ms, Ms, Ms, Hhd, Hhd, Aa^Fma, Gll^Fdf, Qxu, Qxu, Ha, Ms, Ms, Ms^Xm, Ms^Xm, Ha, Hhd, Hhd
Ha, Ms, Ms, Ms^Xm, Ms, Ha, Ms^Xm, Ms, Ms, Ms, Gd, Aa, Hhd, Gd, Gd, Qxu, Gd, Qxu, Qxu, Qxu, Qxu, Qxu, Ms, Ms^Xm, Ms^Xm, Ms, Ms, Ms, Ms, Ms^Xm, Ms, Ms, Gd^Vud, Aa^Fma, Hhd, Gll^Fdf, Aa^Fma, Qxu, Hhd, Ha, Ms^Xm, Ms, Ms, Ms^Xm, Ms, Hhd
Ha, Ha, Ha, Ms, Hhd, Ms, Ms, Ms^Xm, Ms^Xm, Hhd, Hhd, Aa, Gll^Fdw, Hhd, Gll^Fdf, Gll^Fdw, Gll^Fdf, Gd, Gd^Vud, Qxu, Qxu, Ha, Ha, Ms, Ms, Ms^Xm, Ms^Xm, Ha, Ha, Ms, Hhd, Hhd, Gd, Hhd, Hhd, Hhd, Aa^Fma, Hhd, Ms^Xm, Ms, Ms, Ms^Xm, Ms^Xm, Ms, Ms^Xm, Hhd
Ha, Ha, Ms, Hhd, Ms^Xm, Hhd, Ha, Mm^Xm, Ms, Ms, Hhd, Gd, Gll^Fdf, Gll^Fdf, Gll^Fdf, Gd, Qxu, Gd, Qxu, Qxu, Qxu, Qxu, Ms, Ms, Ms^Xm, Ms^Xm, Hhd, Hhd, Qxu, Ha, Gd, Gd, Gll^Fdf, Gd, Qxu, Qxu, Qxu, Ms, Ms, Ms, Hhd^Vud, Ms, Ms, Ms, Ms^Xm, Hhd
Ms, Ms, Ha, Ms, Ms, Ms^Xm, Ms^Xm, Ha, Ms, Mm^Xm, Ms, Gd, Cud, Hhd, Aa^Fma, Qxu, Qxu, Qxu, Qxu, Qxu, Qxu, Qxu, Ha, Ms, Ms, Ms^Xm, Gll^Fdf, Qxu, Qxu, Qxu, Aa, Gll^Fdf, Gll^Fdw, Gll^Fdf, Qxu, Qxu, Qxu, Qxu, Ms, Ms^Xm, Ms^Xm, Ha, Ha, Ms, Ms, Ms
Ms, Ms, Ms, Ha, Ms, Ms^Xm, Ms, Ms, Ms^Xm, Ms, Hhd, Gd, Gll^Fdf, Hhd, Hhd, Aa^Fma, Gll^Fdf, Qxu, Aa^Fma, Aa^Fma, Gd, Qxu, Gd^Vud, Ha, Aa, Gll^Fdf, Hhd, Qxu, Gll^Fdw, Aa, Ha, Ha, Hhd, Gd, Gd, Qxu, Aa^Fma, Aa^Fma, Ha, Ms, Ms, Ms^Xm, Ms, Hhd, Ms^Xm, Ha
Ms, Ms^Xm, Ms^Xm, Ms, Hhd, Ms, Ms, Ms, Ms, Ms, Hhd, Gd, Hhd, Gll^Fdf, Gll^Fdw, Gll^Fdf, Aa^Fma, Hhd, Gll^Fdw, Gll^Fdf, Hhd, Gll^Fdw, Gll^Fdw, Gll^Fdf, Hhd, Aa^Fma, Aa^Fma, Hhd, Gll^Fdw, Hhd, Hhd, Gll^Fdf, Gll^Fdf, Cud, Hhd, Gll^Fdw, Gll^Fdf, Gd, Gd, Ha, Hhd, Ms, Ha, Ms, Ms, Ms
Ha, Ms, Ms, Ms^Xm, Ms, Hhd, Hhd, Hhd, Ms, Ms, Ms, Gd, Gd, Gd, Hhd, Gll^Fdw, Gll^Fdf, Gd, Gd, Gll^Fdf, Hhd, Gll^Fdf, Hhd, Aa^Fma, Aa, Hhd, Gd, Gll^Fdf, Gll^Fdf, Gll^Fdf, Ms, Gd, Gd, Gd, Qxu, Gll^Fdf, Qxu, Gd, Hhd, Hhd, Gll^Fdf, Gd, Ms, Ha, Hhd, Hhd
Hhd, Ha, Ms^Xm, Ms, Hhd, Hhd, Ms^Xm, Ms, Ms, Ms, Ha, Gd, Gd, Gd^Vct, Gd, Hhd, Gd, Hhd, Gd, Gd, Gd, Hhd, Gd, Gll^Fdf, Hhd, Gd, Ms^Xm, Ms^Xm, Ms, Hhd, Ha, Ms, Ms, Qxu, Qxu, Qxu, Qxu, Qxu, Gll^Fdf, Gll^Fdf, Hhd, Gll^Fdw, Gll^Fdf, Ms, Ms, Hhd
Ha, Ms, Ms, Ms^Xm, Ms^Xm, Ms, Ms, Ms^Xm, Ms^Xm, Ha, Gd, Gd, Gd^Ecf, Gd, Gd, Gd^Ecf, Gd, Gd^Vct, Gd, Gd, Gd^Vct, Gd, Hhd, Ha, Ms, Ms^Xm, Ms^Xm, Ms, Ms^Xm, Ha, Ha, Ms, Ms, Ha, Qxu, Qxu, Qxu, Qxu, Gd^Vud, Gll^Fdf, Aa^Fma, Hhd, Aa^Fma, Aa^Fma, Aa, Aa
Ha, Ha, Hhd, Ms, Ms, Ms, Ms^Xm, Ms, Ms, Ms, Gd, Gd, Gd, Gd^Vct, Gd, Gd, Ce, Gd, Gd, Gd, Gd, Gd, Hhd, Ha, Ha, Ms, Ms^Xm, Ms^Xm, Ms, Ms^Xm, Ms^Xm, Ha, Hhd, Ms, Hhd, Qxu, Qxu, Gd, Hhd, Gll^Fdw, Aa, Hhd, Aa, Hhd, Hhd, Aa
Ms, Ms^Xm, Ms^Xm, Hhd, Ms, Ms, Ms, Ms^Xm, Ms^Xm, Hhd, Hhd, Gd, Gd, Gd, Ce, Ce, Ce, Ce, Gd, Gd, Gd^Ecf, Gd, Ms, Ms^Xm, Ms^Xm, Ms, Ms^Xm, Ms^Xm, Ms^Xm, Ms, Ms, Ms^Xm, Ms^Xm, Hhd, Ha, Qxu, Gll^Fdf, Gll^Fdf, Gll^Fdf, Hhd, Gll^Fdf, Gd, Cud, Gd, Gd, Gd
Ms, Ms, Xu, Ms^Xm, Xu, Ms, Xu, Xu, Xu, Xu, Xu, Xu, Gd, Gd, Ce, 1 Ke, Ce, Ce, Gd, Gd, Gd, Hhd, Ms^Xm, Ms, Ms^Xm, Ms^Xm, Ms, Ms, Ms, Ms, Ms^Xm, Ms, Ms, Ms^Xm, Ms^Xm, Ha, Ha, Aa^Fma, Hhd, Hhd, Aa^Fma, Cud, 4 Kud, Cud, Gd, Gd
Xu, Xu, Ur, Xu, Xu, Xu, Xu, Xu, Uu, Ur, Ur, Uh, Gd, Gd, Gd, Ce, Gd, Gd, Gd, Gd, Gd, Ms, Ms, Ms^Xm, Ms^Xm, Ms, Ms, Ms^Xm, Ms, Ms, Ms, Ms^Xm, Ms^Xm, Ms, Ms^Xm, Ms^Xm, Ms, Hhd, Gd, Hhd, Gll^Fdf, Cud, Cud, Cud, Aa, Gd
Uu, Ur, Uh, Ur, Uh, Xu, Uh, Uu, Ur, Uh, Tb^Tf, Ur, Xu, Gd, Gd, Gd, Gd^Ecf, Gd, Gd^Vct, Gd, Gd, Hhd, Ha, Ms, Ms^Xm, Ms, Hhd, Ms, Ms, Ms^Xm, Ms^Xm, Ms, Ms, Ms, Ms^Xm, Ha, Ms^Xm, Ms, Ms, Gd, Aa, Aa, Aa^Fma, Aa^Fma, Ha, Gd
Uu, Tb^Tf, Xu, Uh, Tb^Tf, Ur, Tb^Tf, Ur, Xu, Xu, Xu, Xu, Ms, Ha, Ha, Gd, Gd, Gd, Gd, Gd, Gd, Gd, Ms, Ms^Xm, Ms^Xm, Ha, Ha, Ha, Ms^Xm, Ms, Ms, Ms^Xm, Ms, Hhd, Ms^Xm, Ms^Xm, Ms, Ms, Ha, Gd, Gd, Hhd, Hhd, Ha, Gd, Gd
Xu, Xu, Xu, Xu, Xu, Ur, Xu, Xu, Ms^Xm, Ms^Xm, Ms^Xm, Ms^Xm, Ha, Ms, Ms, Ms, Gd, Gd, Gd, Gd, Gd, Gd, Ha, Ms, Ms, Ms^Xm, Ms, Ms, Ms, Ms^Xm, Ms^Xm, Ms, Ha, Ms, Ms, Ms^Xm, Ms^Xm, Ha, Hhd, Gd, Gd^Vud, Gd, Gd, Gd, Gd, Gd
Xu, Xu, Xu, Xu, Xu, Xu, Xu, Xu, Ms, Ms, Ha, Ha, Ha, Ms, Hhd, Ha, Gd, Gd, Gd, Gd, Gd, Gd, Hhd, Ha, Ha, Ms^Xm, Hhd, Ha, Hhd, Ms, Ms, Ms, Hhd, Ha, Hhd, Ms, Ms^Xm, Ms, Gd, Gd, Gd, Gd, Gd, Gd, Gd, Gd
