Dd, Dd, Dd, Dd, Dd, Dd, Dd, Dd, Dd, Dd, Dd, Dd, Dd, Dd, Dd, Dd, Dd, Gd, Aa, Aa, Aa, Gd, Gd, Aa, Gd, Gd, Hhd, Hhd, Hhd, Gd, Gll^Fdw, Gd, Gd, Aa, Aa, Aa, Aa, Gd, Hh, Ha, Ha, Ha, Ms, Ms, Ms, Gg, Ms, Ms, Ms^Xm, Mm, Ms, Ms
Dd, Dd, Dd, Dd, Dd, Dd, Dd, Dd, Dd, Dd, Dd, Dd, Dd^Vdt, Dd, Dd, Dd, Gd, Gd, Gd, Aa, Gd, Gd, Hhd, Gd, Md, Ms^Xm, Md, Ms, Md, Aa^Fma, Aa^Fma, Gll^Fdw, Gd, Gd, Gd, Aa, Gll^Fdw, Gd, Ha, Hh, Hh, Ha, Ms^Xm, Ms, Ms, Ms, Ms, Ms^Xm, Ms^Xm, Ms^Xm, Ms^Xm, Ms
Dd, Dd, Dd, Dd^Vdt, Dd, Dd, Dd, Dd, Dd, Dd, Md, Dd, Dd, Dd, Ha, Ha, Md, Aa, Md, Gd, Dd^Vdt, Dd, Md, Hhd, Md, Ms, Ms, Md, Ms, Hhd, Hhd, Gd, Gd, Gd, Gll^Fdw, Gll^Fdw, Aa^Fma, Ha, Ha, Hh, Ms, Ms, Ms, Ms^Xm, Ms^Xm, Ms, Ms, Ms^Xm, Ms, Ms^Xm, Ms, Ms
Dd, Dd, Dd, Dd, Dd, Dd, Dd, Dd, Hd, Hd, Dd, Dd, Dd, Md, Md, Md, Ms, Ha, Hhd, Dd, Ms^Xm, Hhd, Md, Ms, Ha, Hd, Md, Ms, Ms, Ms, Ms, Ms, Aa, Gd, Gd, Aa^Fma, Aa^Fma, Hh, Ms, Ms^Xm, Ms^Xm, Ms, Ms, Ms, Ms, Ms, Ms^Xm, Ms^Xm, Ms, Ms, Ms, Ms
Dd, Dd, Md, Dd, Hhd, Hd, Hd, Md, Md, Md, Ha, Dd, Md, Md, Hhd, Hhd, Dd^Vdt, Ms, Hhd, Md, Ms, Ms^Xm, Ms^Xm, Ha, Ms, Hd, Md, Gll^Fdw, Hhd, Hhd, Md, Ms, Aa, Gd, Gll^Fdw, Gll^Fdw, Ha, Ha, Ms, Ms, Ms, Ms^Xm, Ms, Ms, Ms, Ms^Xm, Ms, Ms, Ms, Ms, Ms, Ms
Dd, Dd, Dd, Hhd, Md, Md^Xm, Md, Md, Md, Md, Ha, Ha, Ms^Xm, Md, Aa^Fma, Gll^Fdw, Cdr, Hhd, Aa^Fma, Md, Ms, Md, Ms, Ms, Md, Md, Hd, Gll^Fdw, Hhd, Md, Aa^Fma, Aa, Gd, Gd, Gll^Fdw, Hh, Hh, Ms, Ms, Ms, Ms, Ms, Ms^Xm, Ms, Ms^Xm, Ms, Ms^Xm, Ms, Ms^Xm, Ms^Xm, Ms^Xm, Ms^Xm
Dd, Dd, Hhd, Hd, Hd, Md, Hd, Md, Hhd, Md, Md, Ms, Ms, Ms, Aa^Fma, Cdr, 4 Kdr, Cdr, Aa^Fma, Gll^Fdw, Ms, Md, Md, Md, Ha, Hd, Gd, Dd^Vdt, Aa, Gll^Fdw, Aa^Fma, Aa^Fma, Gd, Ha, Ha, Hh, Ms, Ms, Ms^Xm, Ms, Ms^Xm, Ms^Xm, Xu, Ms^Xm, Xu, Ms^Xm, Xu, Ms^Xm, Xu, Ms^Xm, Xu, Xu
Hhd, Md, Hhd, Dd, Dd, Hd, Dd, Hhd, Md, Md, Ha, Md, Ms, Ms, Md, Cdr, Cdr, Cdr, Md, Ms, Hhd, Hhd, Hd, Ha, Gd, Gd, Gd, Aa, Aa, Gd, Aa, Gd, Gd, Ha, Hh, Hh, Ms^Xm, Ms^Xm, Ms^Xm, Ms^Xm, Xu, Xos, Xos, Xu, Xu, Xu, Xos, Xos, Xos, Xu, Xu, Xu
Hhd, Dd, Dd, Dd, Dd, Dd, Hd, Md, Ms, Ms, Ms, Ha, Md, Ms, Ha, Hhd, Dd, Aa^Fma, Dd, Hhd, Aa, Aa, Gll^Fdw, Gll^Fdw, Aa, Gd, Md, Md, Gd, Gd, Gll^Fdw, Gll^Fdw, Ha, Hhd, Hh, Ms^Xm, Xu, Xu, Xu, Xu, Xos, Xos, Uu, Uu, Uu, Xos, Cud, Cud, Cud, Xos, Xos, Xu
Md, Dd, Dd, Dd, Hd, Hd, Md, Md, Hd, Md, Md, Md, Md, Ha, Gll^Fdw, Aa^Fma, Ha, Dd, Gd, Gd, Hhd, Gd, Ms^Xm, Gll^Fdw, Ms, Md, Hhd, Ms, Aa, Aa, Gd, Hh, Ha, Hhd, Hhd, Hhd, Uh, Xu, Uu, Xos, Uu, Uu, Ur, Ur, Uh, Cud, Cud, 2 Kud, Cud, Uu, Uu, Uu
Dd, Dd, Dd, Dd, Hd, Md, Dd, Hd, Dd, Hd, Aa, Aa, Gd, Aa, Gd, Gll^Fdw, Md, Ha, Gd, Md, Md, Ms, Ms, Ms, Md, Md, Ms, Ms, Gll^Fdw, Gd, Aa, Hh, Hhd, Ha, Hh, Uh, Uh, Uu, Cud, Uu, Uu, Uu, Uu^Vud, Ur, Ur, Cud, Cud, Cud, Ur, Ur, Uu, Uu
Dd, Dd, Cdr^Vdr, Dd, Cdr^Vdr, Dd, Dd, Dd, Dd, Gd, Gd, Gd, Gd, Aa, Gd, Md, Dd, Dd, Dd^Vdt, Hhd, Aa, Hhd, Hhd, Hhd, Hd, Hhd, Aa^Fma, Gll^Fdw, Gd, Aa^Fma, Hh, Aa, Hhd, Ha, Hhd, Hhd, Uu, Uu^Dr, Ur, Ur, Uu, Ur, Ur, Ur, Ur, Ur, Ur, Uu, Ur, Uu, Uu, Uu
Dd, Dd, Cdr, Cdr, Cdr, Dd, Dd, Dd, Dd, Gd, Ms, Ms, Md, Gd, Md, Hhd, Hd, Hd, Ha, Gd, Gd, Gd, Ms, Hd, Ha, Aa^Fma, Aa^Fma, Aa, Aa, Aa^Fma, Hh, Ha, Ha, Hhd, Hhd, Uh, Uu^Dr, Uu^Dr, Uu^Dr, Uu^Dr, Ur, Uu, Ur, Ur, Uu, Ur, Ur, Uu, Ur, Uu, Ur, Uu
Dd, Cdr^Vdr, Cdr, 5 Kdr, Cdr, Cdr^Vdr, Dd, Dd, Gd, Gd, Ms, Hd, Hd, Hd, Gll^Fdw, Md, Md, Md, Ha, Gd, Md, Ms, Ms, Gll^Fdf, Md, Ha, Md, Gd, Aa, Aa, Hh, Ha, Hhd, Hh, Uh, Uh, Uu, Uu^Dr, Urb^Dr, Ur, Ur, Ur, Ur, Ur, Uu, Uu, Ur, Uu^Vud, Ur, Uu, Ur, Ur
Dd, Dd, Cdr^Vdr, Cdr, Cdr^Vdr, Dd, Dd, Hhd, Hhd, Md, Gd, Ms, Md, Md, Aa^Fma, Dd, Dd^Vdt, Hd, Aa^Fma, Gll^Fdw, Dd^Vdt, Ha, Ha, Ms, Hd, Md, Gd, Aa, Gd, Gll^Fdw, Aa^Fma, Hh, Ha, Ha, Hhd, Uh, Uu^Dr, Cud^Dr, Uu^Dr, Uu, Uu^Dr, Uu^Vud, Uu, Uu, Cud, Ur, Uu, Uu, Uu, Uu, Uu, Uu
Dd, Dd, Dd, Dd, Md, Hhd, Hhd, Md, Aa, Aa, Hhd, Md, Md, Ms^Xm, Ms^Xm, Aa^Fma, Md, Gd, Md, Aa^Fma, Md, Md, Aa^Fma, Hhd, Aa^Fma, Gd, Aa, Gll^Fdw, Aa, Aa, Gd, Hhd, Hhd, Ha, Hh, Uu^Dr, Uu^Dr, Uu^Dr, Uu^Dr, Uu^Dr, Uu^Dr, Uu^Dr, Ur, Cud, 1 Kud, Cud, Ur, Ur, Uu, Uu, Xu, Xu
Dd, Dd, Dd, Dd, Hd, Md, Gd, Md, Hhd, Ms, Hhd, Aa^Fma, Hhd, Ms^Xm, Md, Md, Md, Md, Ms, Ms, Gll^Fdw, Gll^Fdw, Hd, Aa^Fma, Gll^Fdw, Gd, Aa, Aa^Fma, Aa^Fma, Gd, Aa, Hhd, Hhd, Hh, Hhd, Uh, Uh^Dr, Uu^Dr, Uu^Dr, Cud, Uu, Ur, Ur, Cud, Cud, Cud, Uu, Uu, Xu, Xu, Xu, Xu
Dd, Dd, Dd, Dd, Hd, Hd, Hhd, Aa, Md, Ms, Gll^Fdw, Aa^Fma, Hd, Md, Hhd, Md, Ha, Md, Ms, Ms, Ms, Md, Hd, Ms, Ms, Gd, Aa^Fma, Aa, Aa, Gd, Gd, Hhd, Ha, Ha, Ha, Uh, Xu, Xos, Xos, Uu, Xos, Uu, Xos, Xos, Xos, Xos, Xu, Xu, Xu, Xu, Ms^Xm, Ms^Xm
Dd, Dd, Dd, Dd, Md, Md, Hhd, Aa^Fma, Hd, Ha, Ms, Hd, Hd, Hhd, Aa^Fma, Ha, Hd, Aa^Fma, Ha, Ha, Cdr, Ha, Md, Ms, Hd, Gd, Gd, Aa, Aa, Aa, Aa, Aa^Fma, Gll^Fdw, Ha, Ms, Ms^Xm, Ms^Xm, Xu, Xu, Xu, Xu, Xu, Xu, Xu, Xu, Xu, Ms^Xm, Xu, Ms^Xm, Ms^Xm, Ms, Ms
Dd, Dd, Dd^Vdt, Dd, Md, Md, Gll^Fdw, Aa^Fma, Hd, Md, Ms, Ms, Gs, Gd, Gll^Fdw, Aa^Fma, Md, Hd, Md, Cdr, 3 Kdr, Cdr, Md, Hd, Md, Md, Aa, Gd, Aa, Gd, Aa^Fma, Gll^Fdw, Ha, Hh, Ms, Ms^Xm, Ms, Ms^Xm, Ms^Xm, Xu, Ms^Xm, Xu, Ms^Xm, Ms^Xm, Ms^Xm, Ms^Xm, Ms^Xm, Ms^Xm, Ms^Xm, Ms^Xm, Ms, Ms
Dd, Dd, Hd, Ha, Ha, Hd, Ha, Md, Ha, Md, Hd, Hd, Gs, Gd, Gd, Dd^Vdt, Dd, Md, Aa^Fma, Cdr, Cdr, Cdr, Aa^Fma, Md, Dd^Vdt, Aa, Aa, Gd, Gd, Aa, Gd, Ha, Ha, Hh, Hh, Ms, Ms, Ms^Xm, Ms, Ms^Xm, Ms^Xm, Ms^Xm, Mm^Xm, Ms^Xm, Ms^Xm, Ms^Xm, Ms^Xm, Ms^Xm, Ms, Ms, Ms^Xm, Ms
Dd, Dd, Dd, Hd, Gd, Aa^Fma, Gd, Ha, Gd, Gll^Fdw, Gll^Fdw, Gs, Gd, Gd, Gd, Gd, Gd, Aa^Fma, Gll^Fdw, Gll^Fdw, Gll^Fdf, Aa^Fma, Gd, Dd, Gs, Gd, Gs, Gd, Gd, Aa, Gd, Gd, Gs, Hh, Gg, Ms, Ms, Ms, Gg, Ms^Xm, Ms, Ms, Ms, Ms^Xm, Mm^Xm, Ms, Ms, Ms, Ms, Ms, Ms, Ms
