border_size=1
usage=map

Mm          , Mm          , Mm          , Mm          , Mm          , Mm^Xm       , Mm          , Mm          , Mm          , Mm          , Mm          , Mm^Xm       , Mm^Xm       , Mm          , Mm          , Mm          , Mm          , Mm          , Mm^Xm       , Mm          , Mm          , Mm          , Mm          , Mm          , Mm          , Hh          , Hh          , Hh          , Ww          , Ww          , Wo          , Ww          , Gg          , Gg          , Gg          , Gg          , Gg          , Gg          , Gg          , Gg          , Gg          , Gg          , Gg          , Gg          , Gg          , Gg          , Gg          , Gg          , Gg          , Gg          , Gg          , Gg          , Gg          , Gg          , Gg          , Gg          , Gg          , Gg          , Gg          , Gg          , Gg          , Gg          
Mm          , Mm          , Mm^Xm       , Mm^Xm       , Mm          , Mm          , Mm^Xm       , Mm^Xm       , Mm          , Mm          , Hh          , Mm          , Mm^Vo       , Mm^Xm       , Mm          , Mm          , Mm          , Mm          , Mm          , Mm^Xm       , Mm^Xm       , Mm          , Mm          , Mm          , Mm          , Hh          , Ww          , Ww          , Wo          , Wo          , Ww          , Ww          , Gs^Fms      , Gs^Fms      , Gs          , Gg          , Gs^Fms      , Gg          , Gg          , Gg          , Gs^Fms      , Gg          , Gg          , Gg          , Gs^Fms      , Gg          , Gg          , Gg          , Gg          , Gg          , Gg          , Gg          , Ce          , Gg          , Gg          , Gg          , Gg          , Gg          , Gg          , Gg          , Gg          , Gg          
Mm          , Mm^Xm       , Mm          , Mm^Vo       , Mm          , Mm^Xm       , Mm^Vo       , Mm          , Hhd         , Hh          , Hhd         , Hhd         , Hhd         , Mm          , Hh          , Mm          , Mm^Vo       , Mm          , Mm^Xm       , Mm          , Mm          , Mm          , Mm          , Mm          , Hh          , Ww          , Wo          , Ww          , Ww          , Ww          , Gs^Fms      , Gs^Vc       , Gg          , Gs^Fms      , Gg          , Gs          , Gs^Fms      , Gs^Fms      , Gs          , Gs^Vc       , Gs^Fms      , Gs^Fms      , Gs^Vc       , Gs^Fms      , Gg          , Gg          , Gg          , Gs^Fms      , Gs^Fms      , Gs^Fms      , Gg          , Ce          , Gs^Fms      , Gg          , Gg          , Gs^Fms      , Gg          , Gg          , Gs^Fms      , Gs^Fms      , Gg          , Gg          
Mm          , Mm          , Mm          , Mm^Xm       , Mm          , Mm          , Hhd         , Hhd         , Hh          , Hh          , Ww          , Ww          , Ww          , Hh          , Hhd         , Hh          , Mm          , Mm          , Mm          , Mm^Xm       , Mm^Xm       , Mm^Vo       , Mm          , Hh          , Hhd         , Ww          , Wo          , Ww          , Gs          , Gs          , Gg          , Gs^Fms      , Gg          , Gg          , Gs^Fms      , Gs^Vc       , Gs          , Gs^Fms      , Gs          , Gg          , Gg          , Gg          , Gg          , Gs          , Gg          , Gg          , Gs^Fms      , Gg          , Gg          , Gg          , Gs          , Ce          , Gs^Fms      , Gll^Srgt    , Gll^Srst    , Gs^Fms      , Gs^Fms      , Gs          , Gs^Vc       , Gs^Fms      , Gg          , Gg          
Ww          , Mm          , Mm          , Mm          , Mm          , Mm          , Hh          , Hh          , Ww          , Ww          , Wo          , Wo          , Ww          , Ww          , Ww          , Hhd         , Hhd         , Mm          , Mm          , Mm          , Mm          , Mm          , Mm          , Hh          , Hhd         , Ww          , Wo          , Ww          , Gs          , Gs^Vc       , Gg          , Gs^Fms      , Gg          , Gg          , Gg          , Gs^Fms      , Gs          , Gs^Vc       , Gg          , Gg          , Gg          , Gg          , Gs^Vc       , Gs^Fms      , Gg          , Gg          , Gs^Fms      , Gs^Vc       , Gg          , Gg          , Gs^Fms      , Gs          , Gll^Srot    , Gll^Sra     , Gll^Srjl    , Gs^Fms      , Gs^Fms      , Gs          , Gs          , Ce          , Ce          , Gg          
Wo          , Ww          , Ww          , Hhd         , Hhd         , Hhd         , Ww          , Ww          , Ww          , Wo          , Ww          , Ww          , Ww          , Wo          , Wo          , Ww          , Ww          , Hh          , Hh          , Mm          , Mm          , Mm          , Hhd         , Hhd         , Ww          , Ww          , Ww          , Ww          , Gs^Fms      , Gs^Fms      , Gg          , Gg          , Gs^Fms      , Gs^Fms      , Gs          , Gg          , Gs^Fms      , Gg          , Gg          , Gs^Fms      , Gs          , Gg          , Gs          , Gs^Fms      , Gs          , Gg          , Gg          , Gs^Fms      , Gg          , Gg          , Ce          , Gg          , Gg          , Gll^Srjt    , Gg          , 2 Gll^Sc    , Gll^Srjl    , Gll^Srjt    , Gll^Srot    , Gg          , Ce          , Gg          
Ww          , Wo          , Wo          , Ww          , Ww          , Ww          , Wo          , Wo          , Ww          , Ww          , Gg          , Gg          , Hh          , Ww          , Ww          , Wo          , Ww          , Ww          , Ww          , Hh          , Hhd         , Hh          , Hh          , Hh          , Ww          , Wo          , Wo          , Ww          , Gs^Fms      , Gs^Fms      , Gs^Fms      , Gg          , Gg          , Gs^Fms      , Gs^Vc       , Gs          , Gs^Fms      , Gs^Fms      , Gs          , Gs^Vc       , Gs^Fms      , Gs^Fms      , Gg          , Gg          , Gs^Fms      , Gs          , Gg          , Gg          , Gg          , Gs^Fms      , Ce          , Gs^Vc       , Gg          , Gs^Fms      , Gs^Fms      , Gg          , Gll^Srst    , Gll^Sra     , Gs^Fms      , Gg          , Gg          , Gg          
Gs^Fms      , Ww          , Ww          , Ww          , Wo          , Wo          , Ww          , Ww          , Gg          , Gg          , Gg          , Hh          , Gs^Fms      , Hh          , Gs          , Ww          , Ww          , Wo          , Wo          , Ww          , Ww          , Hhd         , Ww          , Ww          , Ww          , Wo          , Ww          , Ww          , Gs          , Gs^Vc       , Gs          , Gg          , Gs          , Gs^Fms      , Gs^Fms      , Gs          , Gg          , Gs^Fms      , Gs          , Gs          , Gs^Fms      , Gs^Fms      , Gg          , Gg          , Gs^Fms      , Gs^Fms      , Gs          , Gg          , Gg          , Gg          , Gs^Fms      , Ce          , Gg          , Gs          , Gs^Fms      , Gg          , Gg          , Gll^Srgt    , Gg          , Gs^Fms      , Gg          , Gg          
Gs^Fms      , Gs^Fms      , Gg          , Ww          , Ww          , Ww          , Hh          , Hh          , Hh^Vo       , Hh          , Gg          , Gs^Fms      , Gs^Fms      , Gs          , Gs          , Hh          , Hh          , Ww          , Ww          , Wo          , Ww          , Ww          , Wo          , Wo          , Ww          , Ww          , Wo          , Ww          , Gs^Fms      , Gs          , Gs^Fms      , Gg          , Gg          , Gg          , Gg          , Gg          , Gg          , Gg          , Gs^Fms      , Gs          , Gg          , Gg          , Gs^Vc       , Gg          , Gg          , Gg          , Gs          , Gs^Fms      , Gs^Fms      , Gg          , Gs          , Gs          , Gs^Fms      , Gg          , Gs          , Gg          , Ce          , Gs^Fms      , Ce          , Gg          , Gg          , Gg          
Gg          , Gs^Fms      , Gg          , Gg          , Gg          , Gg          , Gd^Srs      , Gs^Fms      , Gs^Fms      , Hh          , Gg          , Hh          , Hh^Vo       , Hh          , Gs          , Gg          , Gg          , Gg          , Gs^Fms      , Ww          , Ww          , Ww          , Ww          , Wo          , Ww          , Wo          , Wo          , Ww          , Gs^Fms      , Gs^Fms      , Gs          , Gs^Fds      , Gg          , Gs^Fms      , Gs^Fms      , Gs          , Gs          , Gs^Fms      , Gs^Vc       , Gs^Fms      , Gg          , Gg          , Gs^Fms      , Gs^Fms      , Gg          , Gg          , Gg          , Gs^Fms      , Gg          , Gs          , Gg          , Gs^Fms      , Gg          , Gs          , Gs^Vc       , Gs          , Gs^Fms      , Ce          , Gg          , Gs^Fms      , Gg          , Gg          
Gg          , Gg          , Hh^Vo       , Gg          , Gd^Srg      , Gd^Srgt     , Gd^Srat     , Gd^Srst     , Gd^Sro      , Gg          , Gs^Fms      , Gg          , Gg          , Gs          , Gs^Fms      , Gs^Fms      , Hh          , Gg          , Gs^Fms      , Gs^Fms      , Ww          , Wo          , Wo          , Ww          , Wo          , Ww          , Ww          , Ww          , Gs          , Gs^Vc       , Gs          , Gg          , Gs          , Gs^Fms      , Gs^Fms      , Gs^Vc       , Gs          , Gg          , Gg          , Gg          , Gs^Fds      , Gs^Fds      , Gs          , Gs^Fms      , Gg          , Gg          , Gs^Fms      , Gg          , Gg          , Gg          , Gs^Fms      , Gg          , Gg          , Gs^Fms      , Gs^Fms      , Gs          , Gg          , Gs^Fms      , Gg          , Gs^Fms      , Gg          , Gg          
Gg          , Gg          , Gg          , Gg          , Gd^Srjl     , Gd^Srjt     , Gd^Sc       , Gd^Srot     , Gd^Srat     , Hh          , Gs^Fms      , Gs^Fms      , Gg          , Gs          , Gs          , Gs^Fms      , Gs          , Hh^Vo       , Gs          , Gs          , Wwf         , Wo          , Ww          , Wo          , Wo          , Ww          , Gs^Fms      , Gs^Fms      , Gs^Fms      , Gs          , Gg          , Gs^Fms      , Gs^Vc       , Gs          , Gs          , Gs          , Gs^Fds      , Gs^Fms      , Gs^Fms      , Gg          , Gg          , Gs          , Gs^Vc       , Gs          , Gg          , Gs^Fms      , Gs^Fms      , Gs          , Gs^Vc       , Gs^Fms      , Gg          , Gg          , Gg          , Gs^Fms      , Gg          , Gg          , Gg          , Gs^Fms      , Gs          , Gg          , Gg          , Gg          
Hhd         , Gg          , Gg          , Gg          , Gd^Srjs     , Gd^Srst     , Gd^Srgt     , Gd^Srjl     , Gd^Sra      , Hh          , Hh          , Hh^Vo       , Gs          , Gg          , Hh          , Gs          , Gg          , Gs          , Gs^Fms      , Wwf         , Wo          , Wwf         , Ww          , Wo          , Wo          , Ww          , Gs^Fms      , Gs^Fms      , Gs^Fms      , Gg          , Gs^Fms      , Gs^Fms      , Gs^Fms      , Gs          , Gs^Fms      , Gg          , Gg          , Gs^Fms      , Gg          , Gg          , Gs^Vc       , Gs^Fms      , Gs^Fms      , Gg          , Gg          , Gg          , Gg          , Gs          , Gs          , Gs^Fms      , Gg          , Gg          , Gs^Fms      , Gg          , Gg          , Gs^Fms      , Gs^Fms      , Gs          , Gs^Vc       , Gg          , Gg          , Gg          
Mm          , Hhd         , Hhd         , Gg          , Gg          , Gd^Srot     , Gd^Srj      , Gd^Srjt     , Gg          , Gs          , Gs          , Gs          , Hh          , Gs^Fms      , Gs^Fms      , Hh          , Gg          , Gs^Fms      , Gs^Fms      , Wwf         , Wo          , Wwf         , Wwf         , Wo          , Wwf         , Wwf         , Gg          , Gs^Fms      , Gg          , Gg          , Gg          , Gs^Fms      , Gg          , Gg          , Gs^Fms      , Gs^Fds      , Gg          , Gg          , Gs^Fds      , Gg          , Gs^Fms      , Gs^Fms      , Gg          , Gg          , Gs^Fms      , Gg          , Gs          , Gs          , Gg          , Gg          , Gg          , Gg          , Gs^Fms      , Gg          , Gg          , Gs^Fms      , Gg          , Gs          , Gs^Fms      , Gs^Fms      , Gg          , Gg          
Mm          , Mm^Xm       , Mm          , Hh          , Gg          , Gs          , Hh          , Hh^Vo       , Gs          , Gs^Fms      , Gs^Fms      , Gg          , Hh          , Gs^Fms      , Gs          , Gs          , Gs          , Gs^Fms      , Ww          , Ww          , Ww          , Wo          , Ww          , Wwf         , Gs^Fms      , Gg          , Gg          , Gg          , Gg          , Gg          , Re          , Gg          , Re          , Gg          , Gg          , Gs^Fms      , Gg          , Gs^Fms      , Gs^Fms      , Gs^Fds      , Gg          , Gg          , Gg          , Gg          , Gs^Fms      , Gs^Fms      , Gs^Vc       , Gs^Fms      , Gs^Fms      , Gg          , Gg          , Gs^Fms      , Gs          , Gs          , Gg          , Gg          , Gg          , Gg          , Gg          , Gg          , Gg          , Gg          
Mm          , Mm          , Mm          , Hh          , Hh          , Gs          , Gs          , Gs          , Gg          , Gs^Fms      , Gg          , Gs          , Gs          , Gs          , Gs^Fms      , Hh^Vo       , Hh          , Gs          , Ww          , Wo          , Wo          , Ww          , Ww          , Gs^Fms      , Gs^Fms      , Gg          , Re          , Re          , Ce          , Ce          , Re          , Ce          , Ce          , Ce          , Re          , Gg          , Gg          , Gs^Fms      , Gs^Fms      , Gs^Fms      , Gg          , Gs^Fds      , Gs^Fms      , Gg          , Gg          , Gg          , Gs          , Gs^Fms      , Gs^Fms      , Gg          , Gg          , Gg          , Gs^Fms      , Gs          , Gs^Fms      , Gg          , Gg          , Gs^Fms      , Gg          , Gg          , Gs^Fms      , Gg          
Mm          , Mm^Vo       , Mm          , Mm          , Hhd         , Gg          , Gg          , Gs^Fms      , Hh^Vo       , Gs          , Gs^Fms      , Hh          , Hh          , Gs          , Gs^Fms      , Gs^Fms      , Hh          , Gs          , Ww          , Ww          , Ww          , Ww          , Gs^Fms      , Gg          , Gg          , Gg          , Re          , Ce          , Ce          , Re          , Gg          , Gg          , Gg          , Re          , Ce          , Gg          , Gg          , Gg          , Gg          , Gg          , Gg          , Gs^Fms      , Gs^Fms      , Gs^Fms      , Gg          , Gg          , Gs^Fms      , Gg          , Gg          , Gs          , Gs^Fms      , Gg          , Gg          , Gs^Fms      , Gg          , Gg          , Gs^Vc       , Gs^Fms      , Gs          , Gs^Fms      , Gg          , Gg          
Mm          , Mm^Xm       , Mm^Xm       , Mm          , Mm          , Hhd         , Gg          , Gs^Fms      , Gs^Fms      , Gs          , Gs^Fms      , Gs^Fms      , Hh          , Gg          , Gs^Fms      , Gs^Fms      , Hh          , Gs          , Ww          , Wo          , Ww          , Gs^Fms      , Gg          , Gg          , Ce          , Re          , Re          , Gg          , Gg          , Gg          , Gg^Eff      , Gg^Eff      , Gg^Eff      , Gg          , Re          , Ce          , Re          , Ce          , Ce          , Gg          , Re          , Gg          , Gg          , Gs^Fms      , Gg          , Gg          , Gs^Fms      , Gg          , Gg          , Gs          , Gs^Fms      , Gg          , Gg^Fet      , Gg          , Gg          , Gs          , Gs^Fms      , Gs          , Gg          , Gs^Fms      , Gg          , Gg          
Mm          , Mm          , Mm          , Mm^Xm       , Mm          , Hhd         , Hh          , Gg          , Gg          , Gs          , Gs          , Gs          , Gg          , Gg          , Hh          , Gs^Fms      , Gs^Fms      , Gs          , Ww          , Wo          , Ww          , Gs^Fms      , Re          , Gg          , Ce          , Ce          , Gg          , Gg          , Gg^Eff      , Gg^Eff      , Gg^Gvs      , Gg^Gvs      , Gg^Gvs      , Gg^Eff      , Gg^Eff      , Re          , Gg          , Ce          , Re          , Re          , Ce          , Re          , Re          , Gs          , Gg          , Gg          , Gg          , Gs^Fms      , Gg          , Gg          , Gs          , Gs          , Gg          , Gg          , Gg          , Gs^Fms      , Gs          , Gs^Fms      , Gg          , Gs          , Gs          , Gg          
Mm          , Mm          , Mm          , Mm^Vo       , Hh          , Hh          , Hh          , Gg          , Gs          , Gs^Fms      , Gs^Fms      , Gs^Fms      , Gs^Fms      , Gg          , Gg          , Gg          , Gg          , Gg          , Ww          , Wo          , Ww          , Re          , Ce          , Re          , Re          , Re          , Gg^Eff      , Gg^Eff      , Gg^Gvs      , Gg^Gvs      , Gg^Gvs      , Gg^Gvs      , Gg^Gvs      , Gg^Gvs      , Gg^Gvs      , Gg^Eff      , Gg^Eff      , Gg          , Gg          , Ce          , Ce          , Re          , Re          , Gs          , Gs^Fms      , Gs^Fms      , Gg          , Gg          , Gs^Fms      , Gs^Vc       , Gs          , Gs^Fms      , Gs^Fms      , Gs^Fms      , Gs^Fms      , Gg          , Gg          , Gg          , Gs          , Gs^Fms      , Gs^Fms      , Gs^Fms      
Mm          , Mm          , Mm          , Mm          , Mm^Xm       , Mm          , Mm          , Hh          , Gs          , Hh          , Hh          , Gs^Fms      , Gs          , Gg          , Re          , Re          , Ce          , Re          , Wwf         , Wo          , Wwf         , Ce          , Ce          , Re          , Gg^Eff      , Gg^Eff      , Gg^Gvs      , Gg^Gvs      , Gg^Gvs      , Gg^Gvs      , Gg^Gvs      , Gg^Gvs      , Gg^Gvs      , Gg^Gvs      , Gg^Gvs      , Gg^Gvs      , Gg^Gvs      , Gg^Eff      , Gg^Eff      , Gg          , Gg          , Re          , Re          , Gg          , Gs^Fms      , Gs^Fms      , Gg          , Gg          , Gs^Fms      , Gs^Fms      , Gs^Fms      , Gg          , Gg          , Gs^Fms      , Gs          , Gg          , Gs^Fms      , Gs^Fms      , Gs^Fms      , Gs          , Gs^Fms      , Gs^Fms      
Mm          , Mm^Vo       , Hh          , Hh          , Hh          , Mm^Xm       , Mm^Xm       , Hhd         , Hhd         , Gs          , Gs^Fms      , Gs          , Gg          , Gg          , Re          , Ce          , Ce          , Re          , Wwf         , Wwf         , Ww          , Re          , Gg          , Gg          , Gs^Vh       , Gg^Eff      , Gg^Eff      , Gg^Gvs      , Gg^Gvs      , Gg^Gvs      , Gg^Gvs      , Gg^Gvs      , Gg^Gvs      , Gg^Gvs      , Gg^Gvs      , Gg^Gvs      , Gg^Gvs      , Gg^Gvs      , Gg^Eff      , Gg^Eff      , Gg          , Re          , Ce          , Gg          , Gg          , Gg          , Gs^Fms      , Gs          , Gs          , Gs^Fms      , Gg          , Gg          , Gg          , Gs^Fms      , Gg          , Gs          , Gg          , Gs^Fms      , Gs          , Gg          , Gg          , Gg          
Mm          , Mm          , Hh          , Hh          , Mm          , Hh          , Mm          , Mm          , Hhd         , Gg          , Gs^Fms      , Gg          , Ce          , Ce          , Re          , Gg          , Gg          , Gg          , Ww          , Wo          , Wo          , Ww          , Ww          , Gg          , Gg          , Gs^Vh       , Gg          , Gg^Eff      , Gg^Eff      , Gg^Gvs      , Gg^Gvs      , Gg^Gvs      , Gg^Gvs      , Gg^Gvs      , Gg^Gvs      , Gg^Gvs      , Gg^Eff      , Gg^Eff      , Gs^Vh       , Gs^Vh       , Gg^Wm       , Re          , Ce          , Ce          , Gg          , Gs          , Gs^Fms      , Gs^Fms      , Gg          , Gg          , Gg          , Gs          , Gs^Fms      , Gg          , Gg          , Gg          , Gs^Fms      , Gs          , Gs          , Gs^Fms      , Gg          , Gg          
Mm          , Mm^Xm       , Hh          , Mm          , Hh          , Hh          , Mm          , Mm          , Hh          , Gg          , Gg          , Gg          , Re          , Ce          , Gg          , Gg          , Gg^Eff      , Gg          , Gg          , Ww          , Ww          , Wo          , Wo          , Ww          , Gs^Fds      , Gg          , Gs^Vh       , Gs^Vh       , Gs^Vh       , Gg^Eff      , Gg^Eff      , Gg^Gvs      , Gg^Gvs      , Gg^Gvs      , Gg^Eff      , Gg^Eff      , Gg^Gvs      , Gg^Eff      , Gg^Eff      , Gs^Vh       , Gg          , Gg          , Re          , Ce          , Gg          , Gs          , Gs          , Gg          , Gg          , Gg          , Gs          , Gs^Fms      , Gs^Fms      , Gg          , Gg          , Gs^Fms      , Gg          , Gg          , Gs^Fms      , Gs^Fms      , Gg          , Gg          
Mm^Xm       , Hh          , Hh          , Hh          , Mm          , Mm          , Mm          , Hh          , Gg          , Gg          , Gg          , Ce          , Re          , Gg          , Gg^Eff      , Gg^Eff      , Gg^Gvs      , Gg^Eff      , Gg^Eff      , Gg          , Gg          , Ww          , Wo          , Ww          , Gs^Fds      , Gg          , Gg          , Gs^Vh       , Rp          , Gg          , Gg          , Gg^Eff      , Gg^Eff      , Gg^Eff      , Gg^Eff      , Gg^Gvs      , Gg^Gvs      , Gg^Gvs      , Gg^Gvs      , Gg^Eff      , Gg^Eff      , Gg          , Re          , Re          , Gg          , Gg          , Gg          , Gs          , Gs^Fms      , Gs^Fms      , Gs          , Gs          , Gs          , Gg          , Gg          , Gs^Fms      , Gs          , Gg          , Gs^Fms      , Gg          , Gg          , Gg          
Mm          , Mm          , Hh          , Mm^Vo       , Mm          , Mm^Xm       , Mm          , Hh          , Gg          , Gs^Fms      , Gg          , Ce          , Re          , Gg^Eff      , Gg^Eff      , Gg^Gvs      , Gg^Gvs      , Gg^Gvs      , Gg^Gvs      , Gg^Eff      , Gg^Eff      , Ww          , Ww          , Ww          , Ww          , Gg          , Gs^Fds      , Gs^Fds      , Rp          , Cud         , Rp          , Rp          , Rp          , Cud         , Cud         , Gg^Eff      , Gg^Eff      , Gg^Gvs      , Gg^Gvs      , Gg^Gvs      , Gg^Eff      , Gg^Eff      , Gg          , Ce          , Gg          , Gg          , Gg          , Gs          , Gs          , Gs^Fms      , Gs^Fms      , Gs          , Gs^Fms      , Gs^Fms      , Gg          , Gs          , Gs^Fms      , Gs          , Gs          , Gg          , Gg          , Gg          
Mm          , Mm          , Mm          , Hh          , Mm          , Mm          , Mm          , Hhd         , Hhd         , Gg          , Gg          , Gg          , Ce          , Re          , Gg          , Gg^Eff      , Gg^Eff      , Gg^Gvs      , Gg^Eff      , Gg^Eff      , Gg          , Ww          , Ww          , Wo          , Wo          , Ww          , Ww          , Gs^Fds      , Ww          , Rp          , Ww          , Ww          , Ww          , Rp          , Rp          , Rp          , Rp          , Gg^Eff      , Gg^Eff      , Gg^Eff      , Gs^Fms      , Gs^Fms      , Gg          , Ce          , Gg          , Gg          , Gg          , Gg          , Gg          , Gg          , Gg          , Gg          , Gg          , Gs^Fms      , Gg          , Gg          , Gs^Fms      , Gs^Fms      , Gg          , Gg          , Gg          , Gg          
Mm          , Mm^Xm       , Mm^Vo       , Hh          , Mm^Xm       , Mm^Xm       , Mm^Xm       , Mm          , Hhd         , Gg          , Gg          , Ce          , Re          , Re          , Gg          , Gg          , Gg          , Gg^Eff      , Gg          , Gg          , Cud         , Rp          , Ww          , Ww          , Wo          , Ww          , Wo          , Ww          , Wo          , Ww          , Ww          , Wo          , Wo          , Ww          , Ww          , Ww          , Ww          , Rp          , Gg          , Gg          , Gg          , Gs^Fms      , Gg          , Re          , Gg          , Gg          , Gg          , Gg          , Gg          , Gg          , Gg          , Gg          , Gg          , Gg          , Gg          , Gs          , Gs          , Gs          , Gg          , Gg          , Gg          , Gg          
Mm          , Mm          , Mm          , Hh          , Hh          , Xu          , Xu          , Mm^Xm       , Hh          , Gg          , Gg          , Re          , Ce          , Gg          , Gs^Vh       , Gs^Vh       , Gg          , Gg          , Gg          , Cud         , Rp          , Rp          , Ww          , Wo          , Wo          , Ww          , Wo          , Ww          , Ww          , Ww          , Ch          , Ww          , Ww          , Ww          , Ww          , Wo          , Ww          , Rp          , Rp          , Cud         , Cud         , Gg          , Re          , Re          , Re          , Gg          , Gg          , Gg          , Gg          , Gg          , Gg          , Gg          , Gg          , Gg          , Gg          , Gg          , Gg          , Gg          , Gg          , Gg          , Gg          , Gg          
Mm^Xm       , Mm^Xm       , Xu          , Hh          , Urb         , Cud         , Xu          , Mm^Xm       , Mm^Xm       , Hh          , Gg          , Ce          , Ce          , Gg          , Gg          , Gg          , Gs^Vh       , Gs^Vh       , Rp          , Rp          , Ww          , Ww          , Ww          , Ww          , Ww          , Ww          , Wo          , Wo          , Ww          , Rrc         , Gg          , Gg          , Gg          , Ch          , Rrc         , Ww          , Ww          , Ww          , Ww          , Rp          , Rp          , Gg          , Re          , Ce          , Gg          , Gg          , Gg          , Gg          , Gg          , Gg          , Gg          , Gg          , Gg^Eff      , Gg^Eff      , Gg^Eff      , Gg          , Gg          , Gg          , Gg          , Gg          , Gg          , Gg          
Mm^Xm       , Xu          , Urb         , Urb         , Rb^Vud      , Urb         , Rb          , Xu          , Xu          , Hh          , Gg          , Re          , Re          , Gg          , Gs^Vh       , Gg^Wm       , Gg          , Rp          , Ww          , Ww          , Ww          , Ww          , Rrc         , Ch          , Gg          , Ww          , Ww          , Ww          , Ww          , Rrc         , Rrc         , Gg^Vhc      , Rrc         , Rrc         , Gg          , Rrc         , Ch          , Ww          , Ww          , Ww          , Rp          , Gs^Fms      , Gg          , Ce          , Gg          , Gg          , Gg          , Gg          , Gg          , Gg          , Gg^Eff      , Gg^Eff      , Gg^Gvs      , Gg^Gvs      , Gg^Gvs      , Gg^Eff      , Gg^Eff      , Gg          , Gg          , Gg          , Gg          , Gg          
Mm^Xm       , Xu          , Urb         , Cud         , Urb         , Urb         , Cud         , Cud         , Rb          , Hhd         , Gg          , Ce          , Gg          , Gg          , Gs^Vh       , Gs^Vh       , Gg          , Rp          , Ww          , Wo          , Ww          , Ch          , Rrc         , Rrc         , Rrc         , Gg^Vhc      , Ww          , Wo          , Wo          , Ww          , Ww^Bsb|     , Rrc         , Ww          , Gg^Vhc      , Ww          , Ch          , Kh          , Ch          , Ww          , Ww          , Ww          , Rp          , Ce          , Re          , Gg          , Gg          , Gg          , Gg          , Gg^Eff      , Gg^Eff      , Gg^Gvs      , Gg^Gvs      , Gg^Gvs      , Gg^Gvs      , Gg^Gvs      , Gg^Gvs      , Gg^Gvs      , Gg^Eff      , Gg^Eff      , Gg          , Gg          , Gg          
Mm^Xm       , Xu          , Xu          , Urb         , Xu          , Xu          , Xu          , Cud         , Rb          , Gg          , Gg          , Ce          , Re          , Gg          , Gg          , Gg          , Gg          , Rp          , Ww          , Ww          , Rrc         , Rrc         , Ch          , Gg^Vhc      , Gg          , Rrc         , Ww          , Ww          , Ww          , Wo          , Wo^Bsb|     , Ww          , Wo          , Ww          , Ww          , Ww          , Ww          , Ch          , Ww          , Wo          , Ww          , Re          , Ce          , Re          , Gg          , Gg          , Gg^Eff      , Gg^Eff      , Gg^Gvs      , Gg^Gvs      , Gg^Gvs      , Gg^Gvs      , Gg^Gvs      , Gg^Gvs      , Gg^Gvs      , Gg^Gvs      , Gg^Gvs      , Gg^Gvs      , Gg^Gvs      , Gg^Eff      , Gg^Eff      , Gg          
Mm^Xm       , Mm^Xm       , Mm          , Hh          , Mm^Xm       , Mm^Xm       , Hh          , Rb          , Gg          , Gg          , Ce          , Re          , Gg          , Gg          , Gg          , Gg          , Gs^Vh       , Rp          , Ww          , Ww          , Rrc         , Ch          , Kh          , Ch          , Ww          , Ww^Bsb|     , Ww          , Ww          , Ch          , Ww          , Ww^Bsb|     , Wo          , Ww          , Ww          , Ch          , Ww          , Ww          , Ww          , Wo          , Ww          , Gg          , Re          , Re          , Gg          , Gg^Eff      , Gg^Eff      , Gg^Gvs      , Gg^Gvs      , Gg^Gvs      , Gg^Gvs      , Gg^Gvs      , Gg^Gvs      , Gg^Gvs      , Gg^Gvs      , Gg^Gvs      , Gg^Gvs      , Gg^Gvs      , Gg^Gvs      , Gg^Eff      , Gg^Eff      , Gg          , Gg          
Hhd         , Mm          , Hhd         , Hh          , Hh          , Hh          , Gg          , Gg          , Gg          , Re          , Ce          , Ce          , Gg          , Gg          , Gs^Vh       , Gs^Vh       , Gs^Vh       , Rp          , Ww          , Ww          , Ww          , Ch          , Ww          , Ww          , Ww          , Ww^Bsb|     , Ch          , Rrc         , Gg          , Ch          , Rrc         , Ww          , Ch          , Rrc         , Gs^Fds      , Ch          , Rrc         , Ww          , Ww          , Ww          , Gg          , Rp          , Ce          , Re          , Gg          , Gg^Eff      , Gg^Eff      , Gg^Gvs      , Gg^Gvs      , Gg^Gvs      , Gg^Gvs      , Gg^Gvs      , Gg^Gvs      , Gg^Gvs      , Gg^Gvs      , Gg^Gvs      , Gg^Eff      , Gg^Eff      , Gg          , Gg          , Gg          , Gg          
Gg          , Hhd         , Gg          , Gg          , Gg          , Gg          , Ce          , Ce          , Ce          , Re          , Gg          , Gg          , Gg^Eff      , Gg^Eff      , Gg^Eff      , Gs^Vh       , Gg          , Rp          , Rp          , Ww          , Ww          , Ww          , Wo          , Ww          , Ch          , Rrc         , Gg          , Gg          , Gs^Fds      , Gg          , Rrc         , Ch          , Gg          , Gg          , Gg          , Gs^Fds      , Gg          , Ch          , Ww          , Ww          , Gg          , Rp          , Re          , Ce          , Gg          , Gg          , Gg          , Gg^Eff      , Gg^Eff      , Gg^Gvs      , Gg^Gvs      , Gg^Gvs      , Gg^Gvs      , Gg^Gvs      , Gg^Eff      , Gg^Eff      , Gg          , Gg          , Gg          , Gg          , Gg          , Gg          
Gg          , Gg          , Gg          , Gs^Fms      , Gg          , Gg          , Ce          , Ce          , Gg          , Re          , Gg^Eff      , Gg^Eff      , Gg^Gvs      , Gg^Gvs      , Gg^Gvs      , Gg^Eff      , Gg^Eff      , Cud         , Gg          , Rp          , Rp          , Ww          , Ww          , Ww          , Rrc         , Rrc         , Rrc         , Gg^Vhc      , Gs^Fds      , Gg          , Gg          , Rrc         , Rrc         , Gg^Vhc      , Gs^Fds      , Gg          , Gg          , Ch          , Ww          , Ww          , Ww          , Rp          , Re          , Ce          , Gg          , Gg          , Gg          , Gg          , Gg          , Gg^Eff      , Gg^Eff      , Gg^Gvs      , Gg^Eff      , Gg^Eff      , Gg          , Gg          , Gg          , Gg          , Gg          , Gg          , Gg          , Gg          
Gg          , Gs^Fms      , Gs^Fms      , Gs^Fms      , Re          , Re          , Re          , Gg          , Gg^Eff      , Gg^Eff      , Gg^Gvs      , Gg^Gvs      , Gg^Gvs      , Gg^Gvs      , Gg^Gvs      , Gg^Gvs      , Gg^Gvs      , Gg^Eff      , Gg^Eff      , Gg          , Gg          , Rp          , Ww          , Ww          , Ch          , Gg^Vhc      , Gg          , Rrc         , Rrc         , Gs^Fds      , Gg          , Gg^Vhc      , Rrc         , Gg          , Gs^Fds      , Gg^Vhc      , Gg          , Rrc         , Ch          , Ww          , Ww          , Rp          , Gg          , Re          , Gg          , Gg          , Gg          , Gg          , Gll^Fp      , Gg          , Gg          , Gg^Eff      , Gg          , Gg          , Gll^Fp      , Gs^Fms      , Gs          , Gg          , Gg          , Gg          , Gg          , Gg          
Gg          , Gs^Fms      , Gs^Fms      , Gg          , Re          , Ce          , Ce          , Gg^Eff      , Gg^Eff      , Gg^Gvs      , Gg^Gvs      , Gg^Gvs      , Gg^Gvs      , Gg^Gvs      , Gg^Gvs      , Gg^Gvs      , Gg^Gvs      , Gg^Gvs      , Gg^Eff      , Gg^Eff      , Rp          , Rp          , Ww          , Ww          , Ww          , Ch          , Gg          , Gg          , Gg          , Rrc         , Gg^Vhc      , Gg          , Rrc         , Gg          , Gg          , Gs^Fds      , Gg          , Gg          , Ch          , Ww          , Ww          , Rp          , Rp          , Re          , Re          , Gg          , Gll^Fp      , Gs^Fms      , Gs          , Gs          , Gll^Fp      , Gll^Fp      , Gs^Fms      , Gs          , Gs          , Gs          , Gs          , Gll^Fp      , Gs          , Gll^Fp      , Gs^Fms      , Gg          
Gg          , Gg          , Gg          , Gg          , Re          , Ce          , Gg          , Gg          , Gg^Eff      , Gg^Eff      , Gg^Eff      , Gg^Gvs      , Gg^Gvs      , Gg^Gvs      , Gg^Gvs      , Gg^Gvs      , Gg^Eff      , Gg^Eff      , Gg          , Cud         , Rp          , Ww          , Wo          , Wo          , Ww          , Rrc         , Gg          , Gg^Vhc      , Gs^Fds      , Rrc         , Rrc         , Rrc         , Ch          , Rrc         , Rrc         , Gg          , Gg          , Gs^Fds      , Rrc         , Ww          , Ww          , Ww          , Rp          , Ce          , Re          , Gg          , Gll^Fp      , Gs          , Gs^Fms      , Gs          , Gs^Fds      , Gs^Fds      , Gs^Fds      , Gs^Fms      , Gs          , Gll^Fp      , Gs          , Gll^Fp      , Gs^Fms      , Gs          , Gs          , Gg          
Gg          , Gg          , Ce          , Ce          , Gg          , Gg          , Gg^Eff      , Gg^Eff      , Gg^Gvs      , Gg^Gvs      , Gg^Gvs      , Gg^Eff      , Gg^Eff      , Gg^Gvs      , Gg^Eff      , Gg^Eff      , Gs^Vh       , Gs^Vh       , Gs^Vh       , Gg          , Rp          , Ww^Bsb\     , Wo^Bsb\     , Ww          , Ch          , Rrc         , Gg          , Gs^Fds      , Gg^Vhc      , Gg          , Rrc         , Ch          , 1 Kh        , Ch          , Rrc         , Gg^Vhc      , Gs^Fds      , Gs^Fds      , Rrc         , Ch          , Ww^Bsb/     , Ww^Bsb/     , Rp          , Ce          , Re          , Gg          , Gg          , Gs          , Gll^Fp      , Gs^Fds      , Wwf         , Wwf         , Wwf         , Gs^Fds      , Gs          , Gs^Fms      , Gll^Fp      , Gs          , Gs          , Gs          , Gs          , Gs          
Gg          , Gg          , Re          , Ce          , Re          , Gg^Eff      , Gg^Eff      , Gg^Gvs      , Gg^Gvs      , Gg^Gvs      , Gg^Gvs      , Gg^Gvs      , Gg^Gvs      , Gg^Eff      , Gg^Eff      , Gg          , Gg          , Gs^Vh       , Rp          , Rp          , Ww          , Ww          , Wo          , Ww^Bsb\     , Rrc         , Gg^Vhc      , Gg          , Gs^Fds      , Rrc         , Rrc         , Rrc         , Ch          , Ch          , Ch          , Rrc         , Rrc         , Rrc         , Rrc         , Gg^Vhc      , Rrc         , Ww          , Ww          , Rp          , Gg          , Re          , Gg          , Gg          , Gll^Fp      , Gs^Fms      , Gs^Fds      , Wwf         , Gg^Fet      , Wwf         , Gs^Fds      , Gll^Fp      , Gs          , Gs          , Gs          , Gs          , Gll^Fp      , Gs          , Gs          
Gg          , Gg          , Gg          , Re          , Re          , Gg          , Gg          , Gg^Eff      , Gg^Eff      , Gg^Gvs      , Gg^Gvs      , Gg^Gvs      , Gg^Gvs      , Gg^Gvs      , Gg^Eff      , Gg^Eff      , Rp          , Rp          , Ww          , Ww          , Wo          , Wo          , Ww          , Ww          , Rrc         , Rrc         , Rrc         , Rrc         , Gg^Vhc      , Gg          , Gg          , Rrc         , Rrc         , Rrc         , Gg          , Gg          , Gg          , Gg          , Gg          , Ch          , Ww          , Ww          , Rp          , Re          , Gg          , Gg          , Gs^Fms      , Gs          , Gs          , Gs^Fds      , Gs^Fds      , Wwf         , Gs^Fds      , Gs^Fds      , Gs^Fms      , Gs          , Gll^Fp      , Gs^Fms      , Gs          , Gs          , Gs          , Gs          
Gg          , Gs^Fms      , Gs^Fms      , Gg          , Re          , Ce          , Ce          , Gg          , Re          , Gg^Eff      , Gg^Eff      , Gg^Gvs      , Gg^Eff      , Gg^Eff      , Gg          , Cud         , Rp          , Ww          , Ww          , Ww          , Ww          , Wo          , Ww          , Rrc         , Gg          , Gs^Fds      , Rrc         , Gg          , Gg          , Gg          , Gg^Vhc      , Rrc         , Gg          , Gg^Vhc      , Gs^Fds      , Gg          , Gg^Vhc      , Gs^Fds      , Gg          , Ch          , Ww          , Ww          , Rp          , Ce          , Re          , Gg          , Gll^Fp      , Gll^Fp      , Gs          , Gll^Fp      , Gll^Fp      , Gs^Fds      , Gs          , Gs^Fms      , Gs          , Gs          , Gll^Fp      , Gs          , Gs^Fms      , Gll^Fp      , Gs          , Gs          
Gg          , Gs^Fms      , Gs^Fms      , Gg          , Gg          , Re          , Re          , Re          , Ce          , Re          , Re          , Gg^Eff      , Gg          , Gg          , Gs^Vh       , Rp          , Ww          , Ww          , Ww          , Rrc         , Rrc         , Ww          , Ww          , Rrc         , Gg^Vhc      , Gg          , Rrc         , Gg          , Gg^Vhc      , Gs^Fds      , Gs^Fds      , Rrc         , Gg          , Gs^Fds      , Gs^Fds      , Gg          , Gs^Fds      , Gs^Fds      , Gg          , Rrc         , Ww          , Ww          , Re          , Ce          , Re          , Gg          , Gg          , Gs          , Gs^Fms      , Gs          , Gs^Fms      , Gs          , Gs^Fms      , Gs          , Gll^Fp      , Gs          , Gs          , Gs          , Gs          , Gs          , Gs          , Gs          
Gg          , Gg          , Gs^Fms      , Gs^Fms      , Gs^Fms      , Gg          , Gg          , Gg          , Ce          , Ce          , Re          , Gg          , Gg          , Gs^Vh       , Rp          , Rp          , Ww          , Ww          , Ch          , Ch          , Rrc         , Ww          , Ww          , Ch          , Rrc         , Rrc         , Gg          , Rrc         , Rrc         , Gs^Fds      , Rrc         , Rrc         , Rrc         , Gg          , Gg          , Gg          , Gg          , Gg^Vhc      , Ch          , Ch          , Ww          , Ww          , Ww          , Re          , Rp          , Gg          , Gg          , Gg          , Gg          , Gg          , Gg          , Gs          , Gg          , Gll^Fp      , Gg          , Gs          , Gs^Fms      , Gll^Fp      , Gg          , Gs^Fms      , Gg          , Gs          
Gg          , Gg          , Gg          , Gs^Fms      , Gg          , Gg          , Gs^Fms      , Gg          , Gg          , Gg          , Ce          , Ce          , Re          , Rp          , Ww          , Ww          , Ww          , Ww          , Gg          , Gg          , Rrc         , Ww          , Wo^Bsb/     , Ww^Bsb/     , Ch          , Gg          , Gs^Fds      , Gg^Vhc      , Gs^Fds      , Rrc         , Gg          , Gg^Vhc      , Gg          , Rrc         , Rrc         , Ch          , Ch          , Rrc         , Ww          , Ww          , Ww          , Wo          , Wo          , Ww          , Gg          , Rp          , Gg          , Gg          , Gs^Fds      , Gg          , Gs^Fds      , Gg          , Gg          , Gg          , Gs^Fds      , Gg          , Gg          , Gg          , Gg          , Gg          , Gg          , Gg          
Hhd         , Hhd         , Hhd         , Gg          , Hh          , Gg          , Gg          , Gg          , Gg          , Gg          , Gg          , Ce          , Re          , Re          , Ww          , Wo          , Ww          , Ch          , Gg^Vhc      , Gg^Vhc      , Rrc         , Ww^Bsb/     , Wo          , Ww          , Ww          , Ch          , Rrc         , Gs^Fds      , Ch          , Rrc         , Ch          , Gg          , Rrc         , Ch          , Ww          , Ww^Bsb\     , Ww^Bsb\     , Ww          , Ww          , Ww          , Ch          , Ww          , Ww          , Ww          , Gg          , Rp          , Gg          , Gg          , Gs^Fds      , Gg          , Gg          , Gs^Fds      , Gg          , Gs^Fds      , Gg          , Gg          , Gs^Fds      , Gg          , Gg          , Gg          , Gg          , Gg          
Mm          , Mm          , Mm^Xm       , Hh          , Hhd         , Hh          , Hh          , Hh          , Hhd         , Gg          , Hhd         , Gg          , Cud         , Rp          , Ww          , Wo          , Ww          , Ch          , Rrc         , Rrc         , Rrc         , Ww          , Ww          , Wo          , Ww          , Ww          , Ww          , Ch          , Ww          , Ww^Bsb|     , Ww          , Ch          , Ww          , Ww          , Wo          , Wo          , Ww          , Ww^Bsb\     , Rrc         , Gg^Vhc      , Rrc         , Rrc         , Ww          , Ww          , Gg          , Rp          , Gg          , Gg          , Gg          , Gg          , Gs^Fds      , Gg          , Gs^Fds      , Gg          , Gg          , Gs^Fds      , Gg          , Gg          , Gs^Fds      , Gg          , Gg          , Gg          
Mm          , Mm          , Mm          , Mm^Xm       , Mm^Xm       , Hhd         , Hh          , Hhd         , Mm^Xm       , Hhd         , Mm          , Hh          , Hh          , Rp          , Rp          , Ww          , Ww          , Ww          , Ch          , Ch          , Ch          , Rrc         , Rrc         , Ww          , Ww          , Wo          , Wo          , Ww          , Wo          , Wo^Bsb|     , Ww          , Ww          , Ww          , Wo          , Wo          , Ww          , Ch          , Rrc         , Gg          , Rrc         , Rrc         , Ch          , Ww          , Ww          , Rp          , Rp          , Gg          , Gg          , Gs^Fds      , Gg          , Gg          , Gg          , Gg          , Gs^Fds      , Gg          , Gg          , Gg          , Gg          , Gg          , Gs^Fds      , Gg          , Gg          
Mm          , Mm^Xm       , Mm^Xm       , Mm          , Mm          , Mm^Xm       , Hh          , Mm          , Mm          , Mm          , Mm          , Mm^Xm       , Mm^Xm       , Hh          , Hh          , Rp          , Ww          , Ww          , Ww          , Kh          , Ch          , Ch          , Rrc         , Ch          , Ww          , Ww          , Ww          , Wo          , Ww          , Ww^Bsb|     , Ww          , Wo          , Wo          , Ww          , Ww          , Ww          , Rrc         , Rrc         , Gg^Vhc      , Gg          , Rrc         , Ww          , Wo          , Ww          , Gg          , Rp          , Gg          , Gg          , Gs^Fds      , Gs^Fds      , Gg          , Gs^Fds      , Gg          , Gg          , Gs^Fds      , Gs^Fds      , Gg          , Gs^Fds      , Gg          , Gg          , Gg          , Gg          
Mm          , Mm          , Mm          , Mm^Xm       , Mm          , Mm          , Hh          , Mm          , Mm^Xm       , Mm          , Mm          , Mm          , Mm          , Mm^Xm       , Mm          , Hhd         , Hhd         , Ww          , Ww          , Ww          , Ww          , Ww          , Ww          , Ww          , Ww          , Ww          , Rp          , Ww          , Rp          , Rp          , Re          , Ww          , Ww          , Wo          , Ww          , Ww          , Ww          , Ch          , 8 Kh        , Gg          , Rrc         , Ww          , Ww          , Ww          , Gg          , Rp          , Gg          , Gg          , Gg          , Gg          , Gg          , Gs^Fds      , Gs^Fds      , Gg          , Gg          , Gg          , Gg          , Gs^Fds      , Gg          , Gs^Fds      , Gg          , Gg          
Mm          , Mm          , Mm          , Mm          , Mm          , Mm          , Hh          , Mm          , Mm          , Mm^Xm       , Mm^Xm       , Mm          , Mm          , Mm          , Mm          , Mm          , Hhd         , Gg          , Gg          , Ww          , Ww          , Wo          , Ww          , Ww          , Gg          , Rp          , Gg          , Rp^Vc       , Gg          , Re          , Ce          , Re          , Ww          , Wo          , Ww          , Wo          , Ww          , Ch          , Ch          , Ch          , Ww          , Ww          , Ww          , Gg          , Rp          , Rp          , Gg          , Gs^Fds      , Gs^Fds      , Gg          , Gs^Fds      , Gg          , Gg          , Gg          , Gs^Fds      , Gg          , Rb          , Gg          , Rb          , Gg          , Gg          , Gg          
Mm          , Mm^Xm       , Mm^Xm       , Mm          , Hh          , Mm          , Mm          , Mm          , Mm          , Mm          , Mm          , Mm          , Mm          , Mm          , Mm          , Mm          , Mm          , Hh          , Hh          , Gg          , Gg          , Ww          , Gg          , Gg          , Re          , Re          , Ce          , Gg          , Re          , Ce          , Ce          , Gg          , Gg          , Ww          , Ww          , Wo          , Wo          , Ww          , Ww          , Ww          , Wo          , Ww          , Gg          , Rp          , Gg          , Gg          , Gg          , Gg          , Gs^Fds      , Gg          , Gs^Fds      , Gg          , Gg          , Gs^Fds      , Gg          , Rb          , Ce          , Ce          , Ce          , Rb          , Gg          , Gg          
Mm          , Mm          , Mm          , Mm^Xm       , Hh          , Hh          , Mm^Xm       , Mm^Xm       , Mm          , Mm          , Mm^Xm       , Mm          , Mm          , Mm^Xm       , Mm^Xm       , Mm          , Mm          , Mm          , Hh          , Gg          , Gs^Fms      , Gg          , Gs^Fms      , Gg          , Gg          , Ce          , Ce          , Ce          , Re          , Ce          , Gg          , Gg          , Gs^Fms      , Gg          , Gg          , Ww          , Ww          , Wo          , Wo          , Ww          , Ww          , Ww          , Gg          , Ce          , Gg          , Gg          , Gs^Fds      , Gg          , Gg          , Gg          , Gg          , Gs^Fds      , Gg          , Gg          , Gg          , Rb          , Ce          , 6 Ke        , Ce          , Rb          , Gg          , Gg          
Mm          , Mm^Xm       , Mm^Xm       , Mm          , Ce          , Mm^Xm       , Mm^Xm       , Mm          , Mm^Xm       , Mm          , Mm          , Mm^Xm       , Mm^Xm       , Mm          , Mm          , Mm^Xm       , Mm          , Mm          , Hhd         , Gg          , Gs^Fms      , Gs^Fms      , Gs^Fms      , Gg          , Gg          , Gg          , Gg          , Re          , Gg          , Gg          , Gg          , Gs^Fms      , Gs^Fms      , Gs^Fms      , Gs^Fms      , Gg          , Gg          , Ww          , Ww          , Wo          , Wo          , Ww          , Ww          , Gg          , Gg          , Gs^Fds      , Gs^Fds      , Gg          , Gs^Fds      , Gg          , Gg          , Gg          , Rb          , Rb          , Ce          , Rb          , Rb          , Ce          , Rb          , Rb          , Gg          , Gg          
Mm          , Mm          , Mm          , Mm^Xm       , Ce          , Ce          , Ce          , Mm^Xm       , Mm^Xm       , Mm          , Mm          , Mm          , Mm          , Mm          , Mm          , Mm          , Hh          , Mm          , Hhd         , Gg          , Gg          , Gs          , Gs          , Gg          , Gg          , Gs          , Gs          , Gg          , Gg          , Gs^Fms      , Gg          , Gg          , Gs          , Gs^Fms      , Gs          , Gg          , Gg          , Gs          , Gs          , Ww          , Ww          , Ww          , Wo          , Ww          , Ww          , Gg          , Gg          , Gg          , Gs^Fds      , Gs^Fds      , Gg          , Gg          , Rb          , Ce          , Rb          , Ce          , Rb          , Rb          , Rb          , Gg          , Gg          , Gg          
Mm          , Mm^Xm       , Hh          , Hh          , Ce          , 4 Ke        , Ce          , Mm          , Hh          , Mm          , Hh          , Mm          , Hh          , Hh          , Hh          , Mm          , Hh          , Hh          , Gg          , Gg          , Gg          , Gs          , Gs^Fms      , Gg          , Gg          , Gs^Fms      , Gs^Fms      , Gg          , Gs          , Gs^Fms      , Gs^Fms      , Gg          , Gg          , Gs          , Gg          , Gg          , Gs^Fms      , Gs^Fms      , Gs          , Gg          , Gg          , Ww          , Ww          , Wo          , Ww          , Ww          , Ww          , Gg          , Gg          , Gg          , Gg          , Gs^Fds      , Gg          , Rb          , Ce          , Rb          , Rb          , Ce          , Ce          , Gg          , Gg          , Gg          
Mm          , Mm          , Mm          , Hh          , Mm^Xm       , Ce          , Hh          , Mm^Xm       , Mm^Xm       , Hh          , Mm          , Mm          , Mm^Xm       , Mm          , Mm          , Mm          , Mm          , Hh          , Hh          , Gg          , Gs          , Gs^Fms      , Gs^Fms      , Gg          , Gg          , Gg          , Gs^Fms      , Gs^Fms      , Gs          , Gg          , Gg          , Gg          , Gs^Fms      , Gs^Fms      , Gg          , Gs          , Gs          , Gs^Fms      , Gs          , Gg          , Gg          , Gg          , Gs          , Ww          , Ww          , Wo          , Ww          , Gg          , Gg          , Gg          , Rb          , Gg          , Rb          , Ce          , 3 Ke        , Ce          , Rb          , Rb          , Rb          , Gg          , Gg          , Gg          
Mm          , Mm          , Mm^Xm       , Mm          , Mm          , Mm^Xm       , Hh          , Hh          , Mm          , Mm^Xm       , Mm          , Mm          , Mm          , Mm^Xm       , Mm^Xm       , Mm          , Mm          , Mm          , Hhd         , Gg          , Gs          , Gs          , Gg          , Gg          , Gg          , Gs          , Gs          , Gs          , Gs^Fms      , Gg          , Gg          , Gs^Fms      , Gs^Fms      , Gg          , Gs^Fms      , Gg          , Gg          , Gg          , Gg          , Gg          , Gg          , Gs^Fms      , Gs^Fms      , Gs          , Ww          , Wo          , Ww          , Gg          , Gg          , Gg          , Rb          , Ce          , Rb          , Ce          , Ce          , Ce          , Ce          , Ce          , Ce          , Gg          , Gg          , Gg          
Mm          , Mm          , Mm          , Mm^Xm       , Mm^Xm       , Mm          , Mm          , Mm^Xm       , Mm          , Mm          , Mm^Xm       , Mm^Xm       , Mm          , Mm          , Mm          , Mm          , Hh          , Hh          , Hh          , Hhd         , Hh          , Gg          , Gg          , Gg          , Gs^Fms      , Gs^Fms      , Gg          , Gg          , Gs^Fms      , Gs          , Gg          , Gs^Fms      , Gg          , Gg          , Gs^Fms      , Gg          , Gg          , Gg          , Gs^Fms      , Gs^Fms      , Gs          , Gs          , Gs^Fms      , Gs          , Gg          , Ww          , Wo          , Ww          , Gg          , Gg          , Rb          , Ce          , Ce          , Rb          , Rb          , Rb          , Ce          , Ke          , Ce          , Rb          , Gg          , Gg          
Mm          , Mm          , Mm          , Mm          , Mm          , Mm          , Mm^Xm       , Mm          , Mm          , Mm^Xm       , Mm          , Mm          , Mm          , Mm          , Mm^Xm       , Mm          , Mm          , Mm          , Mm          , Hhd         , Hh          , Gg          , Gs^Fms      , Gs          , Gs^Fms      , Gs^Fms      , Gg          , Gs          , Gs          , Gs^Fms      , Gs          , Gs          , Gs^Fms      , Gg          , Gs          , Gs^Fms      , Gs          , Gg          , Gg          , Gs^Fms      , Gs          , Gg          , Gg          , Gg          , Gs          , Ww          , Ww          , Ww          , Ww          , Gg          , Gg          , Rb          , Gg          , Rb          , Ce          , Rb          , Rb          , Ce          , Rb          , Rb          , Gg          , Gg          
Mm          , Mm          , Mm          , Mm          , Mm^Xm       , Mm^Xm       , Mm          , Mm          , Mm          , Mm          , Mm^Xm       , Mm          , Mm          , Mm          , Mm          , Mm^Xm       , Mm^Xm       , Mm          , Mm          , Hh          , Gs^Fms      , Gs^Fms      , Gs          , Gs          , Gg          , Gs^Fms      , Gg          , Gg          , Gg          , Gs^Fms      , Gs          , Gs^Fms      , Gg          , Gg          , Gg          , Gs          , Gs^Fms      , Gg          , Gg          , Gs          , Gs^Fms      , Gg          , Gg          , Gs^Fms      , Gs^Fms      , Gs          , Ww          , Wo          , Wo          , Ww          , Ww          , Gg          , Gg          , Rb          , Rb          , Ce          , Gg          , Gg          , Gg          , Gg          , Gg          , Gg          
Mm          , Mm          , Mm          , Mm          , Mm          , Mm          , Mm^Xm       , Mm          , Mm          , Mm          , Mm          , Mm^Xm       , Mm^Xm       , Mm          , Mm          , Mm          , Mm          , Mm          , Hhd         , Hhd         , Hh          , Gs^Fms      , Gg          , Gg          , Gg          , Gs          , Gs          , Gs^Fms      , Gs^Fms      , Gs          , Gs^Fms      , Gg          , Gs^Fms      , Gs^Fms      , Gg          , Gg          , Gs          , Gs^Fms      , Gg          , Gg          , Gs          , Gs^Fms      , Gg          , Gs          , Gs^Fms      , Gs          , Gg          , Ww          , Ww          , Ww          , Wo          , Ww          , Ww          , Gg          , Ww          , Rb          , Gg          , Gg          , Gg          , Gg          , Gg          , Gg          
Mm          , Mm          , Mm          , Mm^Xm       , Mm^Xm       , Mm          , Mm          , Mm^Xm       , Mm^Xm       , Mm          , Mm          , Mm          , Mm          , Mm          , Mm^Xm       , Mm^Xm       , Mm          , Mm          , Hhd         , Hh          , Hhd         , Hhd         , Gg          , Gg          , Gs^Fms      , Gs^Fms      , Gs          , Gs^Fms      , Gs^Fms      , Gs^Fms      , Gs          , Gs          , Gs^Fms      , Gs          , Gg          , Gs^Fms      , Gs          , Gs^Fms      , Gg          , Gs^Fms      , Gs          , Gs^Fms      , Gg          , Gs          , Gg          , Gg          , Gs          , Gg          , Gs          , Ww          , Ww          , Wo          , Ww          , Ww          , Wo          , Ww          , Ww          , Gg          , Gg          , Gg          , Gg          , Gg          
Mm          , Mm^Xm       , Mm          , Mm          , Mm          , Mm^Xm       , Mm          , Mm          , Mm          , Mm          , Mm          , Mm          , Mm          , Mm^Xm       , Mm          , Mm          , Mm          , Mm          , Mm          , Hh          , Hhd         , Hh          , Gg          , Gg          , Gg          , Gs^Fms      , Gg          , Gg          , Gg          , Gg          , Gg          , Gg          , Gg          , Gs          , Gg          , Gs^Fms      , Gg          , Gg          , Gg          , Gs^Fms      , Gs^Fms      , Gs          , Gg          , Gg          , Gg          , Gs^Fms      , Gs^Fms      , Gs^Fms      , Gs          , Gg          , Gg          , Ww          , Ww          , Wo          , Wo          , Wo          , Ww          , Gg          , Gg          , Gg          , Gg          , Gg          
Mm          , Mm          , Mm          , Mm          , Mm          , Mm          , Mm          , Mm          , Mm          , Mm          , Mm          , Mm          , Mm          , Mm          , Mm          , Mm          , Mm          , Mm          , Mm          , Mm          , Hh          , Hh          , Gg          , Gg          , Gg          , Gg          , Gg          , Gg          , Gg          , Gg          , Gg          , Gg          , Gg          , Gg          , Gg          , Gg          , Gg          , Gg          , Gg          , Gg          , Gg          , Gg          , Gg          , Gg          , Gg          , Gg          , Gg          , Gg          , Gg          , Gg          , Gg          , Gg          , Gg          , Ww          , Ww          , Wo          , Ww          , Gg          , Gg          , Gg          , Gg          , Gg          
